<?xml version="1.0" encoding="ISO-8859-1" ?>
<link_info>
   <banner>TMS320C2000 Linker PC v22.6.1.LTS</banner>
   <copyright>Copyright (c) 1996-2018 Texas Instruments Incorporated</copyright>
   <link_time>0x664f1b4c</link_time>
   <link_errors>0x0</link_errors>
   <output_file>F280049C_Temp.out</output_file>
   <entry_point>
      <name>_c_int00</name>
      <address>0x8795</address>
   </entry_point>
   <input_file_list>
      <input_file id="fl-4">
         <path>.\3.device\source\</path>
         <kind>object</kind>
         <file>adc.obj</file>
         <name>adc.obj</name>
      </input_file>
      <input_file id="fl-5">
         <path>.\3.device\source\</path>
         <kind>object</kind>
         <file>asysctl.obj</file>
         <name>asysctl.obj</name>
      </input_file>
      <input_file id="fl-6">
         <path>.\3.device\source\</path>
         <kind>object</kind>
         <file>can.obj</file>
         <name>can.obj</name>
      </input_file>
      <input_file id="fl-7">
         <path>.\3.device\source\</path>
         <kind>object</kind>
         <file>cla.obj</file>
         <name>cla.obj</name>
      </input_file>
      <input_file id="fl-8">
         <path>.\3.device\source\</path>
         <kind>object</kind>
         <file>clapromcrc.obj</file>
         <name>clapromcrc.obj</name>
      </input_file>
      <input_file id="fl-9">
         <path>.\3.device\source\</path>
         <kind>object</kind>
         <file>clb.obj</file>
         <name>clb.obj</name>
      </input_file>
      <input_file id="fl-a">
         <path>.\3.device\source\</path>
         <kind>object</kind>
         <file>cmpss.obj</file>
         <name>cmpss.obj</name>
      </input_file>
      <input_file id="fl-b">
         <path>.\3.device\source\</path>
         <kind>object</kind>
         <file>cputimer.obj</file>
         <name>cputimer.obj</name>
      </input_file>
      <input_file id="fl-c">
         <path>.\3.device\source\</path>
         <kind>object</kind>
         <file>dac.obj</file>
         <name>dac.obj</name>
      </input_file>
      <input_file id="fl-d">
         <path>.\3.device\source\</path>
         <kind>object</kind>
         <file>dcc.obj</file>
         <name>dcc.obj</name>
      </input_file>
      <input_file id="fl-e">
         <path>.\3.device\source\</path>
         <kind>object</kind>
         <file>dcsm.obj</file>
         <name>dcsm.obj</name>
      </input_file>
      <input_file id="fl-f">
         <path>.\3.device\source\</path>
         <kind>object</kind>
         <file>dma.obj</file>
         <name>dma.obj</name>
      </input_file>
      <input_file id="fl-10">
         <path>.\3.device\source\</path>
         <kind>object</kind>
         <file>ecap.obj</file>
         <name>ecap.obj</name>
      </input_file>
      <input_file id="fl-11">
         <path>.\3.device\source\</path>
         <kind>object</kind>
         <file>epwm.obj</file>
         <name>epwm.obj</name>
      </input_file>
      <input_file id="fl-12">
         <path>.\3.device\source\</path>
         <kind>object</kind>
         <file>eqep.obj</file>
         <name>eqep.obj</name>
      </input_file>
      <input_file id="fl-13">
         <path>.\3.device\source\</path>
         <kind>object</kind>
         <file>erad.obj</file>
         <name>erad.obj</name>
      </input_file>
      <input_file id="fl-14">
         <path>.\3.device\source\</path>
         <kind>object</kind>
         <file>flash.obj</file>
         <name>flash.obj</name>
      </input_file>
      <input_file id="fl-15">
         <path>.\3.device\source\</path>
         <kind>object</kind>
         <file>fsi.obj</file>
         <name>fsi.obj</name>
      </input_file>
      <input_file id="fl-16">
         <path>.\3.device\source\</path>
         <kind>object</kind>
         <file>gpio.obj</file>
         <name>gpio.obj</name>
      </input_file>
      <input_file id="fl-17">
         <path>.\3.device\source\</path>
         <kind>object</kind>
         <file>hrcap.obj</file>
         <name>hrcap.obj</name>
      </input_file>
      <input_file id="fl-18">
         <path>.\3.device\source\</path>
         <kind>object</kind>
         <file>hrpwm.obj</file>
         <name>hrpwm.obj</name>
      </input_file>
      <input_file id="fl-19">
         <path>.\3.device\source\</path>
         <kind>object</kind>
         <file>i2c.obj</file>
         <name>i2c.obj</name>
      </input_file>
      <input_file id="fl-1a">
         <path>.\3.device\source\</path>
         <kind>object</kind>
         <file>interrupt.obj</file>
         <name>interrupt.obj</name>
      </input_file>
      <input_file id="fl-1b">
         <path>.\3.device\source\</path>
         <kind>object</kind>
         <file>lin.obj</file>
         <name>lin.obj</name>
      </input_file>
      <input_file id="fl-1c">
         <path>.\3.device\source\</path>
         <kind>object</kind>
         <file>memcfg.obj</file>
         <name>memcfg.obj</name>
      </input_file>
      <input_file id="fl-1d">
         <path>.\3.device\source\</path>
         <kind>object</kind>
         <file>pga.obj</file>
         <name>pga.obj</name>
      </input_file>
      <input_file id="fl-1e">
         <path>.\3.device\source\</path>
         <kind>object</kind>
         <file>pmbus.obj</file>
         <name>pmbus.obj</name>
      </input_file>
      <input_file id="fl-1f">
         <path>.\3.device\source\</path>
         <kind>object</kind>
         <file>sci.obj</file>
         <name>sci.obj</name>
      </input_file>
      <input_file id="fl-20">
         <path>.\3.device\source\</path>
         <kind>object</kind>
         <file>sdfm.obj</file>
         <name>sdfm.obj</name>
      </input_file>
      <input_file id="fl-21">
         <path>.\3.device\source\</path>
         <kind>object</kind>
         <file>spi.obj</file>
         <name>spi.obj</name>
      </input_file>
      <input_file id="fl-22">
         <path>.\3.device\source\</path>
         <kind>object</kind>
         <file>sysctl.obj</file>
         <name>sysctl.obj</name>
      </input_file>
      <input_file id="fl-23">
         <path>.\3.device\source\</path>
         <kind>object</kind>
         <file>version.obj</file>
         <name>version.obj</name>
      </input_file>
      <input_file id="fl-24">
         <path>.\3.device\source\</path>
         <kind>object</kind>
         <file>xbar.obj</file>
         <name>xbar.obj</name>
      </input_file>
      <input_file id="fl-25">
         <path>.\4.common\source\</path>
         <kind>object</kind>
         <file>device.obj</file>
         <name>device.obj</name>
      </input_file>
      <input_file id="fl-26">
         <path>.\4.common\source\</path>
         <kind>object</kind>
         <file>f28004x_adc.obj</file>
         <name>f28004x_adc.obj</name>
      </input_file>
      <input_file id="fl-27">
         <path>.\4.common\source\</path>
         <kind>object</kind>
         <file>f28004x_codestartbranch.obj</file>
         <name>f28004x_codestartbranch.obj</name>
      </input_file>
      <input_file id="fl-28">
         <path>.\4.common\source\</path>
         <kind>object</kind>
         <file>f28004x_cputimers.obj</file>
         <name>f28004x_cputimers.obj</name>
      </input_file>
      <input_file id="fl-29">
         <path>.\4.common\source\</path>
         <kind>object</kind>
         <file>f28004x_dbgier.obj</file>
         <name>f28004x_dbgier.obj</name>
      </input_file>
      <input_file id="fl-2a">
         <path>.\4.common\source\</path>
         <kind>object</kind>
         <file>f28004x_dcsm_z1otp.obj</file>
         <name>f28004x_dcsm_z1otp.obj</name>
      </input_file>
      <input_file id="fl-2b">
         <path>.\4.common\source\</path>
         <kind>object</kind>
         <file>f28004x_dcsm_z2otp.obj</file>
         <name>f28004x_dcsm_z2otp.obj</name>
      </input_file>
      <input_file id="fl-2c">
         <path>.\4.common\source\</path>
         <kind>object</kind>
         <file>f28004x_defaultisr.obj</file>
         <name>f28004x_defaultisr.obj</name>
      </input_file>
      <input_file id="fl-2d">
         <path>.\4.common\source\</path>
         <kind>object</kind>
         <file>f28004x_dma.obj</file>
         <name>f28004x_dma.obj</name>
      </input_file>
      <input_file id="fl-2e">
         <path>.\4.common\source\</path>
         <kind>object</kind>
         <file>f28004x_gpio.obj</file>
         <name>f28004x_gpio.obj</name>
      </input_file>
      <input_file id="fl-2f">
         <path>.\4.common\source\</path>
         <kind>object</kind>
         <file>f28004x_piectrl.obj</file>
         <name>f28004x_piectrl.obj</name>
      </input_file>
      <input_file id="fl-30">
         <path>.\4.common\source\</path>
         <kind>object</kind>
         <file>f28004x_pievect.obj</file>
         <name>f28004x_pievect.obj</name>
      </input_file>
      <input_file id="fl-31">
         <path>.\4.common\source\</path>
         <kind>object</kind>
         <file>f28004x_spi.obj</file>
         <name>f28004x_spi.obj</name>
      </input_file>
      <input_file id="fl-32">
         <path>.\4.common\source\</path>
         <kind>object</kind>
         <file>f28004x_sysctrl.obj</file>
         <name>f28004x_sysctrl.obj</name>
      </input_file>
      <input_file id="fl-33">
         <path>.\4.common\source\</path>
         <kind>object</kind>
         <file>f28004x_usdelay.obj</file>
         <name>f28004x_usdelay.obj</name>
      </input_file>
      <input_file id="fl-34">
         <path>.\5.headers\source\</path>
         <kind>object</kind>
         <file>f28004x_globalvariabledefs.obj</file>
         <name>f28004x_globalvariabledefs.obj</name>
      </input_file>
      <input_file id="fl-35">
         <path>.\6.user\</path>
         <kind>object</kind>
         <file>led.obj</file>
         <name>led.obj</name>
      </input_file>
      <input_file id="fl-36">
         <path>.\6.user\</path>
         <kind>object</kind>
         <file>main.obj</file>
         <name>main.obj</name>
      </input_file>
      <input_file id="fl-3c">
         <path>..\2.math_lib\</path>
         <kind>archive</kind>
         <file>rts2800_fpu32_eabi.lib</file>
         <name>boot28.asm.obj</name>
      </input_file>
      <input_file id="fl-3e">
         <kind>object</kind>
         <file>&lt;internal&gt;</file>
         <name>&lt;internal&gt;</name>
      </input_file>
      <input_file id="fl-3f">
         <path>..\2.math_lib\</path>
         <kind>archive</kind>
         <file>rts2800_fpu32_eabi.lib</file>
         <name>pre_init.c.obj</name>
      </input_file>
      <input_file id="fl-40">
         <path>..\2.math_lib\</path>
         <kind>archive</kind>
         <file>rts2800_fpu32_eabi.lib</file>
         <name>autoinit.c.obj</name>
      </input_file>
      <input_file id="fl-41">
         <path>..\2.math_lib\</path>
         <kind>archive</kind>
         <file>rts2800_fpu32_eabi.lib</file>
         <name>copy_zero_init.c.obj</name>
      </input_file>
      <input_file id="fl-42">
         <path>..\2.math_lib\</path>
         <kind>archive</kind>
         <file>rts2800_fpu32_eabi.lib</file>
         <name>copy_decompress_none.c.obj</name>
      </input_file>
      <input_file id="fl-43">
         <path>..\2.math_lib\</path>
         <kind>archive</kind>
         <file>rts2800_fpu32_eabi.lib</file>
         <name>copy_decompress_lzss.c.obj</name>
      </input_file>
      <input_file id="fl-44">
         <path>..\2.math_lib\</path>
         <kind>archive</kind>
         <file>rts2800_fpu32_eabi.lib</file>
         <name>exit.c.obj</name>
      </input_file>
      <input_file id="fl-45">
         <path>..\2.math_lib\</path>
         <kind>archive</kind>
         <file>rts2800_fpu32_eabi.lib</file>
         <name>_lock.c.obj</name>
      </input_file>
      <input_file id="fl-46">
         <path>..\2.math_lib\</path>
         <kind>archive</kind>
         <file>rts2800_fpu32_eabi.lib</file>
         <name>args_main.c.obj</name>
      </input_file>
      <input_file id="fl-47">
         <path>..\2.math_lib\</path>
         <kind>archive</kind>
         <file>rts2800_fpu32_eabi.lib</file>
         <name>memset.c.obj</name>
      </input_file>
      <input_file id="fl-48">
         <path>..\2.math_lib\</path>
         <kind>archive</kind>
         <file>rts2800_fpu32_eabi.lib</file>
         <name>cpy_tbl.c.obj</name>
      </input_file>
      <input_file id="fl-49">
         <path>..\2.math_lib\</path>
         <kind>archive</kind>
         <file>rts2800_fpu32_eabi.lib</file>
         <name>memcpy.c.obj</name>
      </input_file>
      <input_file id="fl-4a">
         <path>..\2.math_lib\</path>
         <kind>archive</kind>
         <file>rts2800_fpu32_eabi.lib</file>
         <name>startup.c.obj</name>
      </input_file>
      <input_file id="fl-56">
         <path>D:\ti\ccs1250\ccs\tools\compiler\ti-cgt-c2000_22.6.1.LTS\lib\</path>
         <kind>archive</kind>
         <file>rts2800_fpu32_eabi.lib</file>
         <name>ll_cmp28.asm.obj</name>
      </input_file>
   </input_file_list>
   <object_component_list>
      <object_component id="oc-ab">
         <name>codestart</name>
         <load_address>0x0</load_address>
         <run_address>0x0</run_address>
         <size>0x2</size>
         <input_file_ref idref="fl-27"/>
      </object_component>
      <object_component id="oc-18b">
         <name>.TI.ramfunc</name>
         <load_address>0xf6</load_address>
         <run_address>0xf6</run_address>
         <size>0x4</size>
         <input_file_ref idref="fl-22"/>
      </object_component>
      <object_component id="oc-c0">
         <name>.text:retain</name>
         <load_address>0x8000</load_address>
         <run_address>0x8000</run_address>
         <size>0x4b3</size>
         <input_file_ref idref="fl-2c"/>
      </object_component>
      <object_component id="oc-1af">
         <name>.text</name>
         <load_address>0x84b3</load_address>
         <run_address>0x84b3</run_address>
         <size>0x1eb</size>
         <input_file_ref idref="fl-16"/>
      </object_component>
      <object_component id="oc-8d">
         <name>.text:decompress:lzss</name>
         <load_address>0x869e</load_address>
         <run_address>0x869e</run_address>
         <size>0x2e</size>
         <input_file_ref idref="fl-43"/>
      </object_component>
      <object_component id="oc-145">
         <name>.text</name>
         <load_address>0x86cc</load_address>
         <run_address>0x86cc</run_address>
         <size>0x2e</size>
         <input_file_ref idref="fl-36"/>
      </object_component>
      <object_component id="oc-115">
         <name>.text:__TI_auto_init_nobinit_nopinit</name>
         <load_address>0x86fa</load_address>
         <run_address>0x86fa</run_address>
         <size>0x2b</size>
         <input_file_ref idref="fl-40"/>
      </object_component>
      <object_component id="oc-9f">
         <name>.text:retain</name>
         <load_address>0x8725</load_address>
         <run_address>0x8725</run_address>
         <size>0x2a</size>
         <input_file_ref idref="fl-1a"/>
      </object_component>
      <object_component id="oc-ed">
         <name>.text</name>
         <load_address>0x874f</load_address>
         <run_address>0x874f</run_address>
         <size>0x29</size>
         <input_file_ref idref="fl-44"/>
      </object_component>
      <object_component id="oc-cc">
         <name>.text</name>
         <load_address>0x8778</load_address>
         <run_address>0x8778</run_address>
         <size>0x1d</size>
         <input_file_ref idref="fl-49"/>
      </object_component>
      <object_component id="oc-9a">
         <name>.text</name>
         <load_address>0x8795</load_address>
         <run_address>0x8795</run_address>
         <size>0x17</size>
         <input_file_ref idref="fl-3c"/>
      </object_component>
      <object_component id="oc-185">
         <name>.text</name>
         <load_address>0x87ac</load_address>
         <run_address>0x87ac</run_address>
         <size>0x15</size>
         <input_file_ref idref="fl-35"/>
      </object_component>
      <object_component id="oc-e7">
         <name>.text</name>
         <load_address>0x87c1</load_address>
         <run_address>0x87c1</run_address>
         <size>0xc</size>
         <input_file_ref idref="fl-46"/>
      </object_component>
      <object_component id="oc-193">
         <name>.text</name>
         <load_address>0x87cd</load_address>
         <run_address>0x87cd</run_address>
         <size>0x9</size>
         <input_file_ref idref="fl-45"/>
      </object_component>
      <object_component id="oc-93">
         <name>.text:decompress:none</name>
         <load_address>0x87d6</load_address>
         <run_address>0x87d6</run_address>
         <size>0x8</size>
         <input_file_ref idref="fl-42"/>
      </object_component>
      <object_component id="oc-f7">
         <name>.text</name>
         <load_address>0x87de</load_address>
         <run_address>0x87de</run_address>
         <size>0x8</size>
         <input_file_ref idref="fl-27"/>
      </object_component>
      <object_component id="oc-e0">
         <name>.text</name>
         <load_address>0x87e6</load_address>
         <run_address>0x87e6</run_address>
         <size>0x2</size>
         <input_file_ref idref="fl-3f"/>
      </object_component>
      <object_component id="oc-16a">
         <name>.text</name>
         <load_address>0x87e8</load_address>
         <run_address>0x87e8</run_address>
         <size>0x1</size>
         <input_file_ref idref="fl-4a"/>
      </object_component>
      <object_component id="oc-1a9">
         <name>.text</name>
         <load_address>0x8800</load_address>
         <run_address>0x8800</run_address>
         <size>0x403</size>
         <input_file_ref idref="fl-22"/>
      </object_component>
      <object_component id="oc-1b5">
         <name>.text</name>
         <load_address>0x8c03</load_address>
         <run_address>0x8c03</run_address>
         <size>0x35a</size>
         <input_file_ref idref="fl-d"/>
      </object_component>
      <object_component id="oc-17f">
         <name>.text</name>
         <load_address>0x9000</load_address>
         <run_address>0x9000</run_address>
         <size>0x1df</size>
         <input_file_ref idref="fl-25"/>
      </object_component>
      <object_component id="oc-a3">
         <name>.text</name>
         <load_address>0x91df</load_address>
         <run_address>0x91df</run_address>
         <size>0x173</size>
         <input_file_ref idref="fl-1a"/>
      </object_component>
      <object_component id="oc-2a6">
         <name>.cinit..data.load</name>
         <load_address>0xfa</load_address>
         <run_address>0xfa</run_address>
         <size>0x8</size>
      </object_component>
      <object_component id="oc-2a4">
         <name>__TI_handler_table</name>
         <load_address>0x102</load_address>
         <run_address>0x102</run_address>
         <size>0x4</size>
      </object_component>
      <object_component id="oc-2a5">
         <name>__TI_cinit_table</name>
         <load_address>0x106</load_address>
         <run_address>0x106</run_address>
         <size>0x4</size>
      </object_component>
      <object_component id="oc-c9">
         <name>.stack</name>
         <uninitialized>true</uninitialized>
         <run_address>0x400</run_address>
         <size>0x0</size>
         <input_file_ref idref="fl-3c"/>
      </object_component>
      <object_component id="oc-2a7">
         <name>.stack</name>
         <uninitialized>true</uninitialized>
         <run_address>0x400</run_address>
         <size>0x0</size>
      </object_component>
      <object_component id="oc-c6">
         <name>.const</name>
         <load_address>0xa800</load_address>
         <run_address>0xa800</run_address>
         <size>0x1c0</size>
         <input_file_ref idref="fl-30"/>
      </object_component>
      <object_component id="oc-14d">
         <name>.data</name>
         <load_address>0xa9c0</load_address>
         <run_address>0xa9c0</run_address>
         <size>0x6</size>
         <input_file_ref idref="fl-44"/>
      </object_component>
      <object_component id="oc-150">
         <name>.data:_lock</name>
         <load_address>0xa9c6</load_address>
         <run_address>0xa9c6</run_address>
         <size>0x2</size>
         <input_file_ref idref="fl-45"/>
      </object_component>
      <object_component id="oc-1c2">
         <name>.data:_unlock</name>
         <load_address>0xa9c8</load_address>
         <run_address>0xa9c8</run_address>
         <size>0x2</size>
         <input_file_ref idref="fl-45"/>
      </object_component>
      <object_component id="oc-1d4">
         <name>.debug_types</name>
         <load_address>0x0</load_address>
         <run_address>0x0</run_address>
         <size>0x6a0</size>
         <input_file_ref idref="fl-d"/>
      </object_component>
      <object_component id="oc-1d2">
         <name>.debug_types</name>
         <load_address>0x6a0</load_address>
         <run_address>0x6a0</run_address>
         <size>0x531</size>
         <input_file_ref idref="fl-16"/>
      </object_component>
      <object_component id="oc-f5">
         <name>.debug_types</name>
         <load_address>0x0</load_address>
         <run_address>0x0</run_address>
         <size>0x0</size>
         <input_file_ref idref="fl-1a"/>
      </object_component>
      <object_component id="oc-1d0">
         <name>.debug_types</name>
         <load_address>0xbd1</load_address>
         <run_address>0xbd1</run_address>
         <size>0x8cc</size>
         <input_file_ref idref="fl-22"/>
      </object_component>
      <object_component id="oc-1bc">
         <name>.debug_types</name>
         <load_address>0x149d</load_address>
         <run_address>0x149d</run_address>
         <size>0x25b</size>
         <input_file_ref idref="fl-25"/>
      </object_component>
      <object_component id="oc-fe">
         <name>.debug_types</name>
         <load_address>0x0</load_address>
         <run_address>0x0</run_address>
         <size>0x0</size>
         <input_file_ref idref="fl-2c"/>
      </object_component>
      <object_component id="oc-101">
         <name>.debug_types</name>
         <load_address>0x16f8</load_address>
         <run_address>0x16f8</run_address>
         <size>0x5220</size>
         <input_file_ref idref="fl-30"/>
      </object_component>
      <object_component id="oc-1be">
         <name>.debug_types</name>
         <load_address>0x0</load_address>
         <run_address>0x0</run_address>
         <size>0x0</size>
         <input_file_ref idref="fl-35"/>
      </object_component>
      <object_component id="oc-18d">
         <name>.debug_types</name>
         <load_address>0x6918</load_address>
         <run_address>0x6918</run_address>
         <size>0x56</size>
         <input_file_ref idref="fl-36"/>
      </object_component>
      <object_component id="oc-114">
         <name>.debug_types</name>
         <load_address>0x0</load_address>
         <run_address>0x0</run_address>
         <size>0x0</size>
         <input_file_ref idref="fl-3f"/>
      </object_component>
      <object_component id="oc-171">
         <name>.debug_types</name>
         <load_address>0x696e</load_address>
         <run_address>0x696e</run_address>
         <size>0x49b</size>
         <input_file_ref idref="fl-40"/>
      </object_component>
      <object_component id="oc-d3">
         <name>.debug_types</name>
         <load_address>0x6e09</load_address>
         <run_address>0x6e09</run_address>
         <size>0x1c8</size>
         <input_file_ref idref="fl-42"/>
      </object_component>
      <object_component id="oc-cb">
         <name>.debug_types</name>
         <load_address>0x6fd1</load_address>
         <run_address>0x6fd1</run_address>
         <size>0x191</size>
         <input_file_ref idref="fl-43"/>
      </object_component>
      <object_component id="oc-154">
         <name>.debug_types</name>
         <load_address>0x7162</load_address>
         <run_address>0x7162</run_address>
         <size>0xbf</size>
         <input_file_ref idref="fl-44"/>
      </object_component>
      <object_component id="oc-19b">
         <name>.debug_types</name>
         <load_address>0x7221</load_address>
         <run_address>0x7221</run_address>
         <size>0x2f</size>
         <input_file_ref idref="fl-45"/>
      </object_component>
      <object_component id="oc-14c">
         <name>.debug_types</name>
         <load_address>0x7250</load_address>
         <run_address>0x7250</run_address>
         <size>0xe1</size>
         <input_file_ref idref="fl-46"/>
      </object_component>
      <object_component id="oc-106">
         <name>.debug_types</name>
         <load_address>0x7331</load_address>
         <run_address>0x7331</run_address>
         <size>0xe3</size>
         <input_file_ref idref="fl-49"/>
      </object_component>
      <object_component id="oc-1a3">
         <name>.debug_types</name>
         <load_address>0x0</load_address>
         <run_address>0x0</run_address>
         <size>0x0</size>
         <input_file_ref idref="fl-4a"/>
      </object_component>
      <object_component id="oc-1b6">
         <name>.debug_info</name>
         <load_address>0x0</load_address>
         <run_address>0x0</run_address>
         <size>0x1613</size>
         <input_file_ref idref="fl-d"/>
      </object_component>
      <object_component id="oc-1b0">
         <name>.debug_info</name>
         <load_address>0x1613</load_address>
         <run_address>0x1613</run_address>
         <size>0xa75</size>
         <input_file_ref idref="fl-16"/>
      </object_component>
      <object_component id="oc-a7">
         <name>.debug_info</name>
         <load_address>0x2088</load_address>
         <run_address>0x2088</run_address>
         <size>0x5c8</size>
         <input_file_ref idref="fl-1a"/>
      </object_component>
      <object_component id="oc-a1">
         <name>.debug_info</name>
         <load_address>0x2650</load_address>
         <run_address>0x2650</run_address>
         <size>0x218</size>
         <input_file_ref idref="fl-1a"/>
      </object_component>
      <object_component id="oc-1ad">
         <name>.debug_info</name>
         <load_address>0x2868</load_address>
         <run_address>0x2868</run_address>
         <size>0x14a9</size>
         <input_file_ref idref="fl-22"/>
      </object_component>
      <object_component id="oc-182">
         <name>.debug_info</name>
         <load_address>0x3d11</load_address>
         <run_address>0x3d11</run_address>
         <size>0x11b6</size>
         <input_file_ref idref="fl-25"/>
      </object_component>
      <object_component id="oc-ac">
         <name>.debug_info</name>
         <load_address>0x4ec7</load_address>
         <run_address>0x4ec7</run_address>
         <size>0x107</size>
         <input_file_ref idref="fl-27"/>
      </object_component>
      <object_component id="oc-f8">
         <name>.debug_info</name>
         <load_address>0x4fce</load_address>
         <run_address>0x4fce</run_address>
         <size>0x108</size>
         <input_file_ref idref="fl-27"/>
      </object_component>
      <object_component id="oc-c4">
         <name>.debug_info</name>
         <load_address>0x50d6</load_address>
         <run_address>0x50d6</run_address>
         <size>0x265a</size>
         <input_file_ref idref="fl-2c"/>
      </object_component>
      <object_component id="oc-c7">
         <name>.debug_info</name>
         <load_address>0x7730</load_address>
         <run_address>0x7730</run_address>
         <size>0xf4</size>
         <input_file_ref idref="fl-30"/>
      </object_component>
      <object_component id="oc-189">
         <name>.debug_info</name>
         <load_address>0x7824</load_address>
         <run_address>0x7824</run_address>
         <size>0x152</size>
         <input_file_ref idref="fl-35"/>
      </object_component>
      <object_component id="oc-146">
         <name>.debug_info</name>
         <load_address>0x7976</load_address>
         <run_address>0x7976</run_address>
         <size>0x22e</size>
         <input_file_ref idref="fl-36"/>
      </object_component>
      <object_component id="oc-9b">
         <name>.debug_info</name>
         <load_address>0x7ba4</load_address>
         <run_address>0x7ba4</run_address>
         <size>0x158</size>
         <input_file_ref idref="fl-3c"/>
      </object_component>
      <object_component id="oc-e1">
         <name>.debug_info</name>
         <load_address>0x7cfc</load_address>
         <run_address>0x7cfc</run_address>
         <size>0x14d</size>
         <input_file_ref idref="fl-3f"/>
      </object_component>
      <object_component id="oc-117">
         <name>.debug_info</name>
         <load_address>0x7e49</load_address>
         <run_address>0x7e49</run_address>
         <size>0x1bf</size>
         <input_file_ref idref="fl-40"/>
      </object_component>
      <object_component id="oc-95">
         <name>.debug_info</name>
         <load_address>0x8008</load_address>
         <run_address>0x8008</run_address>
         <size>0x1b7</size>
         <input_file_ref idref="fl-42"/>
      </object_component>
      <object_component id="oc-8f">
         <name>.debug_info</name>
         <load_address>0x81bf</load_address>
         <run_address>0x81bf</run_address>
         <size>0x20c</size>
         <input_file_ref idref="fl-43"/>
      </object_component>
      <object_component id="oc-14e">
         <name>.debug_info</name>
         <load_address>0x83cb</load_address>
         <run_address>0x83cb</run_address>
         <size>0x19e</size>
         <input_file_ref idref="fl-44"/>
      </object_component>
      <object_component id="oc-ee">
         <name>.debug_info</name>
         <load_address>0x8569</load_address>
         <run_address>0x8569</run_address>
         <size>0x1a9</size>
         <input_file_ref idref="fl-44"/>
      </object_component>
      <object_component id="oc-151">
         <name>.debug_info</name>
         <load_address>0x8712</load_address>
         <run_address>0x8712</run_address>
         <size>0x107</size>
         <input_file_ref idref="fl-45"/>
      </object_component>
      <object_component id="oc-1c3">
         <name>.debug_info</name>
         <load_address>0x8819</load_address>
         <run_address>0x8819</run_address>
         <size>0x10b</size>
         <input_file_ref idref="fl-45"/>
      </object_component>
      <object_component id="oc-194">
         <name>.debug_info</name>
         <load_address>0x8924</load_address>
         <run_address>0x8924</run_address>
         <size>0x203</size>
         <input_file_ref idref="fl-45"/>
      </object_component>
      <object_component id="oc-eb">
         <name>.debug_info</name>
         <load_address>0x8b27</load_address>
         <run_address>0x8b27</run_address>
         <size>0x15d</size>
         <input_file_ref idref="fl-46"/>
      </object_component>
      <object_component id="oc-ce">
         <name>.debug_info</name>
         <load_address>0x8c84</load_address>
         <run_address>0x8c84</run_address>
         <size>0x19b</size>
         <input_file_ref idref="fl-49"/>
      </object_component>
      <object_component id="oc-16d">
         <name>.debug_info</name>
         <load_address>0x8e1f</load_address>
         <run_address>0x8e1f</run_address>
         <size>0x147</size>
         <input_file_ref idref="fl-4a"/>
      </object_component>
      <object_component id="oc-2ab">
         <name>.debug_info</name>
         <load_address>0x8f66</load_address>
         <run_address>0x8f66</run_address>
         <size>0x95</size>
      </object_component>
      <object_component id="oc-1ba">
         <name>.debug_line</name>
         <load_address>0x0</load_address>
         <run_address>0x0</run_address>
         <size>0x313</size>
         <input_file_ref idref="fl-d"/>
      </object_component>
      <object_component id="oc-1e4">
         <name>.debug_line</name>
         <load_address>0x313</load_address>
         <run_address>0x313</run_address>
         <size>0x57</size>
         <input_file_ref idref="fl-d"/>
      </object_component>
      <object_component id="oc-1b3">
         <name>.debug_line</name>
         <load_address>0x36a</load_address>
         <run_address>0x36a</run_address>
         <size>0x270</size>
         <input_file_ref idref="fl-16"/>
      </object_component>
      <object_component id="oc-1e1">
         <name>.debug_line</name>
         <load_address>0x5da</load_address>
         <run_address>0x5da</run_address>
         <size>0x58</size>
         <input_file_ref idref="fl-16"/>
      </object_component>
      <object_component id="oc-a6">
         <name>.debug_line</name>
         <load_address>0x632</load_address>
         <run_address>0x632</run_address>
         <size>0x1cf</size>
         <input_file_ref idref="fl-1a"/>
      </object_component>
      <object_component id="oc-a9">
         <name>.debug_line</name>
         <load_address>0x801</load_address>
         <run_address>0x801</run_address>
         <size>0x8d</size>
         <input_file_ref idref="fl-1a"/>
      </object_component>
      <object_component id="oc-156">
         <name>.debug_line</name>
         <load_address>0x88e</load_address>
         <run_address>0x88e</run_address>
         <size>0x21</size>
         <input_file_ref idref="fl-1a"/>
      </object_component>
      <object_component id="oc-1aa">
         <name>.debug_line</name>
         <load_address>0x8af</load_address>
         <run_address>0x8af</run_address>
         <size>0x570</size>
         <input_file_ref idref="fl-22"/>
      </object_component>
      <object_component id="oc-1de">
         <name>.debug_line</name>
         <load_address>0xe1f</load_address>
         <run_address>0xe1f</run_address>
         <size>0x5a</size>
         <input_file_ref idref="fl-22"/>
      </object_component>
      <object_component id="oc-181">
         <name>.debug_line</name>
         <load_address>0xe79</load_address>
         <run_address>0xe79</run_address>
         <size>0x2cb</size>
         <input_file_ref idref="fl-25"/>
      </object_component>
      <object_component id="oc-1d6">
         <name>.debug_line</name>
         <load_address>0x1144</load_address>
         <run_address>0x1144</run_address>
         <size>0x5a</size>
         <input_file_ref idref="fl-25"/>
      </object_component>
      <object_component id="oc-af">
         <name>.debug_line</name>
         <load_address>0x119e</load_address>
         <run_address>0x119e</run_address>
         <size>0x5e</size>
         <input_file_ref idref="fl-27"/>
      </object_component>
      <object_component id="oc-fb">
         <name>.debug_line</name>
         <load_address>0x11fc</load_address>
         <run_address>0x11fc</run_address>
         <size>0x66</size>
         <input_file_ref idref="fl-27"/>
      </object_component>
      <object_component id="oc-c2">
         <name>.debug_line</name>
         <load_address>0x1262</load_address>
         <run_address>0x1262</run_address>
         <size>0xb0d</size>
         <input_file_ref idref="fl-2c"/>
      </object_component>
      <object_component id="oc-15a">
         <name>.debug_line</name>
         <load_address>0x1d6f</load_address>
         <run_address>0x1d6f</run_address>
         <size>0x21</size>
         <input_file_ref idref="fl-2c"/>
      </object_component>
      <object_component id="oc-100">
         <name>.debug_line</name>
         <load_address>0x1d90</load_address>
         <run_address>0x1d90</run_address>
         <size>0x49</size>
         <input_file_ref idref="fl-30"/>
      </object_component>
      <object_component id="oc-15d">
         <name>.debug_line</name>
         <load_address>0x1dd9</load_address>
         <run_address>0x1dd9</run_address>
         <size>0xa9</size>
         <input_file_ref idref="fl-30"/>
      </object_component>
      <object_component id="oc-186">
         <name>.debug_line</name>
         <load_address>0x1e82</load_address>
         <run_address>0x1e82</run_address>
         <size>0x4a</size>
         <input_file_ref idref="fl-35"/>
      </object_component>
      <object_component id="oc-1d9">
         <name>.debug_line</name>
         <load_address>0x1ecc</load_address>
         <run_address>0x1ecc</run_address>
         <size>0x58</size>
         <input_file_ref idref="fl-35"/>
      </object_component>
      <object_component id="oc-14a">
         <name>.debug_line</name>
         <load_address>0x1f24</load_address>
         <run_address>0x1f24</run_address>
         <size>0xa9</size>
         <input_file_ref idref="fl-36"/>
      </object_component>
      <object_component id="oc-1c0">
         <name>.debug_line</name>
         <load_address>0x1fcd</load_address>
         <run_address>0x1fcd</run_address>
         <size>0x21</size>
         <input_file_ref idref="fl-36"/>
      </object_component>
      <object_component id="oc-9e">
         <name>.debug_line</name>
         <load_address>0x1fee</load_address>
         <run_address>0x1fee</run_address>
         <size>0x4f</size>
         <input_file_ref idref="fl-3c"/>
      </object_component>
      <object_component id="oc-e4">
         <name>.debug_line</name>
         <load_address>0x203d</load_address>
         <run_address>0x203d</run_address>
         <size>0x3f</size>
         <input_file_ref idref="fl-3f"/>
      </object_component>
      <object_component id="oc-168">
         <name>.debug_line</name>
         <load_address>0x207c</load_address>
         <run_address>0x207c</run_address>
         <size>0x21</size>
         <input_file_ref idref="fl-3f"/>
      </object_component>
      <object_component id="oc-116">
         <name>.debug_line</name>
         <load_address>0x209d</load_address>
         <run_address>0x209d</run_address>
         <size>0x74</size>
         <input_file_ref idref="fl-40"/>
      </object_component>
      <object_component id="oc-1a5">
         <name>.debug_line</name>
         <load_address>0x2111</load_address>
         <run_address>0x2111</run_address>
         <size>0x21</size>
         <input_file_ref idref="fl-40"/>
      </object_component>
      <object_component id="oc-94">
         <name>.debug_line</name>
         <load_address>0x2132</load_address>
         <run_address>0x2132</run_address>
         <size>0x57</size>
         <input_file_ref idref="fl-42"/>
      </object_component>
      <object_component id="oc-108">
         <name>.debug_line</name>
         <load_address>0x2189</load_address>
         <run_address>0x2189</run_address>
         <size>0x21</size>
         <input_file_ref idref="fl-42"/>
      </object_component>
      <object_component id="oc-92">
         <name>.debug_line</name>
         <load_address>0x21aa</load_address>
         <run_address>0x21aa</run_address>
         <size>0x9a</size>
         <input_file_ref idref="fl-43"/>
      </object_component>
      <object_component id="oc-103">
         <name>.debug_line</name>
         <load_address>0x2244</load_address>
         <run_address>0x2244</run_address>
         <size>0x21</size>
         <input_file_ref idref="fl-43"/>
      </object_component>
      <object_component id="oc-192">
         <name>.debug_line</name>
         <load_address>0x2265</load_address>
         <run_address>0x2265</run_address>
         <size>0x2b</size>
         <input_file_ref idref="fl-44"/>
      </object_component>
      <object_component id="oc-f1">
         <name>.debug_line</name>
         <load_address>0x2290</load_address>
         <run_address>0x2290</run_address>
         <size>0x66</size>
         <input_file_ref idref="fl-44"/>
      </object_component>
      <object_component id="oc-19d">
         <name>.debug_line</name>
         <load_address>0x22f6</load_address>
         <run_address>0x22f6</run_address>
         <size>0x21</size>
         <input_file_ref idref="fl-44"/>
      </object_component>
      <object_component id="oc-19a">
         <name>.debug_line</name>
         <load_address>0x2317</load_address>
         <run_address>0x2317</run_address>
         <size>0x2c</size>
         <input_file_ref idref="fl-45"/>
      </object_component>
      <object_component id="oc-1dc">
         <name>.debug_line</name>
         <load_address>0x2343</load_address>
         <run_address>0x2343</run_address>
         <size>0x2c</size>
         <input_file_ref idref="fl-45"/>
      </object_component>
      <object_component id="oc-197">
         <name>.debug_line</name>
         <load_address>0x236f</load_address>
         <run_address>0x236f</run_address>
         <size>0x5f</size>
         <input_file_ref idref="fl-45"/>
      </object_component>
      <object_component id="oc-1c7">
         <name>.debug_line</name>
         <load_address>0x23ce</load_address>
         <run_address>0x23ce</run_address>
         <size>0x21</size>
         <input_file_ref idref="fl-45"/>
      </object_component>
      <object_component id="oc-e9">
         <name>.debug_line</name>
         <load_address>0x23ef</load_address>
         <run_address>0x23ef</run_address>
         <size>0x4e</size>
         <input_file_ref idref="fl-46"/>
      </object_component>
      <object_component id="oc-18f">
         <name>.debug_line</name>
         <load_address>0x243d</load_address>
         <run_address>0x243d</run_address>
         <size>0x30</size>
         <input_file_ref idref="fl-46"/>
      </object_component>
      <object_component id="oc-cd">
         <name>.debug_line</name>
         <load_address>0x246d</load_address>
         <run_address>0x246d</run_address>
         <size>0x63</size>
         <input_file_ref idref="fl-49"/>
      </object_component>
      <object_component id="oc-160">
         <name>.debug_line</name>
         <load_address>0x24d0</load_address>
         <run_address>0x24d0</run_address>
         <size>0x21</size>
         <input_file_ref idref="fl-49"/>
      </object_component>
      <object_component id="oc-16b">
         <name>.debug_line</name>
         <load_address>0x24f1</load_address>
         <run_address>0x24f1</run_address>
         <size>0x3b</size>
         <input_file_ref idref="fl-4a"/>
      </object_component>
      <object_component id="oc-1ca">
         <name>.debug_line</name>
         <load_address>0x252c</load_address>
         <run_address>0x252c</run_address>
         <size>0x21</size>
         <input_file_ref idref="fl-4a"/>
      </object_component>
      <object_component id="oc-1b9">
         <name>.debug_frame</name>
         <load_address>0x0</load_address>
         <run_address>0x0</run_address>
         <size>0x258</size>
         <input_file_ref idref="fl-d"/>
      </object_component>
      <object_component id="oc-1b4">
         <name>.debug_frame</name>
         <load_address>0x258</load_address>
         <run_address>0x258</run_address>
         <size>0x178</size>
         <input_file_ref idref="fl-16"/>
      </object_component>
      <object_component id="oc-a4">
         <name>.debug_frame</name>
         <load_address>0x3d0</load_address>
         <run_address>0x3d0</run_address>
         <size>0xe0</size>
         <input_file_ref idref="fl-1a"/>
      </object_component>
      <object_component id="oc-aa">
         <name>.debug_frame</name>
         <load_address>0x4b0</load_address>
         <run_address>0x4b0</run_address>
         <size>0x8c</size>
         <input_file_ref idref="fl-1a"/>
      </object_component>
      <object_component id="oc-1ab">
         <name>.debug_frame</name>
         <load_address>0x53c</load_address>
         <run_address>0x53c</run_address>
         <size>0x2c0</size>
         <input_file_ref idref="fl-22"/>
      </object_component>
      <object_component id="oc-184">
         <name>.debug_frame</name>
         <load_address>0x7fc</load_address>
         <run_address>0x7fc</run_address>
         <size>0x194</size>
         <input_file_ref idref="fl-25"/>
      </object_component>
      <object_component id="oc-c1">
         <name>.debug_frame</name>
         <load_address>0x990</load_address>
         <run_address>0x990</run_address>
         <size>0xf30</size>
         <input_file_ref idref="fl-2c"/>
      </object_component>
      <object_component id="oc-187">
         <name>.debug_frame</name>
         <load_address>0x18c0</load_address>
         <run_address>0x18c0</run_address>
         <size>0x44</size>
         <input_file_ref idref="fl-35"/>
      </object_component>
      <object_component id="oc-149">
         <name>.debug_frame</name>
         <load_address>0x1904</load_address>
         <run_address>0x1904</run_address>
         <size>0x5c</size>
         <input_file_ref idref="fl-36"/>
      </object_component>
      <object_component id="oc-e5">
         <name>.debug_frame</name>
         <load_address>0x1960</load_address>
         <run_address>0x1960</run_address>
         <size>0x40</size>
         <input_file_ref idref="fl-3f"/>
      </object_component>
      <object_component id="oc-11a">
         <name>.debug_frame</name>
         <load_address>0x19a0</load_address>
         <run_address>0x19a0</run_address>
         <size>0x58</size>
         <input_file_ref idref="fl-40"/>
      </object_component>
      <object_component id="oc-98">
         <name>.debug_frame</name>
         <load_address>0x19f8</load_address>
         <run_address>0x19f8</run_address>
         <size>0x40</size>
         <input_file_ref idref="fl-42"/>
      </object_component>
      <object_component id="oc-91">
         <name>.debug_frame</name>
         <load_address>0x1a38</load_address>
         <run_address>0x1a38</run_address>
         <size>0x40</size>
         <input_file_ref idref="fl-43"/>
      </object_component>
      <object_component id="oc-f2">
         <name>.debug_frame</name>
         <load_address>0x1a78</load_address>
         <run_address>0x1a78</run_address>
         <size>0x60</size>
         <input_file_ref idref="fl-44"/>
      </object_component>
      <object_component id="oc-198">
         <name>.debug_frame</name>
         <load_address>0x1ad8</load_address>
         <run_address>0x1ad8</run_address>
         <size>0x70</size>
         <input_file_ref idref="fl-45"/>
      </object_component>
      <object_component id="oc-ea">
         <name>.debug_frame</name>
         <load_address>0x1b48</load_address>
         <run_address>0x1b48</run_address>
         <size>0x40</size>
         <input_file_ref idref="fl-46"/>
      </object_component>
      <object_component id="oc-d1">
         <name>.debug_frame</name>
         <load_address>0x1b88</load_address>
         <run_address>0x1b88</run_address>
         <size>0x40</size>
         <input_file_ref idref="fl-49"/>
      </object_component>
      <object_component id="oc-16c">
         <name>.debug_frame</name>
         <load_address>0x1bc8</load_address>
         <run_address>0x1bc8</run_address>
         <size>0x40</size>
         <input_file_ref idref="fl-4a"/>
      </object_component>
      <object_component id="oc-1d3">
         <name>.debug_abbrev</name>
         <load_address>0x0</load_address>
         <run_address>0x0</run_address>
         <size>0x119</size>
         <input_file_ref idref="fl-d"/>
      </object_component>
      <object_component id="oc-1e3">
         <name>.debug_abbrev</name>
         <load_address>0x119</load_address>
         <run_address>0x119</run_address>
         <size>0x58</size>
         <input_file_ref idref="fl-d"/>
      </object_component>
      <object_component id="oc-1d1">
         <name>.debug_abbrev</name>
         <load_address>0x171</load_address>
         <run_address>0x171</run_address>
         <size>0x11d</size>
         <input_file_ref idref="fl-16"/>
      </object_component>
      <object_component id="oc-1e0">
         <name>.debug_abbrev</name>
         <load_address>0x28e</load_address>
         <run_address>0x28e</run_address>
         <size>0x62</size>
         <input_file_ref idref="fl-16"/>
      </object_component>
      <object_component id="oc-f6">
         <name>.debug_abbrev</name>
         <load_address>0x2f0</load_address>
         <run_address>0x2f0</run_address>
         <size>0xd1</size>
         <input_file_ref idref="fl-1a"/>
      </object_component>
      <object_component id="oc-f4">
         <name>.debug_abbrev</name>
         <load_address>0x3c1</load_address>
         <run_address>0x3c1</run_address>
         <size>0x6c</size>
         <input_file_ref idref="fl-1a"/>
      </object_component>
      <object_component id="oc-155">
         <name>.debug_abbrev</name>
         <load_address>0x42d</load_address>
         <run_address>0x42d</run_address>
         <size>0x2b</size>
         <input_file_ref idref="fl-1a"/>
      </object_component>
      <object_component id="oc-1cf">
         <name>.debug_abbrev</name>
         <load_address>0x458</load_address>
         <run_address>0x458</run_address>
         <size>0x161</size>
         <input_file_ref idref="fl-22"/>
      </object_component>
      <object_component id="oc-1dd">
         <name>.debug_abbrev</name>
         <load_address>0x5b9</load_address>
         <run_address>0x5b9</run_address>
         <size>0x94</size>
         <input_file_ref idref="fl-22"/>
      </object_component>
      <object_component id="oc-1bb">
         <name>.debug_abbrev</name>
         <load_address>0x64d</load_address>
         <run_address>0x64d</run_address>
         <size>0x128</size>
         <input_file_ref idref="fl-25"/>
      </object_component>
      <object_component id="oc-1d5">
         <name>.debug_abbrev</name>
         <load_address>0x775</load_address>
         <run_address>0x775</run_address>
         <size>0xa5</size>
         <input_file_ref idref="fl-25"/>
      </object_component>
      <object_component id="oc-fc">
         <name>.debug_abbrev</name>
         <load_address>0x81a</load_address>
         <run_address>0x81a</run_address>
         <size>0x25</size>
         <input_file_ref idref="fl-27"/>
      </object_component>
      <object_component id="oc-158">
         <name>.debug_abbrev</name>
         <load_address>0x83f</load_address>
         <run_address>0x83f</run_address>
         <size>0x25</size>
         <input_file_ref idref="fl-27"/>
      </object_component>
      <object_component id="oc-fd">
         <name>.debug_abbrev</name>
         <load_address>0x864</load_address>
         <run_address>0x864</run_address>
         <size>0xb5</size>
         <input_file_ref idref="fl-2c"/>
      </object_component>
      <object_component id="oc-159">
         <name>.debug_abbrev</name>
         <load_address>0x919</load_address>
         <run_address>0x919</run_address>
         <size>0x1c</size>
         <input_file_ref idref="fl-2c"/>
      </object_component>
      <object_component id="oc-ff">
         <name>.debug_abbrev</name>
         <load_address>0x935</load_address>
         <run_address>0x935</run_address>
         <size>0x28</size>
         <input_file_ref idref="fl-30"/>
      </object_component>
      <object_component id="oc-15c">
         <name>.debug_abbrev</name>
         <load_address>0x95d</load_address>
         <run_address>0x95d</run_address>
         <size>0x117</size>
         <input_file_ref idref="fl-30"/>
      </object_component>
      <object_component id="oc-1bd">
         <name>.debug_abbrev</name>
         <load_address>0xa74</load_address>
         <run_address>0xa74</run_address>
         <size>0x54</size>
         <input_file_ref idref="fl-35"/>
      </object_component>
      <object_component id="oc-1d8">
         <name>.debug_abbrev</name>
         <load_address>0xac8</load_address>
         <run_address>0xac8</run_address>
         <size>0x49</size>
         <input_file_ref idref="fl-35"/>
      </object_component>
      <object_component id="oc-18c">
         <name>.debug_abbrev</name>
         <load_address>0xb11</load_address>
         <run_address>0xb11</run_address>
         <size>0x8b</size>
         <input_file_ref idref="fl-36"/>
      </object_component>
      <object_component id="oc-1bf">
         <name>.debug_abbrev</name>
         <load_address>0xb9c</load_address>
         <run_address>0xb9c</run_address>
         <size>0x44</size>
         <input_file_ref idref="fl-36"/>
      </object_component>
      <object_component id="oc-f3">
         <name>.debug_abbrev</name>
         <load_address>0xbe0</load_address>
         <run_address>0xbe0</run_address>
         <size>0x3d</size>
         <input_file_ref idref="fl-3c"/>
      </object_component>
      <object_component id="oc-113">
         <name>.debug_abbrev</name>
         <load_address>0xc1d</load_address>
         <run_address>0xc1d</run_address>
         <size>0x4b</size>
         <input_file_ref idref="fl-3f"/>
      </object_component>
      <object_component id="oc-167">
         <name>.debug_abbrev</name>
         <load_address>0xc68</load_address>
         <run_address>0xc68</run_address>
         <size>0x1c</size>
         <input_file_ref idref="fl-3f"/>
      </object_component>
      <object_component id="oc-170">
         <name>.debug_abbrev</name>
         <load_address>0xc84</load_address>
         <run_address>0xc84</run_address>
         <size>0x71</size>
         <input_file_ref idref="fl-40"/>
      </object_component>
      <object_component id="oc-1a4">
         <name>.debug_abbrev</name>
         <load_address>0xcf5</load_address>
         <run_address>0xcf5</run_address>
         <size>0xb3</size>
         <input_file_ref idref="fl-40"/>
      </object_component>
      <object_component id="oc-d2">
         <name>.debug_abbrev</name>
         <load_address>0xda8</load_address>
         <run_address>0xda8</run_address>
         <size>0x6d</size>
         <input_file_ref idref="fl-42"/>
      </object_component>
      <object_component id="oc-107">
         <name>.debug_abbrev</name>
         <load_address>0xe15</load_address>
         <run_address>0xe15</run_address>
         <size>0x44</size>
         <input_file_ref idref="fl-42"/>
      </object_component>
      <object_component id="oc-ca">
         <name>.debug_abbrev</name>
         <load_address>0xe59</load_address>
         <run_address>0xe59</run_address>
         <size>0x5f</size>
         <input_file_ref idref="fl-43"/>
      </object_component>
      <object_component id="oc-102">
         <name>.debug_abbrev</name>
         <load_address>0xeb8</load_address>
         <run_address>0xeb8</run_address>
         <size>0x44</size>
         <input_file_ref idref="fl-43"/>
      </object_component>
      <object_component id="oc-191">
         <name>.debug_abbrev</name>
         <load_address>0xefc</load_address>
         <run_address>0xefc</run_address>
         <size>0x28</size>
         <input_file_ref idref="fl-44"/>
      </object_component>
      <object_component id="oc-153">
         <name>.debug_abbrev</name>
         <load_address>0xf24</load_address>
         <run_address>0xf24</run_address>
         <size>0xa0</size>
         <input_file_ref idref="fl-44"/>
      </object_component>
      <object_component id="oc-19c">
         <name>.debug_abbrev</name>
         <load_address>0xfc4</load_address>
         <run_address>0xfc4</run_address>
         <size>0x57</size>
         <input_file_ref idref="fl-44"/>
      </object_component>
      <object_component id="oc-199">
         <name>.debug_abbrev</name>
         <load_address>0x101b</load_address>
         <run_address>0x101b</run_address>
         <size>0x28</size>
         <input_file_ref idref="fl-45"/>
      </object_component>
      <object_component id="oc-1db">
         <name>.debug_abbrev</name>
         <load_address>0x1043</load_address>
         <run_address>0x1043</run_address>
         <size>0x28</size>
         <input_file_ref idref="fl-45"/>
      </object_component>
      <object_component id="oc-1c5">
         <name>.debug_abbrev</name>
         <load_address>0x106b</load_address>
         <run_address>0x106b</run_address>
         <size>0x5f</size>
         <input_file_ref idref="fl-45"/>
      </object_component>
      <object_component id="oc-1c6">
         <name>.debug_abbrev</name>
         <load_address>0x10ca</load_address>
         <run_address>0x10ca</run_address>
         <size>0x3a</size>
         <input_file_ref idref="fl-45"/>
      </object_component>
      <object_component id="oc-14b">
         <name>.debug_abbrev</name>
         <load_address>0x1104</load_address>
         <run_address>0x1104</run_address>
         <size>0x64</size>
         <input_file_ref idref="fl-46"/>
      </object_component>
      <object_component id="oc-18e">
         <name>.debug_abbrev</name>
         <load_address>0x1168</load_address>
         <run_address>0x1168</run_address>
         <size>0x79</size>
         <input_file_ref idref="fl-46"/>
      </object_component>
      <object_component id="oc-105">
         <name>.debug_abbrev</name>
         <load_address>0x11e1</load_address>
         <run_address>0x11e1</run_address>
         <size>0x61</size>
         <input_file_ref idref="fl-49"/>
      </object_component>
      <object_component id="oc-15f">
         <name>.debug_abbrev</name>
         <load_address>0x1242</load_address>
         <run_address>0x1242</run_address>
         <size>0x44</size>
         <input_file_ref idref="fl-49"/>
      </object_component>
      <object_component id="oc-1a2">
         <name>.debug_abbrev</name>
         <load_address>0x1286</load_address>
         <run_address>0x1286</run_address>
         <size>0x49</size>
         <input_file_ref idref="fl-4a"/>
      </object_component>
      <object_component id="oc-1c9">
         <name>.debug_abbrev</name>
         <load_address>0x12cf</load_address>
         <run_address>0x12cf</run_address>
         <size>0x1c</size>
         <input_file_ref idref="fl-4a"/>
      </object_component>
      <object_component id="oc-2ac">
         <name>.debug_abbrev</name>
         <load_address>0x12eb</load_address>
         <run_address>0x12eb</run_address>
         <size>0xf</size>
      </object_component>
      <object_component id="oc-1e5">
         <name>.debug_str</name>
         <load_address>0x0</load_address>
         <run_address>0x0</run_address>
         <size>0x67</size>
         <input_file_ref idref="fl-d"/>
      </object_component>
      <object_component id="oc-1e2">
         <name>.debug_str</name>
         <load_address>0x67</load_address>
         <run_address>0x67</run_address>
         <size>0x67</size>
         <input_file_ref idref="fl-16"/>
      </object_component>
      <object_component id="oc-157">
         <name>.debug_str</name>
         <load_address>0xce</load_address>
         <run_address>0xce</run_address>
         <size>0x67</size>
         <input_file_ref idref="fl-1a"/>
      </object_component>
      <object_component id="oc-1df">
         <name>.debug_str</name>
         <load_address>0x135</load_address>
         <run_address>0x135</run_address>
         <size>0x67</size>
         <input_file_ref idref="fl-22"/>
      </object_component>
      <object_component id="oc-1d7">
         <name>.debug_str</name>
         <load_address>0x19c</load_address>
         <run_address>0x19c</run_address>
         <size>0x67</size>
         <input_file_ref idref="fl-25"/>
      </object_component>
      <object_component id="oc-15b">
         <name>.debug_str</name>
         <load_address>0x203</load_address>
         <run_address>0x203</run_address>
         <size>0x67</size>
         <input_file_ref idref="fl-2c"/>
      </object_component>
      <object_component id="oc-15e">
         <name>.debug_str</name>
         <load_address>0x26a</load_address>
         <run_address>0x26a</run_address>
         <size>0x67</size>
         <input_file_ref idref="fl-30"/>
      </object_component>
      <object_component id="oc-1da">
         <name>.debug_str</name>
         <load_address>0x2d1</load_address>
         <run_address>0x2d1</run_address>
         <size>0x67</size>
         <input_file_ref idref="fl-35"/>
      </object_component>
      <object_component id="oc-1c1">
         <name>.debug_str</name>
         <load_address>0x338</load_address>
         <run_address>0x338</run_address>
         <size>0x67</size>
         <input_file_ref idref="fl-36"/>
      </object_component>
      <object_component id="oc-169">
         <name>.debug_str</name>
         <load_address>0x39f</load_address>
         <run_address>0x39f</run_address>
         <size>0x69</size>
         <input_file_ref idref="fl-3f"/>
      </object_component>
      <object_component id="oc-1a6">
         <name>.debug_str</name>
         <load_address>0x408</load_address>
         <run_address>0x408</run_address>
         <size>0x69</size>
         <input_file_ref idref="fl-40"/>
      </object_component>
      <object_component id="oc-109">
         <name>.debug_str</name>
         <load_address>0x471</load_address>
         <run_address>0x471</run_address>
         <size>0x69</size>
         <input_file_ref idref="fl-42"/>
      </object_component>
      <object_component id="oc-104">
         <name>.debug_str</name>
         <load_address>0x4da</load_address>
         <run_address>0x4da</run_address>
         <size>0x69</size>
         <input_file_ref idref="fl-43"/>
      </object_component>
      <object_component id="oc-19e">
         <name>.debug_str</name>
         <load_address>0x543</load_address>
         <run_address>0x543</run_address>
         <size>0x69</size>
         <input_file_ref idref="fl-44"/>
      </object_component>
      <object_component id="oc-1c8">
         <name>.debug_str</name>
         <load_address>0x5ac</load_address>
         <run_address>0x5ac</run_address>
         <size>0x69</size>
         <input_file_ref idref="fl-45"/>
      </object_component>
      <object_component id="oc-190">
         <name>.debug_str</name>
         <load_address>0x615</load_address>
         <run_address>0x615</run_address>
         <size>0x69</size>
         <input_file_ref idref="fl-46"/>
      </object_component>
      <object_component id="oc-161">
         <name>.debug_str</name>
         <load_address>0x67e</load_address>
         <run_address>0x67e</run_address>
         <size>0x69</size>
         <input_file_ref idref="fl-49"/>
      </object_component>
      <object_component id="oc-1cb">
         <name>.debug_str</name>
         <load_address>0x6e7</load_address>
         <run_address>0x6e7</run_address>
         <size>0x69</size>
         <input_file_ref idref="fl-4a"/>
      </object_component>
      <object_component id="oc-1b7">
         <name>.debug_aranges</name>
         <load_address>0x0</load_address>
         <run_address>0x0</run_address>
         <size>0xb8</size>
         <input_file_ref idref="fl-d"/>
      </object_component>
      <object_component id="oc-1b1">
         <name>.debug_aranges</name>
         <load_address>0xb8</load_address>
         <run_address>0xb8</run_address>
         <size>0x78</size>
         <input_file_ref idref="fl-16"/>
      </object_component>
      <object_component id="oc-a5">
         <name>.debug_aranges</name>
         <load_address>0x130</load_address>
         <run_address>0x130</run_address>
         <size>0x50</size>
         <input_file_ref idref="fl-1a"/>
      </object_component>
      <object_component id="oc-a0">
         <name>.debug_aranges</name>
         <load_address>0x180</load_address>
         <run_address>0x180</run_address>
         <size>0x30</size>
         <input_file_ref idref="fl-1a"/>
      </object_component>
      <object_component id="oc-1ac">
         <name>.debug_aranges</name>
         <load_address>0x1b0</load_address>
         <run_address>0x1b0</run_address>
         <size>0xd8</size>
         <input_file_ref idref="fl-22"/>
      </object_component>
      <object_component id="oc-180">
         <name>.debug_aranges</name>
         <load_address>0x288</load_address>
         <run_address>0x288</run_address>
         <size>0x88</size>
         <input_file_ref idref="fl-25"/>
      </object_component>
      <object_component id="oc-ae">
         <name>.debug_aranges</name>
         <load_address>0x310</load_address>
         <run_address>0x310</run_address>
         <size>0x20</size>
         <input_file_ref idref="fl-27"/>
      </object_component>
      <object_component id="oc-fa">
         <name>.debug_aranges</name>
         <load_address>0x330</load_address>
         <run_address>0x330</run_address>
         <size>0x20</size>
         <input_file_ref idref="fl-27"/>
      </object_component>
      <object_component id="oc-c3">
         <name>.debug_aranges</name>
         <load_address>0x350</load_address>
         <run_address>0x350</run_address>
         <size>0x3d8</size>
         <input_file_ref idref="fl-2c"/>
      </object_component>
      <object_component id="oc-188">
         <name>.debug_aranges</name>
         <load_address>0x728</load_address>
         <run_address>0x728</run_address>
         <size>0x20</size>
         <input_file_ref idref="fl-35"/>
      </object_component>
      <object_component id="oc-147">
         <name>.debug_aranges</name>
         <load_address>0x748</load_address>
         <run_address>0x748</run_address>
         <size>0x28</size>
         <input_file_ref idref="fl-36"/>
      </object_component>
      <object_component id="oc-9c">
         <name>.debug_aranges</name>
         <load_address>0x770</load_address>
         <run_address>0x770</run_address>
         <size>0x20</size>
         <input_file_ref idref="fl-3c"/>
      </object_component>
      <object_component id="oc-e2">
         <name>.debug_aranges</name>
         <load_address>0x790</load_address>
         <run_address>0x790</run_address>
         <size>0x20</size>
         <input_file_ref idref="fl-3f"/>
      </object_component>
      <object_component id="oc-119">
         <name>.debug_aranges</name>
         <load_address>0x7b0</load_address>
         <run_address>0x7b0</run_address>
         <size>0x20</size>
         <input_file_ref idref="fl-40"/>
      </object_component>
      <object_component id="oc-97">
         <name>.debug_aranges</name>
         <load_address>0x7d0</load_address>
         <run_address>0x7d0</run_address>
         <size>0x20</size>
         <input_file_ref idref="fl-42"/>
      </object_component>
      <object_component id="oc-8e">
         <name>.debug_aranges</name>
         <load_address>0x7f0</load_address>
         <run_address>0x7f0</run_address>
         <size>0x20</size>
         <input_file_ref idref="fl-43"/>
      </object_component>
      <object_component id="oc-f0">
         <name>.debug_aranges</name>
         <load_address>0x810</load_address>
         <run_address>0x810</run_address>
         <size>0x28</size>
         <input_file_ref idref="fl-44"/>
      </object_component>
      <object_component id="oc-195">
         <name>.debug_aranges</name>
         <load_address>0x838</load_address>
         <run_address>0x838</run_address>
         <size>0x30</size>
         <input_file_ref idref="fl-45"/>
      </object_component>
      <object_component id="oc-e8">
         <name>.debug_aranges</name>
         <load_address>0x868</load_address>
         <run_address>0x868</run_address>
         <size>0x20</size>
         <input_file_ref idref="fl-46"/>
      </object_component>
      <object_component id="oc-cf">
         <name>.debug_aranges</name>
         <load_address>0x888</load_address>
         <run_address>0x888</run_address>
         <size>0x20</size>
         <input_file_ref idref="fl-49"/>
      </object_component>
      <object_component id="oc-16e">
         <name>.debug_aranges</name>
         <load_address>0x8a8</load_address>
         <run_address>0x8a8</run_address>
         <size>0x20</size>
         <input_file_ref idref="fl-4a"/>
      </object_component>
      <object_component id="oc-1b8">
         <name>.debug_pubnames</name>
         <load_address>0x0</load_address>
         <run_address>0x0</run_address>
         <size>0x21a</size>
         <input_file_ref idref="fl-d"/>
      </object_component>
      <object_component id="oc-1b2">
         <name>.debug_pubnames</name>
         <load_address>0x21a</load_address>
         <run_address>0x21a</run_address>
         <size>0x144</size>
         <input_file_ref idref="fl-16"/>
      </object_component>
      <object_component id="oc-a8">
         <name>.debug_pubnames</name>
         <load_address>0x35e</load_address>
         <run_address>0x35e</run_address>
         <size>0xc2</size>
         <input_file_ref idref="fl-1a"/>
      </object_component>
      <object_component id="oc-a2">
         <name>.debug_pubnames</name>
         <load_address>0x420</load_address>
         <run_address>0x420</run_address>
         <size>0x6e</size>
         <input_file_ref idref="fl-1a"/>
      </object_component>
      <object_component id="oc-1ae">
         <name>.debug_pubnames</name>
         <load_address>0x48e</load_address>
         <run_address>0x48e</run_address>
         <size>0x27a</size>
         <input_file_ref idref="fl-22"/>
      </object_component>
      <object_component id="oc-183">
         <name>.debug_pubnames</name>
         <load_address>0x708</load_address>
         <run_address>0x708</run_address>
         <size>0x177</size>
         <input_file_ref idref="fl-25"/>
      </object_component>
      <object_component id="oc-ad">
         <name>.debug_pubnames</name>
         <load_address>0x87f</load_address>
         <run_address>0x87f</run_address>
         <size>0x4d</size>
         <input_file_ref idref="fl-27"/>
      </object_component>
      <object_component id="oc-f9">
         <name>.debug_pubnames</name>
         <load_address>0x8cc</load_address>
         <run_address>0x8cc</run_address>
         <size>0x4e</size>
         <input_file_ref idref="fl-27"/>
      </object_component>
      <object_component id="oc-c5">
         <name>.debug_pubnames</name>
         <load_address>0x91a</load_address>
         <run_address>0x91a</run_address>
         <size>0x764</size>
         <input_file_ref idref="fl-2c"/>
      </object_component>
      <object_component id="oc-c8">
         <name>.debug_pubnames</name>
         <load_address>0x107e</load_address>
         <run_address>0x107e</run_address>
         <size>0x27</size>
         <input_file_ref idref="fl-30"/>
      </object_component>
      <object_component id="oc-18a">
         <name>.debug_pubnames</name>
         <load_address>0x10a5</load_address>
         <run_address>0x10a5</run_address>
         <size>0x1f</size>
         <input_file_ref idref="fl-35"/>
      </object_component>
      <object_component id="oc-148">
         <name>.debug_pubnames</name>
         <load_address>0x10c4</load_address>
         <run_address>0x10c4</run_address>
         <size>0x2e</size>
         <input_file_ref idref="fl-36"/>
      </object_component>
      <object_component id="oc-9d">
         <name>.debug_pubnames</name>
         <load_address>0x10f2</load_address>
         <run_address>0x10f2</run_address>
         <size>0x1f</size>
         <input_file_ref idref="fl-3c"/>
      </object_component>
      <object_component id="oc-e3">
         <name>.debug_pubnames</name>
         <load_address>0x1111</load_address>
         <run_address>0x1111</run_address>
         <size>0x27</size>
         <input_file_ref idref="fl-3f"/>
      </object_component>
      <object_component id="oc-118">
         <name>.debug_pubnames</name>
         <load_address>0x1138</load_address>
         <run_address>0x1138</run_address>
         <size>0x35</size>
         <input_file_ref idref="fl-40"/>
      </object_component>
      <object_component id="oc-96">
         <name>.debug_pubnames</name>
         <load_address>0x116d</load_address>
         <run_address>0x116d</run_address>
         <size>0x2b</size>
         <input_file_ref idref="fl-42"/>
      </object_component>
      <object_component id="oc-90">
         <name>.debug_pubnames</name>
         <load_address>0x1198</load_address>
         <run_address>0x1198</run_address>
         <size>0x2b</size>
         <input_file_ref idref="fl-43"/>
      </object_component>
      <object_component id="oc-14f">
         <name>.debug_pubnames</name>
         <load_address>0x11c3</load_address>
         <run_address>0x11c3</run_address>
         <size>0x5e</size>
         <input_file_ref idref="fl-44"/>
      </object_component>
      <object_component id="oc-ef">
         <name>.debug_pubnames</name>
         <load_address>0x1221</load_address>
         <run_address>0x1221</run_address>
         <size>0x25</size>
         <input_file_ref idref="fl-44"/>
      </object_component>
      <object_component id="oc-152">
         <name>.debug_pubnames</name>
         <load_address>0x1246</load_address>
         <run_address>0x1246</run_address>
         <size>0x1c</size>
         <input_file_ref idref="fl-45"/>
      </object_component>
      <object_component id="oc-1c4">
         <name>.debug_pubnames</name>
         <load_address>0x1262</load_address>
         <run_address>0x1262</run_address>
         <size>0x1e</size>
         <input_file_ref idref="fl-45"/>
      </object_component>
      <object_component id="oc-196">
         <name>.debug_pubnames</name>
         <load_address>0x1280</load_address>
         <run_address>0x1280</run_address>
         <size>0x43</size>
         <input_file_ref idref="fl-45"/>
      </object_component>
      <object_component id="oc-ec">
         <name>.debug_pubnames</name>
         <load_address>0x12c3</load_address>
         <run_address>0x12c3</run_address>
         <size>0x21</size>
         <input_file_ref idref="fl-46"/>
      </object_component>
      <object_component id="oc-d0">
         <name>.debug_pubnames</name>
         <load_address>0x12e4</load_address>
         <run_address>0x12e4</run_address>
         <size>0x1d</size>
         <input_file_ref idref="fl-49"/>
      </object_component>
      <object_component id="oc-16f">
         <name>.debug_pubnames</name>
         <load_address>0x1301</load_address>
         <run_address>0x1301</run_address>
         <size>0x29</size>
         <input_file_ref idref="fl-4a"/>
      </object_component>
      <object_component id="oc-b0">
         <name>b0_dcsm_otp_z1_linkpointer</name>
         <load_address>0x0</load_address>
         <run_address>0x0</run_address>
         <size>0x0</size>
         <input_file_ref idref="fl-2a"/>
      </object_component>
      <object_component id="oc-b1">
         <name>b0_dcsm_otp_z1_gpreg</name>
         <load_address>0x0</load_address>
         <run_address>0x0</run_address>
         <size>0x0</size>
         <input_file_ref idref="fl-2a"/>
      </object_component>
      <object_component id="oc-b2">
         <name>b0_dcsm_otp_z1_pswdlock</name>
         <load_address>0x0</load_address>
         <run_address>0x0</run_address>
         <size>0x0</size>
         <input_file_ref idref="fl-2a"/>
      </object_component>
      <object_component id="oc-b3">
         <name>b0_dcsm_otp_z1_crclock</name>
         <load_address>0x0</load_address>
         <run_address>0x0</run_address>
         <size>0x0</size>
         <input_file_ref idref="fl-2a"/>
      </object_component>
      <object_component id="oc-b4">
         <name>b0_dcsm_otp_z1_bootctrl</name>
         <load_address>0x0</load_address>
         <run_address>0x0</run_address>
         <size>0x0</size>
         <input_file_ref idref="fl-2a"/>
      </object_component>
      <object_component id="oc-b5">
         <name>b0_dcsm_zsel_z1</name>
         <load_address>0x0</load_address>
         <run_address>0x0</run_address>
         <size>0x0</size>
         <input_file_ref idref="fl-2a"/>
      </object_component>
      <object_component id="oc-b6">
         <name>b1_dcsm_otp_z1_linkpointer</name>
         <load_address>0x0</load_address>
         <run_address>0x0</run_address>
         <size>0x0</size>
         <input_file_ref idref="fl-2a"/>
      </object_component>
      <object_component id="oc-b7">
         <name>b1_dcsm_zsel_z1</name>
         <load_address>0x0</load_address>
         <run_address>0x0</run_address>
         <size>0x0</size>
         <input_file_ref idref="fl-2a"/>
      </object_component>
      <object_component id="oc-b8">
         <name>b0_dcsm_otp_z2_linkpointer</name>
         <load_address>0x0</load_address>
         <run_address>0x0</run_address>
         <size>0x0</size>
         <input_file_ref idref="fl-2b"/>
      </object_component>
      <object_component id="oc-b9">
         <name>b0_dcsm_otp_z2_gpreg</name>
         <load_address>0x0</load_address>
         <run_address>0x0</run_address>
         <size>0x0</size>
         <input_file_ref idref="fl-2b"/>
      </object_component>
      <object_component id="oc-ba">
         <name>b0_dcsm_otp_z2_pswdlock</name>
         <load_address>0x0</load_address>
         <run_address>0x0</run_address>
         <size>0x0</size>
         <input_file_ref idref="fl-2b"/>
      </object_component>
      <object_component id="oc-bb">
         <name>b0_dcsm_otp_z2_crclock</name>
         <load_address>0x0</load_address>
         <run_address>0x0</run_address>
         <size>0x0</size>
         <input_file_ref idref="fl-2b"/>
      </object_component>
      <object_component id="oc-bc">
         <name>b0_dcsm_otp_z2_bootctrl</name>
         <load_address>0x0</load_address>
         <run_address>0x0</run_address>
         <size>0x0</size>
         <input_file_ref idref="fl-2b"/>
      </object_component>
      <object_component id="oc-bd">
         <name>b0_dcsm_zsel_z2</name>
         <load_address>0x0</load_address>
         <run_address>0x0</run_address>
         <size>0x0</size>
         <input_file_ref idref="fl-2b"/>
      </object_component>
      <object_component id="oc-be">
         <name>b1_dcsm_otp_z2_linkpointer</name>
         <load_address>0x0</load_address>
         <run_address>0x0</run_address>
         <size>0x0</size>
         <input_file_ref idref="fl-2b"/>
      </object_component>
      <object_component id="oc-bf">
         <name>b1_dcsm_zsel_z2</name>
         <load_address>0x0</load_address>
         <run_address>0x0</run_address>
         <size>0x0</size>
         <input_file_ref idref="fl-2b"/>
      </object_component>
   </object_component_list>
   <logical_group_list>
      <logical_group id="lg-2" display="no" color="cyan">
         <name>codestart</name>
         <load_address>0x0</load_address>
         <run_address>0x0</run_address>
         <size>0x2</size>
         <contents>
            <object_component_ref idref="oc-ab"/>
         </contents>
      </logical_group>
      <logical_group id="lg-3" display="no" color="cyan">
         <name>.TI.ramfunc</name>
         <load_address>0xf6</load_address>
         <run_address>0xf6</run_address>
         <size>0x4</size>
         <contents>
            <object_component_ref idref="oc-18b"/>
         </contents>
      </logical_group>
      <logical_group id="lg-2a8" display="no" color="cyan">
         <name>.text.1</name>
         <load_address>0x8000</load_address>
         <run_address>0x8000</run_address>
         <size>0x7e9</size>
         <contents>
            <object_component_ref idref="oc-c0"/>
            <object_component_ref idref="oc-1af"/>
            <object_component_ref idref="oc-8d"/>
            <object_component_ref idref="oc-145"/>
            <object_component_ref idref="oc-115"/>
            <object_component_ref idref="oc-9f"/>
            <object_component_ref idref="oc-ed"/>
            <object_component_ref idref="oc-cc"/>
            <object_component_ref idref="oc-9a"/>
            <object_component_ref idref="oc-185"/>
[...]
         <name>CLA_UNDERFLOW_ISR</name>
         <value>0x8488</value>
         <object_component_ref idref="oc-c0"/>
      </symbol>
      <symbol id="sm-2b3">
         <name>ADCA2_ISR</name>
         <value>0x82e4</value>
         <object_component_ref idref="oc-c0"/>
      </symbol>
      <symbol id="sm-2b4">
         <name>ADCC2_ISR</name>
         <value>0x8438</value>
         <object_component_ref idref="oc-c0"/>
      </symbol>
      <symbol id="sm-2b5">
         <name>ADCB2_ISR</name>
         <value>0x830c</value>
         <object_component_ref idref="oc-c0"/>
      </symbol>
      <symbol id="sm-2b6">
         <name>DMA_CH4_ISR</name>
         <value>0x8258</value>
         <object_component_ref idref="oc-c0"/>
      </symbol>
      <symbol id="sm-2b7">
         <name>TIMER2_ISR</name>
         <value>0x800a</value>
         <object_component_ref idref="oc-c0"/>
      </symbol>
      <symbol id="sm-2b8">
         <name>XINT5_ISR</name>
         <value>0x838e</value>
         <object_component_ref idref="oc-c0"/>
      </symbol>
      <symbol id="sm-2b9">
         <name>CLA1_5_ISR</name>
         <value>0x8352</value>
         <object_component_ref idref="oc-c0"/>
      </symbol>
      <symbol id="sm-2ba">
         <name>WAKE_ISR</name>
         <value>0x80fa</value>
         <object_component_ref idref="oc-c0"/>
      </symbol>
      <symbol id="sm-2bb">
         <name>LINA_0_ISR</name>
         <value>0x8410</value>
         <object_component_ref idref="oc-c0"/>
      </symbol>
      <symbol id="sm-2bc">
         <name>ECAP6_ISR</name>
         <value>0x81d6</value>
         <object_component_ref idref="oc-c0"/>
      </symbol>
      <symbol id="sm-2bd">
         <name>PMBUSA_ISR</name>
         <value>0x8424</value>
         <object_component_ref idref="oc-c0"/>
      </symbol>
      <symbol id="sm-2be">
         <name>EPWM8_TZ_ISR</name>
         <value>0x814a</value>
         <object_component_ref idref="oc-c0"/>
      </symbol>
      <symbol id="sm-2bf">
         <name>EPWM7_TZ_ISR</name>
         <value>0x8140</value>
         <object_component_ref idref="oc-c0"/>
      </symbol>
      <symbol id="sm-2c0">
         <name>RTOS_ISR</name>
         <value>0x801e</value>
         <object_component_ref idref="oc-c0"/>
      </symbol>
      <symbol id="sm-2c1">
         <name>EPWM4_ISR</name>
         <value>0x8172</value>
         <object_component_ref idref="oc-c0"/>
      </symbol>
      <symbol id="sm-2c2">
         <name>ADCA3_ISR</name>
         <value>0x82ee</value>
         <object_component_ref idref="oc-c0"/>
      </symbol>
      <symbol id="sm-2c3">
         <name>EPWM2_TZ_ISR</name>
         <value>0x810e</value>
         <object_component_ref idref="oc-c0"/>
      </symbol>
      <symbol id="sm-2c4">
         <name>CLA_OVERFLOW_ISR</name>
         <value>0x847e</value>
         <object_component_ref idref="oc-c0"/>
      </symbol>
      <symbol id="sm-2c5">
         <name>ADCC3_ISR</name>
         <value>0x8442</value>
         <object_component_ref idref="oc-c0"/>
      </symbol>
      <symbol id="sm-2c6">
         <name>ADCB3_ISR</name>
         <value>0x8316</value>
         <object_component_ref idref="oc-c0"/>
      </symbol>
      <symbol id="sm-2c7">
         <name>DMA_CH5_ISR</name>
         <value>0x8262</value>
         <object_component_ref idref="oc-c0"/>
      </symbol>
      <symbol id="sm-2c8">
         <name>XINT4_ISR</name>
         <value>0x8384</value>
         <object_component_ref idref="oc-c0"/>
      </symbol>
      <symbol id="sm-2c9">
         <name>EQEP1_ISR</name>
         <value>0x81fe</value>
         <object_component_ref idref="oc-c0"/>
      </symbol>
      <symbol id="sm-2ca">
         <name>CLA1_6_ISR</name>
         <value>0x835c</value>
         <object_component_ref idref="oc-c0"/>
      </symbol>
      <symbol id="sm-2cb">
         <name>NOTUSED_ISR</name>
         <value>0x84a9</value>
         <object_component_ref idref="oc-c0"/>
      </symbol>
      <symbol id="sm-2cc">
         <name>LINA_1_ISR</name>
         <value>0x841a</value>
         <object_component_ref idref="oc-c0"/>
      </symbol>
      <symbol id="sm-2cd">
         <name>SPIA_RX_ISR</name>
         <value>0x8212</value>
         <object_component_ref idref="oc-c0"/>
      </symbol>
      <symbol id="sm-2ce">
         <name>SPIA_TX_ISR</name>
         <value>0x821c</value>
         <object_component_ref idref="oc-c0"/>
      </symbol>
      <symbol id="sm-2cf">
         <name>ECAP7_ISR</name>
         <value>0x81e0</value>
         <object_component_ref idref="oc-c0"/>
      </symbol>
      <symbol id="sm-2d0">
         <name>EPWM5_ISR</name>
         <value>0x817c</value>
         <object_component_ref idref="oc-c0"/>
      </symbol>
      <symbol id="sm-2d1">
         <name>DMA_CH6_ISR</name>
         <value>0x826c</value>
         <object_component_ref idref="oc-c0"/>
      </symbol>
      <symbol id="sm-2d2">
         <name>RAM_ACCESS_VIOLATION_ISR</name>
         <value>0x846a</value>
         <object_component_ref idref="oc-c0"/>
      </symbol>
      <symbol id="sm-2d3">
         <name>FPU_UNDERFLOW_ISR</name>
         <value>0x83a2</value>
         <object_component_ref idref="oc-c0"/>
      </symbol>
      <symbol id="sm-2d4">
         <name>USER5_ISR</name>
         <value>0x806e</value>
         <object_component_ref idref="oc-c0"/>
      </symbol>
      <symbol id="sm-2d5">
         <name>EQEP2_ISR</name>
         <value>0x8208</value>
         <object_component_ref idref="oc-c0"/>
      </symbol>
      <symbol id="sm-2d6">
         <name>CLA1_7_ISR</name>
         <value>0x8366</value>
         <object_component_ref idref="oc-c0"/>
      </symbol>
      <symbol id="sm-2d7">
         <name>EPWM4_TZ_ISR</name>
         <value>0x8122</value>
         <object_component_ref idref="oc-c0"/>
      </symbol>
      <symbol id="sm-2d8">
         <name>FSITXA1_ISR</name>
         <value>0x83de</value>
         <object_component_ref idref="oc-c0"/>
      </symbol>
      <symbol id="sm-2d9">
         <name>EPWM3_TZ_ISR</name>
         <value>0x8118</value>
         <object_component_ref idref="oc-c0"/>
      </symbol>
      <symbol id="sm-2da">
         <name>EPWM6_ISR</name>
         <value>0x8186</value>
         <object_component_ref idref="oc-c0"/>
      </symbol>
      <symbol id="sm-2db">
         <name>ADCB_EVT_ISR</name>
         <value>0x8302</value>
         <object_component_ref idref="oc-c0"/>
      </symbol>
      <symbol id="sm-2dc">
         <name>EPWM8_ISR</name>
         <value>0x819a</value>
         <object_component_ref idref="oc-c0"/>
      </symbol>
      <symbol id="sm-2dd">
         <name>EMU_ISR</name>
         <value>0x8028</value>
         <object_component_ref idref="oc-c0"/>
      </symbol>
      <symbol id="sm-2de">
         <name>USER11_ISR</name>
         <value>0x80aa</value>
         <object_component_ref idref="oc-c0"/>
      </symbol>
      <symbol id="sm-2df">
         <name>USER4_ISR</name>
         <value>0x8064</value>
         <object_component_ref idref="oc-c0"/>
      </symbol>
      <symbol id="sm-2e0">
         <name>SCIA_RX_ISR</name>
         <value>0x828a</value>
         <object_component_ref idref="oc-c0"/>
      </symbol>
      <symbol id="sm-2e1">
         <name>SCIA_TX_ISR</name>
         <value>0x8294</value>
         <object_component_ref idref="oc-c0"/>
      </symbol>
      <symbol id="sm-2e2">
         <name>SD1DR1_ISR</name>
         <value>0x83b6</value>
         <object_component_ref idref="oc-c0"/>
      </symbol>
      <symbol id="sm-2e3">
         <name>ECAP1_ISR</name>
         <value>0x81a4</value>
         <object_component_ref idref="oc-c0"/>
      </symbol>
      <symbol id="sm-2e4">
         <name>ADCA4_ISR</name>
         <value>0x82f8</value>
         <object_component_ref idref="oc-c0"/>
      </symbol>
      <symbol id="sm-2e5">
         <name>FPU_OVERFLOW_ISR</name>
         <value>0x8398</value>
         <object_component_ref idref="oc-c0"/>
      </symbol>
      <symbol id="sm-2e6">
         <name>ADCC4_ISR</name>
         <value>0x844c</value>
         <object_component_ref idref="oc-c0"/>
      </symbol>
      <symbol id="sm-2e7">
         <name>ADCB4_ISR</name>
         <value>0x8320</value>
         <object_component_ref idref="oc-c0"/>
      </symbol>
      <symbol id="sm-2e8">
         <name>FSITXA2_ISR</name>
         <value>0x83e8</value>
         <object_component_ref idref="oc-c0"/>
      </symbol>
      <symbol id="sm-2e9">
         <name>EPWM7_ISR</name>
         <value>0x8190</value>
         <object_component_ref idref="oc-c0"/>
      </symbol>
      <symbol id="sm-2ea">
         <name>SD1_ISR</name>
         <value>0x83ac</value>
         <object_component_ref idref="oc-c0"/>
      </symbol>
      <symbol id="sm-2eb">
         <name>USER10_ISR</name>
         <value>0x80a0</value>
         <object_component_ref idref="oc-c0"/>
      </symbol>
      <symbol id="sm-2ec">
         <name>XINT1_ISR</name>
         <value>0x80dc</value>
         <object_component_ref idref="oc-c0"/>
      </symbol>
      <symbol id="sm-2ed">
         <name>USER7_ISR</name>
         <value>0x8082</value>
         <object_component_ref idref="oc-c0"/>
      </symbol>
      <symbol id="sm-2ee">
         <name>CLA1_1_ISR</name>
         <value>0x832a</value>
         <object_component_ref idref="oc-c0"/>
      </symbol>
      <symbol id="sm-2ef">
         <name>USER9_ISR</name>
         <value>0x8096</value>
         <object_component_ref idref="oc-c0"/>
      </symbol>
      <symbol id="sm-2f0">
         <name>SD1DR2_ISR</name>
         <value>0x83c0</value>
         <object_component_ref idref="oc-c0"/>
      </symbol>
      <symbol id="sm-2f1">
         <name>ECAP2_ISR</name>
         <value>0x81ae</value>
         <object_component_ref idref="oc-c0"/>
      </symbol>
      <symbol id="sm-2f2">
         <name>EPWM5_TZ_ISR</name>
         <value>0x812c</value>
         <object_component_ref idref="oc-c0"/>
      </symbol>
      <symbol id="sm-2f3">
         <name>CLA1PROMCRC_ISR</name>
         <value>0x8406</value>
         <object_component_ref idref="oc-c0"/>
      </symbol>
      <symbol id="sm-2f4">
         <name>DMA_CH1_ISR</name>
         <value>0x823a</value>
         <object_component_ref idref="oc-c0"/>
      </symbol>
      <symbol id="sm-2f5">
         <name>CLA1_8_ISR</name>
         <value>0x8370</value>
         <object_component_ref idref="oc-c0"/>
      </symbol>
      <symbol id="sm-2f6">
         <name>USER6_ISR</name>
         <value>0x8078</value>
         <object_component_ref idref="oc-c0"/>
      </symbol>
      <symbol id="sm-2f7">
         <name>CLA1_2_ISR</name>
         <value>0x8334</value>
         <object_component_ref idref="oc-c0"/>
      </symbol>
      <symbol id="sm-2f8">
         <name>USER8_ISR</name>
         <value>0x808c</value>
         <object_component_ref idref="oc-c0"/>
      </symbol>
      <symbol id="sm-2f9">
         <name>SD1DR3_ISR</name>
         <value>0x83ca</value>
         <object_component_ref idref="oc-c0"/>
      </symbol>
      <symbol id="sm-2fa">
         <name>SPIB_RX_ISR</name>
         <value>0x8226</value>
         <object_component_ref idref="oc-c0"/>
      </symbol>
      <symbol id="sm-2fb">
         <name>SPIB_TX_ISR</name>
         <value>0x8230</value>
         <object_component_ref idref="oc-c0"/>
      </symbol>
      <symbol id="sm-2fc">
         <name>ECAP3_ISR</name>
         <value>0x81b8</value>
         <object_component_ref idref="oc-c0"/>
      </symbol>
      <symbol id="sm-2fd">
         <name>EPWM1_ISR</name>
         <value>0x8154</value>
         <object_component_ref idref="oc-c0"/>
      </symbol>
      <symbol id="sm-2fe">
         <name>DMA_CH2_ISR</name>
         <value>0x8244</value>
         <object_component_ref idref="oc-c0"/>
      </symbol>
      <symbol id="sm-2ff">
         <name>USER12_ISR</name>
         <value>0x80b4</value>
         <object_component_ref idref="oc-c0"/>
      </symbol>
      <symbol id="sm-300">
         <name>XINT3_ISR</name>
         <value>0x837a</value>
         <object_component_ref idref="oc-c0"/>
      </symbol>
      <symbol id="sm-301">
         <name>USER1_ISR</name>
         <value>0x8046</value>
         <object_component_ref idref="oc-c0"/>
      </symbol>
      <symbol id="sm-302">
         <name>CLA1_3_ISR</name>
         <value>0x833e</value>
         <object_component_ref idref="oc-c0"/>
      </symbol>
      <symbol id="sm-303">
         <name>I2CA_ISR</name>
         <value>0x8276</value>
         <object_component_ref idref="oc-c0"/>
      </symbol>
      <symbol id="sm-304">
         <name>CANA0_ISR</name>
         <value>0x82b2</value>
         <object_component_ref idref="oc-c0"/>
      </symbol>
      <symbol id="sm-305">
         <name>CANB0_ISR</name>
         <value>0x82c6</value>
         <object_component_ref idref="oc-c0"/>
      </symbol>
      <symbol id="sm-306">
         <name>ECAP7_2_ISR</name>
         <value>0x81f4</value>
         <object_component_ref idref="oc-c0"/>
      </symbol>
      <symbol id="sm-307">
         <name>FSIRXA1_ISR</name>
         <value>0x83f2</value>
         <object_component_ref idref="oc-c0"/>
      </symbol>
      <symbol id="sm-308">
         <name>EPWM1_TZ_ISR</name>
         <value>0x8104</value>
         <object_component_ref idref="oc-c0"/>
      </symbol>
      <symbol id="sm-309">
         <name>I2CA_FIFO_ISR</name>
         <value>0x8280</value>
         <object_component_ref idref="oc-c0"/>
      </symbol>
      <symbol id="sm-30a">
         <name>EPWM2_ISR</name>
         <value>0x815e</value>
         <object_component_ref idref="oc-c0"/>
      </symbol>
      <symbol id="sm-30b">
         <name>RAM_CORRECTABLE_ERROR_ISR</name>
         <value>0x8456</value>
         <object_component_ref idref="oc-c0"/>
      </symbol>
      <symbol id="sm-30c">
         <name>DMA_CH3_ISR</name>
         <value>0x824e</value>
         <object_component_ref idref="oc-c0"/>
      </symbol>
      <symbol id="sm-30d">
         <name>ADCC_EVT_ISR</name>
         <value>0x842e</value>
         <object_component_ref idref="oc-c0"/>
      </symbol>
      <symbol id="sm-30e">
         <name>DATALOG_ISR</name>
         <value>0x8014</value>
         <object_component_ref idref="oc-c0"/>
      </symbol>
      <symbol id="sm-30f">
         <name>XINT2_ISR</name>
         <value>0x80e6</value>
         <object_component_ref idref="oc-c0"/>
      </symbol>
      <symbol id="sm-310">
         <name>PIE_RESERVED_ISR</name>
         <value>0x8492</value>
         <object_component_ref idref="oc-c0"/>
      </symbol>
      <symbol id="sm-311">
         <name>SCIB_RX_ISR</name>
         <value>0x829e</value>
         <object_component_ref idref="oc-c0"/>
      </symbol>
      <symbol id="sm-312">
         <name>SCIB_TX_ISR</name>
         <value>0x82a8</value>
         <object_component_ref idref="oc-c0"/>
      </symbol>
      <symbol id="sm-313">
         <name>CANA1_ISR</name>
         <value>0x82bc</value>
         <object_component_ref idref="oc-c0"/>
      </symbol>
      <symbol id="sm-314">
         <name>CANB1_ISR</name>
         <value>0x82d0</value>
         <object_component_ref idref="oc-c0"/>
      </symbol>
      <symbol id="sm-315">
         <name>FSIRXA2_ISR</name>
         <value>0x83fc</value>
         <object_component_ref idref="oc-c0"/>
      </symbol>
      <symbol id="sm-316">
         <name>ILLEGAL_ISR</name>
         <value>0x803c</value>
         <object_component_ref idref="oc-c0"/>
      </symbol>
      <symbol id="sm-317">
         <name>EPWM3_ISR</name>
         <value>0x8168</value>
         <object_component_ref idref="oc-c0"/>
      </symbol>
      <symbol id="sm-318">
         <name>TIMER0_ISR</name>
         <value>0x80f0</value>
         <object_component_ref idref="oc-c0"/>
      </symbol>
      <symbol id="sm-319">
         <name>USER3_ISR</name>
         <value>0x805a</value>
         <object_component_ref idref="oc-c0"/>
      </symbol>
      <symbol id="sm-31a">
         <name>SD1DR4_ISR</name>
         <value>0x83d4</value>
         <object_component_ref idref="oc-c0"/>
      </symbol>
      <symbol id="sm-328">
         <name>PieVectTableInit</name>
         <value>0xa800</value>
         <object_component_ref idref="oc-c6"/>
      </symbol>
      <symbol id="sm-339">
         <name>LED_Init</name>
         <value>0x87ac</value>
         <object_component_ref idref="oc-185"/>
      </symbol>
      <symbol id="sm-348">
         <name>main</name>
         <value>0x86e0</value>
         <object_component_ref idref="oc-145"/>
      </symbol>
      <symbol id="sm-352">
         <name>_c_int00</name>
         <value>0x8795</value>
         <object_component_ref idref="oc-9a"/>
      </symbol>
      <symbol id="sm-353">
         <name>__stack</name>
         <value>0x400</value>
         <object_component_ref idref="oc-c9"/>
      </symbol>
      <symbol id="sm-360">
         <name>_system_pre_init</name>
         <value>0x87e6</value>
         <object_component_ref idref="oc-e0"/>
      </symbol>
      <symbol id="sm-36f">
         <name>__TI_auto_init_nobinit_nopinit</name>
         <value>0x86fa</value>
         <object_component_ref idref="oc-115"/>
      </symbol>
      <symbol id="sm-37d">
         <name>__TI_decompress_none</name>
         <value>0x87d6</value>
         <object_component_ref idref="oc-93"/>
      </symbol>
      <symbol id="sm-391">
         <name>__TI_decompress_lzss</name>
         <value>0x869e</value>
         <object_component_ref idref="oc-8d"/>
      </symbol>
      <symbol id="sm-3a7">
         <name>C$$EXIT</name>
         <value>0x874f</value>
         <object_component_ref idref="oc-ed"/>
      </symbol>
      <symbol id="sm-3a8">
         <name>abort</name>
         <value>0x874f</value>
         <object_component_ref idref="oc-ed"/>
      </symbol>
      <symbol id="sm-3a9">
         <name>exit</name>
         <value>0x8751</value>
         <object_component_ref idref="oc-ed"/>
      </symbol>
      <symbol id="sm-3aa">
         <name>__TI_dtors_ptr</name>
         <value>0xa9c4</value>
         <object_component_ref idref="oc-14d"/>
      </symbol>
      <symbol id="sm-3ab">
         <name>__TI_cleanup_ptr</name>
         <value>0xa9c2</value>
         <object_component_ref idref="oc-14d"/>
      </symbol>
      <symbol id="sm-3ac">
         <name>__TI_enable_exit_profile_output</name>
         <value>0xa9c0</value>
         <object_component_ref idref="oc-14d"/>
      </symbol>
      <symbol id="sm-3c3">
         <name>_nop</name>
         <value>0x87d5</value>
         <object_component_ref idref="oc-193"/>
      </symbol>
      <symbol id="sm-3c4">
         <name>_lock</name>
         <value>0xa9c6</value>
         <object_component_ref idref="oc-150"/>
      </symbol>
      <symbol id="sm-3c5">
         <name>_unlock</name>
         <value>0xa9c8</value>
         <object_component_ref idref="oc-1c2"/>
      </symbol>
      <symbol id="sm-3c6">
         <name>_register_lock</name>
         <value>0x87d1</value>
         <object_component_ref idref="oc-193"/>
      </symbol>
      <symbol id="sm-3c7">
         <name>_register_unlock</name>
         <value>0x87cd</value>
         <object_component_ref idref="oc-193"/>
      </symbol>
      <symbol id="sm-3d6">
         <name>_args_main</name>
         <value>0x87c1</value>
         <object_component_ref idref="oc-e7"/>
      </symbol>
      <symbol id="sm-3ea">
         <name>memcpy</name>
         <value>0x8778</value>
         <object_component_ref idref="oc-cc"/>
      </symbol>
      <symbol id="sm-3f7">
         <name>_system_post_cinit</name>
         <value>0x87e8</value>
         <object_component_ref idref="oc-16a"/>
      </symbol>
      <symbol id="sm-3fa">
         <name>__c_args__</name>
         <value>0x0</value>
      </symbol>
   </symbol_table>
   <title>Link successful</title>
</link_info>
