******************************************************************************
             TMS320C2000 Linker PC v22.6.1                     
******************************************************************************
>> Linked Thu May 23 18:32:44 2024

OUTPUT FILE NAME:   <F280049C_Temp.out>
ENTRY POINT SYMBOL: "_c_int00"  address: 00008795


MEMORY CONFIGURATION

         name            origin    length      used     unused   attr    fill
----------------------  --------  ---------  --------  --------  ----  --------
PAGE 0:
  BEGIN                 00000000   00000002  00000002  00000000  RWIX
  RAMM0                 000000f6   0000030a  00000014  000002f6  RWIX
  RAMLS0                00008000   00000800  000007e9  00000017  RWIX
  RAMLS1                00008800   00000800  0000075d  000000a3  RWIX
  RAMLS2                00009000   00000800  00000352  000004ae  RWIX
  RAMLS3                00009800   00000800  00000000  00000800  RWIX
  RAMLS4                0000a000   00000800  00000000  00000800  RWIX
  RAMLS                 00013ff8   00001800  00000000  00001800  RWIX
  FLASH_BANK0_SEC0      00080000   00001000  00000000  00001000  RWIX
  FLASH_BANK0_SEC1      00081000   00001000  00000000  00001000  RWIX
  FLASH_BANK0_SEC2      00082000   00001000  00000000  00001000  RWIX
  FLASH_BANK0_SEC3      00083000   00001000  00000000  00001000  RWIX
  FLASH_BANK0_SEC4      00084000   00001000  00000000  00001000  RWIX
  FLASH_BANK0_SEC5      00085000   00001000  00000000  00001000  RWIX
  FLASH_BANK0_SEC6      00086000   00001000  00000000  00001000  RWIX
  FLASH_BANK0_SEC7      00087000   00001000  00000000  00001000  RWIX
  FLASH_BANK0_SEC8      00088000   00001000  00000000  00001000  RWIX
  FLASH_BANK0_SEC9      00089000   00001000  00000000  00001000  RWIX
  FLASH_BANK0_SEC10     0008a000   00001000  00000000  00001000  RWIX
  FLASH_BANK0_SEC11     0008b000   00001000  00000000  00001000  RWIX
  FLASH_BANK0_SEC12     0008c000   00001000  00000000  00001000  RWIX
  FLASH_BANK0_SEC13     0008d000   00001000  00000000  00001000  RWIX
  FLASH_BANK0_SEC14     0008e000   00001000  00000000  00001000  RWIX
  FLASH_BANK0_SEC15     0008f000   00001000  00000000  00001000  RWIX
  FLASH_BANK1_SEC0      00090000   00001000  00000000  00001000  RWIX
  FLASH_BANK1_SEC1      00091000   00001000  00000000  00001000  RWIX
  FLASH_BANK1_SEC2      00092000   00001000  00000000  00001000  RWIX
  FLASH_BANK1_SEC3      00093000   00001000  00000000  00001000  RWIX
  FLASH_BANK1_SEC4      00094000   00001000  00000000  00001000  RWIX
  FLASH_BANK1_SEC5      00095000   00001000  00000000  00001000  RWIX
  FLASH_BANK1_SEC6      00096000   00001000  00000000  00001000  RWIX
  FLASH_BANK1_SEC7      00097000   00001000  00000000  00001000  RWIX
  FLASH_BANK1_SEC8      00098000   00001000  00000000  00001000  RWIX
  FLASH_BANK1_SEC9      00099000   00001000  00000000  00001000  RWIX
  FLASH_BANK1_SEC10     0009a000   00001000  00000000  00001000  RWIX
  FLASH_BANK1_SEC11     0009b000   00001000  00000000  00001000  RWIX
  FLASH_BANK1_SEC12     0009c000   00001000  00000000  00001000  RWIX
  FLASH_BANK1_SEC13     0009d000   00001000  00000000  00001000  RWIX
  FLASH_BANK1_SEC14     0009e000   00001000  00000000  00001000  RWIX
  FLASH_BANK1_SEC15     0009f000   00001000  00000000  00001000  RWIX
  RESET                 003fffc0   00000002  00000000  00000002  RWIX

PAGE 1:
  BOOT_RSVD             00000002   000000f1  00000000  000000f1  RWIX
  RAMM1                 00000400   000003f8  00000200  000001f8  RWIX
  ADCARESULT            00000b00   00000018  00000000  00000018  RWIX
  ADCBRESULT            00000b20   00000018  00000000  00000018  RWIX
  ADCCRESULT            00000b40   00000018  00000000  00000018  RWIX
  CPUTIMER0             00000c00   00000008  00000000  00000008  RWIX
  CPUTIMER1             00000c08   00000008  00000000  00000008  RWIX
  CPUTIMER2             00000c10   00000008  00000000  00000008  RWIX
  PIECTRL               00000ce0   0000001a  00000000  0000001a  RWIX
  PIEVECTTABLE          00000d00   00000200  00000000  00000200  RWIX
  DMA                   00001000   00000200  00000000  00000200  RWIX
  CLA1                  00001400   00000080  00000000  00000080  RWIX
  CLB1LOGICCFG          00003000   00000052  00000000  00000052  RWIX
  CLB1LOGICCTRL         00003100   00000040  00000000  00000040  RWIX
  CLB1DATAEXCH          00003200   00000200  00000000  00000200  RWIX
  CLB2LOGICCFG          00003400   00000052  00000000  00000052  RWIX
  CLB2LOGICCTRL         00003500   00000040  00000000  00000040  RWIX
  CLB2DATAEXCH          00003600   00000200  00000000  00000200  RWIX
  CLB3LOGICCFG          00003800   00000052  00000000  00000052  RWIX
  CLB3LOGICCTRL         00003900   00000040  00000000  00000040  RWIX
  CLB3DATAEXCH          00003a00   00000200  00000000  00000200  RWIX
  CLB4LOGICCFG          00003c00   00000052  00000000  00000052  RWIX
  CLB4LOGICCTRL         00003d00   00000040  00000000  00000040  RWIX
  CLB4DATAEXCH          00003e00   00000200  00000000  00000200  RWIX
  EPWM1                 00004000   00000100  00000000  00000100  RWIX
  EPWM2                 00004100   00000100  00000000  00000100  RWIX
  EPWM3                 00004200   00000100  00000000  00000100  RWIX
  EPWM4                 00004300   00000100  00000000  00000100  RWIX
  EPWM5                 00004400   00000100  00000000  00000100  RWIX
  EPWM6                 00004500   00000100  00000000  00000100  RWIX
  EPWM7                 00004600   00000100  00000000  00000100  RWIX
  EPWM8                 00004700   00000100  00000000  00000100  RWIX
  EQEP1                 00005100   00000040  00000000  00000040  RWIX
  EQEP2                 00005140   00000040  00000000  00000040  RWIX
  ECAP1                 00005200   0000001e  00000000  0000001e  RWIX
  ECAP2                 00005240   0000001e  00000000  0000001e  RWIX
  ECAP3                 00005280   0000001e  00000000  0000001e  RWIX
  ECAP4                 000052c0   0000001e  00000000  0000001e  RWIX
  ECAP5                 00005300   0000001e  00000000  0000001e  RWIX
  ECAP6                 00005340   0000001e  00000000  0000001e  RWIX
  HRCAP6                00005360   00000020  00000000  00000020  RWIX
  ECAP7                 00005380   0000001e  00000000  0000001e  RWIX
  HRCAP7                000053a0   00000020  00000000  00000020  RWIX
  PGA1                  00005b00   00000010  00000000  00000010  RWIX
  PGA2                  00005b10   00000010  00000000  00000010  RWIX
  PGA3                  00005b20   00000010  00000000  00000010  RWIX
  PGA4                  00005b30   00000010  00000000  00000010  RWIX
  PGA5                  00005b40   00000010  00000000  00000010  RWIX
  PGA6                  00005b50   00000010  00000000  00000010  RWIX
  PGA7                  00005b60   00000010  00000000  00000010  RWIX
  DACA                  00005c00   00000008  00000000  00000008  RWIX
  DACB                  00005c10   00000008  00000000  00000008  RWIX
  CMPSS1                00005c80   00000020  00000000  00000020  RWIX
  CMPSS2                00005ca0   00000020  00000000  00000020  RWIX
  CMPSS3                00005cc0   00000020  00000000  00000020  RWIX
  CMPSS4                00005ce0   00000020  00000000  00000020  RWIX
  CMPSS5                00005d00   00000020  00000000  00000020  RWIX
  CMPSS6                00005d20   00000020  00000000  00000020  RWIX
  CMPSS7                00005d40   00000020  00000000  00000020  RWIX
  SDFM1                 00005e00   00000070  00000000  00000070  RWIX
  SPIA                  00006100   00000010  00000000  00000010  RWIX
  SPIB                  00006110   00000010  00000000  00000010  RWIX
  CLAPROMCRC0           000061c0   00000020  00000000  00000020  RWIX
  PMBUSA                00006400   00000020  00000000  00000020  RWIX
  FSITXA                00006600   00000050  00000000  00000050  RWIX
  FSIRXA                00006680   00000050  00000000  00000050  RWIX
  LINA                  00006a00   000000ec  00000000  000000ec  RWIX
  WD                    00007000   0000002c  00000000  0000002c  RWIX
  NMIINTRUPT            00007060   00000008  00000000  00000008  RWIX
  XINT                  00007070   0000000c  00000000  0000000c  RWIX
  SCIA                  00007200   00000010  00000000  00000010  RWIX
  SCIB                  00007210   00000010  00000000  00000010  RWIX
  I2CA                  00007300   00000022  00000000  00000022  RWIX
  ADCA                  00007400   00000080  00000000  00000080  RWIX
  ADCB                  00007480   00000080  00000000  00000080  RWIX
  ADCC                  00007500   00000080  00000000  00000080  RWIX
  INPUTXBAR             00007900   00000020  00000000  00000020  RWIX
  XBAR                  00007920   00000020  00000000  00000020  RWIX
  SYNCSOC               00007940   00000006  00000000  00000006  RWIX
  DMACLASRCSEL          00007980   0000001a  00000000  0000001a  RWIX
  EPWMXBAR              00007a00   00000040  00000000  00000040  RWIX
  CLBXBAR               00007a40   00000040  00000000  00000040  RWIX
  OUTPUTXBAR            00007a80   00000040  00000000  00000040  RWIX
  GPIOCTRL              00007c00   00000200  00000000  00000200  RWIX
  GPIODATA              00007f00   00000040  00000000  00000040  RWIX
  RAMLS5                0000a800   00000800  000001ca  00000636  RWIX
  RAMLS6                0000b000   00000800  00000000  00000800  RWIX
  RAMLS7                0000b800   00000800  00000000  00000800  RWIX
  RAMGS0                0000c000   00002000  00000000  00002000  RWIX
  RAMGS1                0000e000   00002000  00000000  00002000  RWIX
  RAMGS2                00010000   00002000  00000000  00002000  RWIX
  RAMGS3                00012000   00001ff8  00000000  00001ff8  RWIX
  CANA                  00048000   00000200  00000000  00000200  RWIX
  CANB                  0004a000   00000200  00000000  00000200  RWIX
  DEVCFG                0005d000   00000180  00000000  00000180  RWIX
  CLKCFG                0005d200   00000036  00000000  00000036  RWIX
  CPUSYS                0005d300   00000082  00000000  00000082  RWIX
  SYSPERIPHAC           0005d500   00000200  00000000  00000200  RWIX
  ANALOGSUBSYS          0005d700   00000090  00000000  00000090  RWIX
  DCC0                  0005e700   0000002c  00000000  0000002c  RWIX
  ERADGLOBAL            0005e800   00000014  00000000  00000014  RWIX
  ERADHWBP1             0005e900   00000008  00000000  00000008  RWIX
  ERADHWBP2             0005e908   00000008  00000000  00000008  RWIX
  ERADHWBP3             0005e910   00000008  00000000  00000008  RWIX
  ERADHWBP4             0005e918   00000008  00000000  00000008  RWIX
  ERADHWBP5             0005e920   00000008  00000000  00000008  RWIX
  ERADHWBP6             0005e928   00000008  00000000  00000008  RWIX
  ERADHWBP7             0005e930   00000008  00000000  00000008  RWIX
  ERADHWBP8             0005e938   00000008  00000000  00000008  RWIX
  ERADCOUNTER1          0005e980   00000010  00000000  00000010  RWIX
  ERADCOUNTER2          0005e990   00000010  00000000  00000010  RWIX
  ERADCOUNTER3          0005e9a0   00000010  00000000  00000010  RWIX
  ERADCOUNTER4          0005e9b0   00000010  00000000  00000010  RWIX
  DCSMBANK0Z1           0005f000   00000024  00000000  00000024  RWIX
  DCSMBANK0Z2           0005f040   00000024  00000000  00000024  RWIX
  DCSMCOMMON            0005f070   00000010  00000000  00000010  RWIX
  DCSMBANK1Z1           0005f100   00000024  00000000  00000024  RWIX
  DCSMBANK1Z2           0005f140   00000024  00000000  00000024  RWIX
  MEMCFG                0005f400   00000080  00000000  00000080  RWIX
  ACCESSPROTECTION      0005f4c0   00000040  00000000  00000040  RWIX
  MEMORYERROR           0005f500   00000040  00000000  00000040  RWIX
  FLASH0CTRL            0005f800   00000182  00000000  00000182  RWIX
  FLASH0ECC             0005fb00   00000028  00000000  00000028  RWIX


SECTION ALLOCATION MAP

 output                                  attributes/
section   page    origin      length       input sections
--------  ----  ----------  ----------   ----------------
codestart 
*          0    00000000    00000002     
                  00000000    00000002     f28004x_codestartbranch.obj (codestart)

.TI.ramfunc 
*          0    000000f6    00000004     
                  000000f6    00000004     sysctl.obj (.TI.ramfunc)

.cinit     0    000000fa    00000010     
                  000000fa    00000008     (.cinit..data.load) [load image, compression = lzss]
                  00000102    00000004     (__TI_handler_table)
                  00000106    00000004     (__TI_cinit_table)

.reset     0    003fffc0    00000000     DSECT

.stack     1    00000400    00000200     UNINITIALIZED
                  00000400    00000200     --HOLE--

.init_array 
*          0    000000f6    00000000     UNINITIALIZED

.const     1    0000a800    000001c0     
                  0000a800    000001c0     f28004x_pievect.obj (.const)

.data      1    0000a9c0    0000000a     UNINITIALIZED
                  0000a9c0    00000006     rts2800_fpu32_eabi.lib : exit.c.obj (.data)
                  0000a9c6    00000002                            : _lock.c.obj (.data:_lock)
                  0000a9c8    00000002                            : _lock.c.obj (.data:_unlock)

b0_dcsm_otp_z1_linkpointer 
*          0    00000000    00000000     

b0_dcsm_otp_z1_gpreg 
*          0    00000000    00000000     

b0_dcsm_otp_z1_pswdlock 
*          0    00000000    00000000     

b0_dcsm_otp_z1_crclock 
*          0    00000000    00000000     

b0_dcsm_otp_z1_bootctrl 
*          0    00000000    00000000     

b0_dcsm_zsel_z1 
*          0    00000000    00000000     

b1_dcsm_otp_z1_linkpointer 
*          0    00000000    00000000     

b1_dcsm_zsel_z1 
*          0    00000000    00000000     

b0_dcsm_otp_z2_linkpointer 
*          0    00000000    00000000     

b0_dcsm_otp_z2_gpreg 
*          0    00000000    00000000     

b0_dcsm_otp_z2_pswdlock 
*          0    00000000    00000000     

b0_dcsm_otp_z2_crclock 
*          0    00000000    00000000     

b0_dcsm_otp_z2_bootctrl 
*          0    00000000    00000000     

b0_dcsm_zsel_z2 
*          0    00000000    00000000     

b1_dcsm_otp_z2_linkpointer 
*          0    00000000    00000000     

b1_dcsm_zsel_z2 
*          0    00000000    00000000     

.text.1    0    00008000    000007e9     
                  00008000    000004b3     f28004x_defaultisr.obj (.text:retain)
                  000084b3    000001eb     gpio.obj (.text)
                  0000869e    0000002e     rts2800_fpu32_eabi.lib : copy_decompress_lzss.c.obj (.text:decompress:lzss)
                  000086cc    0000002e     main.obj (.text)
                  000086fa    0000002b     rts2800_fpu32_eabi.lib : autoinit.c.obj (.text:__TI_auto_init_nobinit_nopinit)
                  00008725    0000002a     interrupt.obj (.text:retain)
                  0000874f    00000029     rts2800_fpu32_eabi.lib : exit.c.obj (.text)
                  00008778    0000001d                            : memcpy.c.obj (.text)
                  00008795    00000017                            : boot28.asm.obj (.text)
                  000087ac    00000015     led.obj (.text)
                  000087c1    0000000c     rts2800_fpu32_eabi.lib : args_main.c.obj (.text)
                  000087cd    00000009                            : _lock.c.obj (.text)
                  000087d6    00000008                            : copy_decompress_none.c.obj (.text:decompress:none)
                  000087de    00000008     f28004x_codestartbranch.obj (.text)
                  000087e6    00000002     rts2800_fpu32_eabi.lib : pre_init.c.obj (.text)
                  000087e8    00000001                            : startup.c.obj (.text)

.text.2    0    00008800    0000075d     
                  00008800    00000403     sysctl.obj (.text)
                  00008c03    0000035a     dcc.obj (.text)

.text.3    0    00009000    00000352     
                  00009000    000001df     device.obj (.text)
                  000091df    00000173     interrupt.obj (.text)

MODULE SUMMARY

       Module                        code   ro data   rw data
       ------                        ----   -------   -------
    .\3.device\source\
       sysctl.obj                    1031   0         0      
       dcc.obj                       858    0         0      
       gpio.obj                      491    0         0      
       interrupt.obj                 413    0         0      
    +--+-----------------------------+------+---------+---------+
       Total:                        2793   0         0      
                                                             
    .\4.common\source\
       f28004x_defaultisr.obj        1203   0         0      
       device.obj                    479    0         0      
       f28004x_pievect.obj           0      448       0      
       f28004x_codestartbranch.obj   10     0         0      
    +--+-----------------------------+------+---------+---------+
       Total:                        1692   448       0      
                                                             
    .\6.user\
       main.obj                      46     0         0      
       led.obj                       21     0         0      
    +--+-----------------------------+------+---------+---------+
       Total:                        67     0         0      
                                                             
    ../2.math_lib/rts2800_fpu32_eabi.lib
       exit.c.obj                    41     0         6      
       copy_decompress_lzss.c.obj    46     0         0      
       autoinit.c.obj                43     0         0      
       memcpy.c.obj                  29     0         0      
       boot28.asm.obj                23     0         0      
       _lock.c.obj                   9      0         4      
       args_main.c.obj               12     0         0      
       copy_decompress_none.c.obj    8      0         0      
       pre_init.c.obj                2      0         0      
       startup.c.obj                 1      0         0      
    +--+-----------------------------+------+---------+---------+
       Total:                        214    0         10     
                                                             
       Stack:                        0      0         512    
       Linker Generated:             0      16        0      
    +--+-----------------------------+------+---------+---------+
       Grand Total:                  4766   464       522    


LINKER GENERATED COPY TABLES

__TI_cinit_table @ 00000106 records: 1, size/record: 4, table size: 4
	.data: load addr=000000fa, load size=00000008 bytes, run addr=0000a9c0, run size=0000000a bytes, compression=lzss


LINKER GENERATED HANDLER TABLE

__TI_handler_table @ 00000102 records: 2, size/record: 2, table size: 4
	index: 0, handler: __TI_decompress_lzss
	index: 1, handler: __TI_decompress_none


GLOBAL DATA SYMBOLS: SORTED BY DATA PAGE

address     data page           name
--------    ----------------    ----
00000400      10 (00000400)     __stack

0000a800     2a0 (0000a800)     PieVectTableInit

0000a9c0     2a7 (0000a9c0)     __TI_enable_exit_profile_output
0000a9c2     2a7 (0000a9c0)     __TI_cleanup_ptr
0000a9c4     2a7 (0000a9c0)     __TI_dtors_ptr
0000a9c6     2a7 (0000a9c0)     _lock
0000a9c8     2a7 (0000a9c0)     _unlock


GLOBAL SYMBOLS: SORTED ALPHABETICALLY BY Name 

page  address   name                             
----  -------   ----                             
0     000080be  ADCA1_ISR                        
0     000082e4  ADCA2_ISR                        
0     000082ee  ADCA3_ISR                        
0     000082f8  ADCA4_ISR                        
0     000082da  ADCA_EVT_ISR                     
0     000080c8  ADCB1_ISR                        
0     0000830c  ADCB2_ISR                        
0     00008316  ADCB3_ISR                        
0     00008320  ADCB4_ISR                        
0     00008302  ADCB_EVT_ISR                     
0     000080d2  ADCC1_ISR                        
0     00008438  ADCC2_ISR                        
0     00008442  ADCC3_ISR                        
0     0000844c  ADCC4_ISR                        
0     0000842e  ADCC_EVT_ISR                     
0     0000874f  C$$EXIT                          
0     000082b2  CANA0_ISR                        
0     000082bc  CANA1_ISR                        
0     000082c6  CANB0_ISR                        
0     000082d0  CANB1_ISR                        
0     00008406  CLA1PROMCRC_ISR                  
0     0000832a  CLA1_1_ISR                       
0     00008334  CLA1_2_ISR                       
0     0000833e  CLA1_3_ISR                       
0     00008348  CLA1_4_ISR                       
0     00008352  CLA1_5_ISR                       
0     0000835c  CLA1_6_ISR                       
0     00008366  CLA1_7_ISR                       
0     00008370  CLA1_8_ISR                       
0     0000847e  CLA_OVERFLOW_ISR                 
0     00008488  CLA_UNDERFLOW_ISR                
0     00008014  DATALOG_ISR                      
0     00008ea1  DCC_continuousMonitor            
0     00008d04  DCC_getRevisionNumber            
0     00008ded  DCC_measureClockFrequency        
0     00008d18  DCC_verifyClockFrequency         
0     0000823a  DMA_CH1_ISR                      
0     00008244  DMA_CH2_ISR                      
0     0000824e  DMA_CH3_ISR                      
0     00008258  DMA_CH4_ISR                      
0     00008262  DMA_CH5_ISR                      
0     0000826c  DMA_CH6_ISR                      
0     000090b5  Device_enableAllPeripherals      
0     00009088  Device_init                      
0     00009195  Device_initGPIO                  
0     000091a5  Device_verifyXTAL                
0     000081a4  ECAP1_ISR                        
0     000081ae  ECAP2_ISR                        
0     000081b8  ECAP3_ISR                        
0     000081c2  ECAP4_ISR                        
0     000081cc  ECAP5_ISR                        
0     000081ea  ECAP6_2_ISR                      
0     000081d6  ECAP6_ISR                        
0     000081f4  ECAP7_2_ISR                      
0     000081e0  ECAP7_ISR                        
0     0000849c  EMPTY_ISR                        
0     00008028  EMU_ISR                          
0     00008154  EPWM1_ISR                        
0     00008104  EPWM1_TZ_ISR                     
0     0000815e  EPWM2_ISR                        
0     0000810e  EPWM2_TZ_ISR                     
0     00008168  EPWM3_ISR                        
0     00008118  EPWM3_TZ_ISR                     
0     00008172  EPWM4_ISR                        
0     00008122  EPWM4_TZ_ISR                     
0     0000817c  EPWM5_ISR                        
0     0000812c  EPWM5_TZ_ISR                     
0     00008186  EPWM6_ISR                        
0     00008136  EPWM6_TZ_ISR                     
0     00008190  EPWM7_ISR                        
0     00008140  EPWM7_TZ_ISR                     
0     0000819a  EPWM8_ISR                        
0     0000814a  EPWM8_TZ_ISR                     
0     000081fe  EQEP1_ISR                        
0     00008208  EQEP2_ISR                        
0     00008460  FLASH_CORRECTABLE_ERROR_ISR      
0     00008398  FPU_OVERFLOW_ISR                 
0     000083a2  FPU_UNDERFLOW_ISR                
0     000083f2  FSIRXA1_ISR                      
0     000083fc  FSIRXA2_ISR                      
0     000083de  FSITXA1_ISR                      
0     000083e8  FSITXA2_ISR                      
0     000084e7  GPIO_getDirectionMode            
0     00008570  GPIO_getPadConfig                
0     000085d0  GPIO_getQualificationMode        
0     0000863f  GPIO_setAnalogMode               
0     00008613  GPIO_setControllerCore           
0     000084c0  GPIO_setDirectionMode            
0     000084fd  GPIO_setInterruptPin             
0     00008528  GPIO_setPadConfig                
0     00008667  GPIO_setPinConfig                
0     000085a4  GPIO_setQualificationMode        
0     000085f1  GPIO_setQualificationPeriod      
0     00008280  I2CA_FIFO_ISR                    
0     00008276  I2CA_ISR                         
0     0000803c  ILLEGAL_ISR                      
0     00008725  Interrupt_defaultHandler         
0     00009304  Interrupt_disable                
0     000092cd  Interrupt_enable                 
0     0000873b  Interrupt_illegalOperationHandler
0     00009272  Interrupt_initModule             
0     000092af  Interrupt_initVectorTable        
0     00008745  Interrupt_nmiHandler             
0     000087ac  LED_Init                         
0     00008410  LINA_0_ISR                       
0     0000841a  LINA_1_ISR                       
0     00008032  NMI_ISR                          
0     000084a9  NOTUSED_ISR                      
0     00008492  PIE_RESERVED_ISR                 
0     00008424  PMBUSA_ISR                       
1     0000a800  PieVectTableInit                 
0     0000846a  RAM_ACCESS_VIOLATION_ISR         
0     00008456  RAM_CORRECTABLE_ERROR_ISR        
0     0000801e  RTOS_ISR                         
0     0000828a  SCIA_RX_ISR                      
0     00008294  SCIA_TX_ISR                      
0     0000829e  SCIB_RX_ISR                      
0     000082a8  SCIB_TX_ISR                      
0     000083b6  SD1DR1_ISR                       
0     000083c0  SD1DR2_ISR                       
0     000083ca  SD1DR3_ISR                       
0     000083d4  SD1DR4_ISR                       
0     000083ac  SD1_ISR                          
0     00008212  SPIA_RX_ISR                      
0     0000821c  SPIA_TX_ISR                      
0     00008226  SPIB_RX_ISR                      
0     00008230  SPIB_TX_ISR                      
0     00008474  SYS_PLL_SLIP_ISR                 
0     000000f6  SysCtl_delay                     
0     00008937  SysCtl_getClock                  
0     00008aeb  SysCtl_getDeviceParametric       
0     00008ad1  SysCtl_getLowSpeedClock          
0     00008b46  SysCtl_isPLLValid                
0     00008a9f  SysCtl_selectOscSource           
0     00008a49  SysCtl_selectXTAL                
0     00008a7f  SysCtl_selectXTALSingleEnded     
0     00008995  SysCtl_setClock                  
0     000080f0  TIMER0_ISR                       
0     00008000  TIMER1_ISR                       
0     0000800a  TIMER2_ISR                       
0     000080a0  USER10_ISR                       
0     000080aa  USER11_ISR                       
0     000080b4  USER12_ISR                       
0     00008046  USER1_ISR                        
0     00008050  USER2_ISR                        
0     0000805a  USER3_ISR                        
0     00008064  USER4_ISR                        
0     0000806e  USER5_ISR                        
0     00008078  USER6_ISR                        
0     00008082  USER7_ISR                        
0     0000808c  USER8_ISR                        
0     00008096  USER9_ISR                        
0     000080fa  WAKE_ISR                         
0     000080dc  XINT1_ISR                        
0     000080e6  XINT2_ISR                        
0     0000837a  XINT3_ISR                        
0     00008384  XINT4_ISR                        
0     0000838e  XINT5_ISR                        
0     00000106  __TI_CINIT_Base                  
0     0000010a  __TI_CINIT_Limit                 
0     0000010a  __TI_CINIT_Warm                  
0     00000102  __TI_Handler_Table_Base          
0     00000106  __TI_Handler_Table_Limit         
1     00000600  __TI_STACK_END                   
abs   00000200  __TI_STACK_SIZE                  
0     000086fa  __TI_auto_init_nobinit_nopinit   
1     0000a9c2  __TI_cleanup_ptr                 
0     0000869e  __TI_decompress_lzss             
0     000087d6  __TI_decompress_none             
1     0000a9c4  __TI_dtors_ptr                   
1     0000a9c0  __TI_enable_exit_profile_output  
abs   ffffffff  __TI_pprof_out_hndl              
abs   ffffffff  __TI_prof_data_size              
abs   ffffffff  __TI_prof_data_start             
n/a   UNDEFED   __c_args__                       
0     000091d8  __error__                        
1     00000400  __stack                          
0     000087c1  _args_main                       
0     00008795  _c_int00                         
1     0000a9c6  _lock                            
0     000087d5  _nop                             
0     000087d1  _register_lock                   
0     000087cd  _register_unlock                 
0     000087e8  _system_post_cinit               
0     000087e6  _system_pre_init                 
1     0000a9c8  _unlock                          
0     0000874f  abort                            
0     00000000  code_start                       
0     00008751  exit                             
0     000086e0  main                             
0     00008778  memcpy                           


GLOBAL SYMBOLS: SORTED BY Symbol Address 

page  address   name                             
----  -------   ----                             
0     00000000  code_start                       
0     000000f6  SysCtl_delay                     
0     00000102  __TI_Handler_Table_Base          
0     00000106  __TI_CINIT_Base                  
0     00000106  __TI_Handler_Table_Limit         
0     0000010a  __TI_CINIT_Limit                 
0     0000010a  __TI_CINIT_Warm                  
0     00008000  TIMER1_ISR                       
0     0000800a  TIMER2_ISR                       
0     00008014  DATALOG_ISR                      
0     0000801e  RTOS_ISR                         
0     00008028  EMU_ISR                          
0     00008032  NMI_ISR                          
0     0000803c  ILLEGAL_ISR                      
0     00008046  USER1_ISR                        
0     00008050  USER2_ISR                        
0     0000805a  USER3_ISR                        
0     00008064  USER4_ISR                        
0     0000806e  USER5_ISR                        
0     00008078  USER6_ISR                        
0     00008082  USER7_ISR                        
0     0000808c  USER8_ISR                        
0     00008096  USER9_ISR                        
0     000080a0  USER10_ISR                       
0     000080aa  USER11_ISR                       
0     000080b4  USER12_ISR                       
0     000080be  ADCA1_ISR                        
0     000080c8  ADCB1_ISR                        
0     000080d2  ADCC1_ISR                        
0     000080dc  XINT1_ISR                        
0     000080e6  XINT2_ISR                        
0     000080f0  TIMER0_ISR                       
0     000080fa  WAKE_ISR                         
0     00008104  EPWM1_TZ_ISR                     
0     0000810e  EPWM2_TZ_ISR                     
0     00008118  EPWM3_TZ_ISR                     
0     00008122  EPWM4_TZ_ISR                     
0     0000812c  EPWM5_TZ_ISR                     
0     00008136  EPWM6_TZ_ISR                     
0     00008140  EPWM7_TZ_ISR                     
0     0000814a  EPWM8_TZ_ISR                     
0     00008154  EPWM1_ISR                        
0     0000815e  EPWM2_ISR                        
0     00008168  EPWM3_ISR                        
0     00008172  EPWM4_ISR                        
0     0000817c  EPWM5_ISR                        
0     00008186  EPWM6_ISR                        
0     00008190  EPWM7_ISR                        
0     0000819a  EPWM8_ISR                        
0     000081a4  ECAP1_ISR                        
0     000081ae  ECAP2_ISR                        
0     000081b8  ECAP3_ISR                        
0     000081c2  ECAP4_ISR                        
0     000081cc  ECAP5_ISR                        
0     000081d6  ECAP6_ISR                        
0     000081e0  ECAP7_ISR                        
0     000081ea  ECAP6_2_ISR                      
0     000081f4  ECAP7_2_ISR                      
0     000081fe  EQEP1_ISR                        
0     00008208  EQEP2_ISR                        
0     00008212  SPIA_RX_ISR                      
0     0000821c  SPIA_TX_ISR                      
0     00008226  SPIB_RX_ISR                      
0     00008230  SPIB_TX_ISR                      
0     0000823a  DMA_CH1_ISR                      
0     00008244  DMA_CH2_ISR                      
0     0000824e  DMA_CH3_ISR                      
0     00008258  DMA_CH4_ISR                      
0     00008262  DMA_CH5_ISR                      
0     0000826c  DMA_CH6_ISR                      
0     00008276  I2CA_ISR                         
0     00008280  I2CA_FIFO_ISR                    
0     0000828a  SCIA_RX_ISR                      
0     00008294  SCIA_TX_ISR                      
0     0000829e  SCIB_RX_ISR                      
0     000082a8  SCIB_TX_ISR                      
0     000082b2  CANA0_ISR                        
0     000082bc  CANA1_ISR                        
0     000082c6  CANB0_ISR                        
0     000082d0  CANB1_ISR                        
0     000082da  ADCA_EVT_ISR                     
0     000082e4  ADCA2_ISR                        
0     000082ee  ADCA3_ISR                        
0     000082f8  ADCA4_ISR                        
0     00008302  ADCB_EVT_ISR                     
0     0000830c  ADCB2_ISR                        
0     00008316  ADCB3_ISR                        
0     00008320  ADCB4_ISR                        
0     0000832a  CLA1_1_ISR                       
0     00008334  CLA1_2_ISR                       
0     0000833e  CLA1_3_ISR                       
0     00008348  CLA1_4_ISR                       
0     00008352  CLA1_5_ISR                       
0     0000835c  CLA1_6_ISR                       
0     00008366  CLA1_7_ISR                       
0     00008370  CLA1_8_ISR                       
0     0000837a  XINT3_ISR                        
0     00008384  XINT4_ISR                        
0     0000838e  XINT5_ISR                        
0     00008398  FPU_OVERFLOW_ISR                 
0     000083a2  FPU_UNDERFLOW_ISR                
0     000083ac  SD1_ISR                          
0     000083b6  SD1DR1_ISR                       
0     000083c0  SD1DR2_ISR                       
0     000083ca  SD1DR3_ISR                       
0     000083d4  SD1DR4_ISR                       
0     000083de  FSITXA1_ISR                      
0     000083e8  FSITXA2_ISR                      
0     000083f2  FSIRXA1_ISR                      
0     000083fc  FSIRXA2_ISR                      
0     00008406  CLA1PROMCRC_ISR                  
0     00008410  LINA_0_ISR                       
0     0000841a  LINA_1_ISR                       
0     00008424  PMBUSA_ISR                       
0     0000842e  ADCC_EVT_ISR                     
0     00008438  ADCC2_ISR                        
0     00008442  ADCC3_ISR                        
0     0000844c  ADCC4_ISR                        
0     00008456  RAM_CORRECTABLE_ERROR_ISR        
0     00008460  FLASH_CORRECTABLE_ERROR_ISR      
0     0000846a  RAM_ACCESS_VIOLATION_ISR         
0     00008474  SYS_PLL_SLIP_ISR                 
0     0000847e  CLA_OVERFLOW_ISR                 
0     00008488  CLA_UNDERFLOW_ISR                
0     00008492  PIE_RESERVED_ISR                 
0     0000849c  EMPTY_ISR                        
0     000084a9  NOTUSED_ISR                      
0     000084c0  GPIO_setDirectionMode            
0     000084e7  GPIO_getDirectionMode            
0     000084fd  GPIO_setInterruptPin             
0     00008528  GPIO_setPadConfig                
0     00008570  GPIO_getPadConfig                
0     000085a4  GPIO_setQualificationMode        
0     000085d0  GPIO_getQualificationMode        
0     000085f1  GPIO_setQualificationPeriod      
0     00008613  GPIO_setControllerCore           
0     0000863f  GPIO_setAnalogMode               
0     00008667  GPIO_setPinConfig                
0     0000869e  __TI_decompress_lzss             
0     000086e0  main                             
0     000086fa  __TI_auto_init_nobinit_nopinit   
0     00008725  Interrupt_defaultHandler         
0     0000873b  Interrupt_illegalOperationHandler
0     00008745  Interrupt_nmiHandler             
0     0000874f  C$$EXIT                          
0     0000874f  abort                            
0     00008751  exit                             
0     00008778  memcpy                           
0     00008795  _c_int00                         
0     000087ac  LED_Init                         
0     000087c1  _args_main                       
0     000087cd  _register_unlock                 
0     000087d1  _register_lock                   
0     000087d5  _nop                             
0     000087d6  __TI_decompress_none             
0     000087e6  _system_pre_init                 
0     000087e8  _system_post_cinit               
0     00008937  SysCtl_getClock                  
0     00008995  SysCtl_setClock                  
0     00008a49  SysCtl_selectXTAL                
0     00008a7f  SysCtl_selectXTALSingleEnded     
0     00008a9f  SysCtl_selectOscSource           
0     00008ad1  SysCtl_getLowSpeedClock          
0     00008aeb  SysCtl_getDeviceParametric       
0     00008b46  SysCtl_isPLLValid                
0     00008d04  DCC_getRevisionNumber            
0     00008d18  DCC_verifyClockFrequency         
0     00008ded  DCC_measureClockFrequency        
0     00008ea1  DCC_continuousMonitor            
0     00009088  Device_init                      
0     000090b5  Device_enableAllPeripherals      
0     00009195  Device_initGPIO                  
0     000091a5  Device_verifyXTAL                
0     000091d8  __error__                        
0     00009272  Interrupt_initModule             
0     000092af  Interrupt_initVectorTable        
0     000092cd  Interrupt_enable                 
0     00009304  Interrupt_disable                
1     00000400  __stack                          
1     00000600  __TI_STACK_END                   
1     0000a800  PieVectTableInit                 
1     0000a9c0  __TI_enable_exit_profile_output  
1     0000a9c2  __TI_cleanup_ptr                 
1     0000a9c4  __TI_dtors_ptr                   
1     0000a9c6  _lock                            
1     0000a9c8  _unlock                          
abs   00000200  __TI_STACK_SIZE                  
abs   ffffffff  __TI_pprof_out_hndl              
abs   ffffffff  __TI_prof_data_size              
abs   ffffffff  __TI_prof_data_start             
n/a   UNDEFED   __c_args__                       

[191 symbols]
