<?xml version="1.0" encoding="ISO-8859-1" ?>
<link_info>
   <banner>TMS320C2000 Linker PC v22.6.1.LTS</banner>
   <copyright>Copyright (c) 1996-2018 Texas Instruments Incorporated</copyright>
   <link_time>0x663cd448</link_time>
   <link_errors>0x0</link_errors>
   <output_file>F280049C_Temp.out</output_file>
   <entry_point>
      <name>_c_int00</name>
      <address>0xa3eb</address>
   </entry_point>
   <input_file_list>
      <input_file id="fl-4">
         <path>.\3.device\source\</path>
         <kind>object</kind>
         <file>adc.obj</file>
         <name>adc.obj</name>
      </input_file>
      <input_file id="fl-5">
         <path>.\3.device\source\</path>
         <kind>object</kind>
         <file>asysctl.obj</file>
         <name>asysctl.obj</name>
      </input_file>
      <input_file id="fl-6">
         <path>.\3.device\source\</path>
         <kind>object</kind>
         <file>can.obj</file>
         <name>can.obj</name>
      </input_file>
      <input_file id="fl-7">
         <path>.\3.device\source\</path>
         <kind>object</kind>
         <file>cla.obj</file>
         <name>cla.obj</name>
      </input_file>
      <input_file id="fl-8">
         <path>.\3.device\source\</path>
         <kind>object</kind>
         <file>clapromcrc.obj</file>
         <name>clapromcrc.obj</name>
      </input_file>
      <input_file id="fl-9">
         <path>.\3.device\source\</path>
         <kind>object</kind>
         <file>clb.obj</file>
         <name>clb.obj</name>
      </input_file>
      <input_file id="fl-a">
         <path>.\3.device\source\</path>
         <kind>object</kind>
         <file>cmpss.obj</file>
         <name>cmpss.obj</name>
      </input_file>
      <input_file id="fl-b">
         <path>.\3.device\source\</path>
         <kind>object</kind>
         <file>cputimer.obj</file>
         <name>cputimer.obj</name>
      </input_file>
      <input_file id="fl-c">
         <path>.\3.device\source\</path>
         <kind>object</kind>
         <file>dac.obj</file>
         <name>dac.obj</name>
      </input_file>
      <input_file id="fl-d">
         <path>.\3.device\source\</path>
         <kind>object</kind>
         <file>dcc.obj</file>
         <name>dcc.obj</name>
      </input_file>
      <input_file id="fl-e">
         <path>.\3.device\source\</path>
         <kind>object</kind>
         <file>dcsm.obj</file>
         <name>dcsm.obj</name>
      </input_file>
      <input_file id="fl-f">
         <path>.\3.device\source\</path>
         <kind>object</kind>
         <file>dma.obj</file>
         <name>dma.obj</name>
      </input_file>
      <input_file id="fl-10">
         <path>.\3.device\source\</path>
         <kind>object</kind>
         <file>ecap.obj</file>
         <name>ecap.obj</name>
      </input_file>
      <input_file id="fl-11">
         <path>.\3.device\source\</path>
         <kind>object</kind>
         <file>epwm.obj</file>
         <name>epwm.obj</name>
      </input_file>
      <input_file id="fl-12">
         <path>.\3.device\source\</path>
         <kind>object</kind>
         <file>eqep.obj</file>
         <name>eqep.obj</name>
      </input_file>
      <input_file id="fl-13">
         <path>.\3.device\source\</path>
         <kind>object</kind>
         <file>erad.obj</file>
         <name>erad.obj</name>
      </input_file>
      <input_file id="fl-14">
         <path>.\3.device\source\</path>
         <kind>object</kind>
         <file>flash.obj</file>
         <name>flash.obj</name>
      </input_file>
      <input_file id="fl-15">
         <path>.\3.device\source\</path>
         <kind>object</kind>
         <file>fsi.obj</file>
         <name>fsi.obj</name>
      </input_file>
      <input_file id="fl-16">
         <path>.\3.device\source\</path>
         <kind>object</kind>
         <file>gpio.obj</file>
         <name>gpio.obj</name>
      </input_file>
      <input_file id="fl-17">
         <path>.\3.device\source\</path>
         <kind>object</kind>
         <file>hrcap.obj</file>
         <name>hrcap.obj</name>
      </input_file>
      <input_file id="fl-18">
         <path>.\3.device\source\</path>
         <kind>object</kind>
         <file>hrpwm.obj</file>
         <name>hrpwm.obj</name>
      </input_file>
      <input_file id="fl-19">
         <path>.\3.device\source\</path>
         <kind>object</kind>
         <file>i2c.obj</file>
         <name>i2c.obj</name>
      </input_file>
      <input_file id="fl-1a">
         <path>.\3.device\source\</path>
         <kind>object</kind>
         <file>interrupt.obj</file>
         <name>interrupt.obj</name>
      </input_file>
      <input_file id="fl-1b">
         <path>.\3.device\source\</path>
         <kind>object</kind>
         <file>lin.obj</file>
         <name>lin.obj</name>
      </input_file>
      <input_file id="fl-1c">
         <path>.\3.device\source\</path>
         <kind>object</kind>
         <file>memcfg.obj</file>
         <name>memcfg.obj</name>
      </input_file>
      <input_file id="fl-1d">
         <path>.\3.device\source\</path>
         <kind>object</kind>
         <file>pga.obj</file>
         <name>pga.obj</name>
      </input_file>
      <input_file id="fl-1e">
         <path>.\3.device\source\</path>
         <kind>object</kind>
         <file>pmbus.obj</file>
         <name>pmbus.obj</name>
      </input_file>
      <input_file id="fl-1f">
         <path>.\3.device\source\</path>
         <kind>object</kind>
         <file>sci.obj</file>
         <name>sci.obj</name>
      </input_file>
      <input_file id="fl-20">
         <path>.\3.device\source\</path>
         <kind>object</kind>
         <file>sdfm.obj</file>
         <name>sdfm.obj</name>
      </input_file>
      <input_file id="fl-21">
         <path>.\3.device\source\</path>
         <kind>object</kind>
         <file>spi.obj</file>
         <name>spi.obj</name>
      </input_file>
      <input_file id="fl-22">
         <path>.\3.device\source\</path>
         <kind>object</kind>
         <file>sysctl.obj</file>
         <name>sysctl.obj</name>
      </input_file>
      <input_file id="fl-23">
         <path>.\3.device\source\</path>
         <kind>object</kind>
         <file>version.obj</file>
         <name>version.obj</name>
      </input_file>
      <input_file id="fl-24">
         <path>.\3.device\source\</path>
         <kind>object</kind>
         <file>xbar.obj</file>
         <name>xbar.obj</name>
      </input_file>
      <input_file id="fl-25">
         <path>.\4.common\source\</path>
         <kind>object</kind>
         <file>device.obj</file>
         <name>device.obj</name>
      </input_file>
      <input_file id="fl-26">
         <path>.\4.common\source\</path>
         <kind>object</kind>
         <file>f28004x_adc.obj</file>
         <name>f28004x_adc.obj</name>
      </input_file>
      <input_file id="fl-27">
         <path>.\4.common\source\</path>
         <kind>object</kind>
         <file>f28004x_codestartbranch.obj</file>
         <name>f28004x_codestartbranch.obj</name>
      </input_file>
      <input_file id="fl-28">
         <path>.\4.common\source\</path>
         <kind>object</kind>
         <file>f28004x_cputimers.obj</file>
         <name>f28004x_cputimers.obj</name>
      </input_file>
      <input_file id="fl-29">
         <path>.\4.common\source\</path>
         <kind>object</kind>
         <file>f28004x_dbgier.obj</file>
         <name>f28004x_dbgier.obj</name>
      </input_file>
      <input_file id="fl-2a">
         <path>.\4.common\source\</path>
         <kind>object</kind>
         <file>f28004x_dcsm_z1otp.obj</file>
         <name>f28004x_dcsm_z1otp.obj</name>
      </input_file>
      <input_file id="fl-2b">
         <path>.\4.common\source\</path>
         <kind>object</kind>
         <file>f28004x_dcsm_z2otp.obj</file>
         <name>f28004x_dcsm_z2otp.obj</name>
      </input_file>
      <input_file id="fl-2c">
         <path>.\4.common\source\</path>
         <kind>object</kind>
         <file>f28004x_defaultisr.obj</file>
         <name>f28004x_defaultisr.obj</name>
      </input_file>
      <input_file id="fl-2d">
         <path>.\4.common\source\</path>
         <kind>object</kind>
         <file>f28004x_dma.obj</file>
         <name>f28004x_dma.obj</name>
      </input_file>
      <input_file id="fl-2e">
         <path>.\4.common\source\</path>
         <kind>object</kind>
         <file>f28004x_gpio.obj</file>
         <name>f28004x_gpio.obj</name>
      </input_file>
      <input_file id="fl-2f">
         <path>.\4.common\source\</path>
         <kind>object</kind>
         <file>f28004x_piectrl.obj</file>
         <name>f28004x_piectrl.obj</name>
      </input_file>
      <input_file id="fl-30">
         <path>.\4.common\source\</path>
         <kind>object</kind>
         <file>f28004x_pievect.obj</file>
         <name>f28004x_pievect.obj</name>
      </input_file>
      <input_file id="fl-31">
         <path>.\4.common\source\</path>
         <kind>object</kind>
         <file>f28004x_spi.obj</file>
         <name>f28004x_spi.obj</name>
      </input_file>
      <input_file id="fl-32">
         <path>.\4.common\source\</path>
         <kind>object</kind>
         <file>f28004x_sysctrl.obj</file>
         <name>f28004x_sysctrl.obj</name>
      </input_file>
      <input_file id="fl-33">
         <path>.\4.common\source\</path>
         <kind>object</kind>
         <file>f28004x_usdelay.obj</file>
         <name>f28004x_usdelay.obj</name>
      </input_file>
      <input_file id="fl-34">
         <path>.\5.headers\source\</path>
         <kind>object</kind>
         <file>f28004x_globalvariabledefs.obj</file>
         <name>f28004x_globalvariabledefs.obj</name>
      </input_file>
      <input_file id="fl-35">
         <path>.\6.user\</path>
         <kind>object</kind>
         <file>led.obj</file>
         <name>led.obj</name>
      </input_file>
      <input_file id="fl-36">
         <path>.\6.user\</path>
         <kind>object</kind>
         <file>main.obj</file>
         <name>main.obj</name>
      </input_file>
      <input_file id="fl-3c">
         <path>..\2.math_lib\</path>
         <kind>archive</kind>
         <file>rts2800_fpu32_eabi.lib</file>
         <name>boot28.asm.obj</name>
      </input_file>
      <input_file id="fl-3e">
         <kind>object</kind>
         <file>&lt;internal&gt;</file>
         <name>&lt;internal&gt;</name>
      </input_file>
      <input_file id="fl-3f">
         <path>..\2.math_lib\</path>
         <kind>archive</kind>
         <file>rts2800_fpu32_eabi.lib</file>
         <name>pre_init.c.obj</name>
      </input_file>
      <input_file id="fl-40">
         <path>..\2.math_lib\</path>
         <kind>archive</kind>
         <file>rts2800_fpu32_eabi.lib</file>
         <name>autoinit.c.obj</name>
      </input_file>
      <input_file id="fl-41">
         <path>..\2.math_lib\</path>
         <kind>archive</kind>
         <file>rts2800_fpu32_eabi.lib</file>
         <name>copy_zero_init.c.obj</name>
      </input_file>
      <input_file id="fl-42">
         <path>..\2.math_lib\</path>
         <kind>archive</kind>
         <file>rts2800_fpu32_eabi.lib</file>
         <name>copy_decompress_none.c.obj</name>
      </input_file>
      <input_file id="fl-43">
         <path>..\2.math_lib\</path>
         <kind>archive</kind>
         <file>rts2800_fpu32_eabi.lib</file>
         <name>copy_decompress_lzss.c.obj</name>
      </input_file>
      <input_file id="fl-44">
         <path>..\2.math_lib\</path>
         <kind>archive</kind>
         <file>rts2800_fpu32_eabi.lib</file>
         <name>exit.c.obj</name>
      </input_file>
      <input_file id="fl-45">
         <path>..\2.math_lib\</path>
         <kind>archive</kind>
         <file>rts2800_fpu32_eabi.lib</file>
         <name>_lock.c.obj</name>
      </input_file>
      <input_file id="fl-46">
         <path>..\2.math_lib\</path>
         <kind>archive</kind>
         <file>rts2800_fpu32_eabi.lib</file>
         <name>args_main.c.obj</name>
      </input_file>
      <input_file id="fl-47">
         <path>..\2.math_lib\</path>
         <kind>archive</kind>
         <file>rts2800_fpu32_eabi.lib</file>
         <name>memset.c.obj</name>
      </input_file>
      <input_file id="fl-48">
         <path>..\2.math_lib\</path>
         <kind>archive</kind>
         <file>rts2800_fpu32_eabi.lib</file>
         <name>cpy_tbl.c.obj</name>
      </input_file>
      <input_file id="fl-49">
         <path>..\2.math_lib\</path>
         <kind>archive</kind>
         <file>rts2800_fpu32_eabi.lib</file>
         <name>memcpy.c.obj</name>
      </input_file>
      <input_file id="fl-4a">
         <path>..\2.math_lib\</path>
         <kind>archive</kind>
         <file>rts2800_fpu32_eabi.lib</file>
         <name>startup.c.obj</name>
      </input_file>
      <input_file id="fl-56">
         <path>D:\ti\ccs1250\ccs\tools\compiler\ti-cgt-c2000_22.6.1.LTS\lib\</path>
         <kind>archive</kind>
         <file>rts2800_fpu32_eabi.lib</file>
         <name>s_cos.c.obj</name>
      </input_file>
      <input_file id="fl-57">
         <path>D:\ti\ccs1250\ccs\tools\compiler\ti-cgt-c2000_22.6.1.LTS\lib\</path>
         <kind>archive</kind>
         <file>rts2800_fpu32_eabi.lib</file>
         <name>fd_neg28.asm.obj</name>
      </input_file>
      <input_file id="fl-58">
         <path>D:\ti\ccs1250\ccs\tools\compiler\ti-cgt-c2000_22.6.1.LTS\lib\</path>
         <kind>archive</kind>
         <file>rts2800_fpu32_eabi.lib</file>
         <name>fd_sub28.asm.obj</name>
      </input_file>
      <input_file id="fl-59">
         <path>D:\ti\ccs1250\ccs\tools\compiler\ti-cgt-c2000_22.6.1.LTS\lib\</path>
         <kind>archive</kind>
         <file>rts2800_fpu32_eabi.lib</file>
         <name>fd_toi28.asm.obj</name>
      </input_file>
      <input_file id="fl-5a">
         <path>D:\ti\ccs1250\ccs\tools\compiler\ti-cgt-c2000_22.6.1.LTS\lib\</path>
         <kind>archive</kind>
         <file>rts2800_fpu32_eabi.lib</file>
         <name>ll_cmp28.asm.obj</name>
      </input_file>
      <input_file id="fl-5b">
         <path>D:\ti\ccs1250\ccs\tools\compiler\ti-cgt-c2000_22.6.1.LTS\lib\</path>
         <kind>archive</kind>
         <file>rts2800_fpu32_eabi.lib</file>
         <name>fd_tofsfpu32.asm.obj</name>
      </input_file>
      <input_file id="fl-5c">
         <path>D:\ti\ccs1250\ccs\tools\compiler\ti-cgt-c2000_22.6.1.LTS\lib\</path>
         <kind>archive</kind>
         <file>rts2800_fpu32_eabi.lib</file>
         <name>e_rem_pio2.c.obj</name>
      </input_file>
      <input_file id="fl-5d">
         <path>D:\ti\ccs1250\ccs\tools\compiler\ti-cgt-c2000_22.6.1.LTS\lib\</path>
         <kind>archive</kind>
         <file>rts2800_fpu32_eabi.lib</file>
         <name>k_rem_pio2.c.obj</name>
      </input_file>
      <input_file id="fl-5e">
         <path>D:\ti\ccs1250\ccs\tools\compiler\ti-cgt-c2000_22.6.1.LTS\lib\</path>
         <kind>archive</kind>
         <file>rts2800_fpu32_eabi.lib</file>
         <name>k_cos.c.obj</name>
      </input_file>
      <input_file id="fl-5f">
         <path>D:\ti\ccs1250\ccs\tools\compiler\ti-cgt-c2000_22.6.1.LTS\lib\</path>
         <kind>archive</kind>
         <file>rts2800_fpu32_eabi.lib</file>
         <name>k_sin.c.obj</name>
      </input_file>
      <input_file id="fl-60">
         <path>D:\ti\ccs1250\ccs\tools\compiler\ti-cgt-c2000_22.6.1.LTS\lib\</path>
         <kind>archive</kind>
         <file>rts2800_fpu32_eabi.lib</file>
         <name>s_floor.c.obj</name>
      </input_file>
      <input_file id="fl-61">
         <path>D:\ti\ccs1250\ccs\tools\compiler\ti-cgt-c2000_22.6.1.LTS\lib\</path>
         <kind>archive</kind>
         <file>rts2800_fpu32_eabi.lib</file>
         <name>s_scalbn.c.obj</name>
      </input_file>
      <input_file id="fl-62">
         <path>D:\ti\ccs1250\ccs\tools\compiler\ti-cgt-c2000_22.6.1.LTS\lib\</path>
         <kind>archive</kind>
         <file>rts2800_fpu32_eabi.lib</file>
         <name>fd_add28.asm.obj</name>
      </input_file>
      <input_file id="fl-63">
         <path>D:\ti\ccs1250\ccs\tools\compiler\ti-cgt-c2000_22.6.1.LTS\lib\</path>
         <kind>archive</kind>
         <file>rts2800_fpu32_eabi.lib</file>
         <name>fd_cmp28.asm.obj</name>
      </input_file>
      <input_file id="fl-64">
         <path>D:\ti\ccs1250\ccs\tools\compiler\ti-cgt-c2000_22.6.1.LTS\lib\</path>
         <kind>archive</kind>
         <file>rts2800_fpu32_eabi.lib</file>
         <name>fd_mpy28.asm.obj</name>
      </input_file>
      <input_file id="fl-65">
         <path>D:\ti\ccs1250\ccs\tools\compiler\ti-cgt-c2000_22.6.1.LTS\lib\</path>
         <kind>archive</kind>
         <file>rts2800_fpu32_eabi.lib</file>
         <name>fd_tol28.asm.obj</name>
      </input_file>
      <input_file id="fl-66">
         <path>D:\ti\ccs1250\ccs\tools\compiler\ti-cgt-c2000_22.6.1.LTS\lib\</path>
         <kind>archive</kind>
         <file>rts2800_fpu32_eabi.lib</file>
         <name>ll_aox28.asm.obj</name>
      </input_file>
      <input_file id="fl-67">
         <path>D:\ti\ccs1250\ccs\tools\compiler\ti-cgt-c2000_22.6.1.LTS\lib\</path>
         <kind>archive</kind>
         <file>rts2800_fpu32_eabi.lib</file>
         <name>i_div28.asm.obj</name>
      </input_file>
      <input_file id="fl-68">
         <path>D:\ti\ccs1250\ccs\tools\compiler\ti-cgt-c2000_22.6.1.LTS\lib\</path>
         <kind>archive</kind>
         <file>rts2800_fpu32_eabi.lib</file>
         <name>l_tofd28.asm.obj</name>
      </input_file>
      <input_file id="fl-69">
         <path>D:\ti\ccs1250\ccs\tools\compiler\ti-cgt-c2000_22.6.1.LTS\lib\</path>
         <kind>archive</kind>
         <file>rts2800_fpu32_eabi.lib</file>
         <name>errno.c.obj</name>
      </input_file>
      <input_file id="fl-6a">
         <path>D:\ti\ccs1250\ccs\tools\compiler\ti-cgt-c2000_22.6.1.LTS\lib\</path>
         <kind>archive</kind>
         <file>rts2800_fpu32_eabi.lib</file>
         <name>s_copysign.c.obj</name>
      </input_file>
   </input_file_list>
   <object_component_list>
      <object_component id="oc-ab">
         <name>codestart</name>
         <load_address>0x0</load_address>
         <run_address>0x0</run_address>
         <size>0x2</size>
         <input_file_ref idref="fl-27"/>
      </object_component>
      <object_component id="oc-197">
         <name>.TI.ramfunc</name>
         <load_address>0xf6</load_address>
         <run_address>0xf6</run_address>
         <size>0x4</size>
         <input_file_ref idref="fl-22"/>
      </object_component>
      <object_component id="oc-234">
         <name>.text</name>
         <load_address>0x8000</load_address>
         <run_address>0x8000</run_address>
         <size>0x67c</size>
         <input_file_ref idref="fl-5d"/>
      </object_component>
      <object_component id="oc-a0">
         <name>.text</name>
         <load_address>0x867c</load_address>
         <run_address>0x867c</run_address>
         <size>0x173</size>
         <input_file_ref idref="fl-1a"/>
      </object_component>
      <object_component id="oc-1d7">
         <name>.text</name>
         <load_address>0x87ef</load_address>
         <run_address>0x87ef</run_address>
         <size>0xe</size>
         <input_file_ref idref="fl-58"/>
      </object_component>
      <object_component id="oc-e0">
         <name>.text</name>
         <load_address>0x87fd</load_address>
         <run_address>0x87fd</run_address>
         <size>0x2</size>
         <input_file_ref idref="fl-3f"/>
      </object_component>
      <object_component id="oc-16a">
         <name>.text</name>
         <load_address>0x87ff</load_address>
         <run_address>0x87ff</run_address>
         <size>0x1</size>
         <input_file_ref idref="fl-4a"/>
      </object_component>
      <object_component id="oc-c0">
         <name>.text:retain</name>
         <load_address>0x8800</load_address>
         <run_address>0x8800</run_address>
         <size>0x4b3</size>
         <input_file_ref idref="fl-2c"/>
      </object_component>
      <object_component id="oc-1bb">
         <name>.text</name>
         <load_address>0x8cb3</load_address>
         <run_address>0x8cb3</run_address>
         <size>0x1eb</size>
         <input_file_ref idref="fl-16"/>
      </object_component>
      <object_component id="oc-1e2">
         <name>.text</name>
         <load_address>0x8e9e</load_address>
         <run_address>0x8e9e</run_address>
         <size>0x125</size>
         <input_file_ref idref="fl-5f"/>
      </object_component>
      <object_component id="oc-8d">
         <name>.text:decompress:lzss</name>
         <load_address>0x8fc3</load_address>
         <run_address>0x8fc3</run_address>
         <size>0x2e</size>
         <input_file_ref idref="fl-43"/>
      </object_component>
      <object_component id="oc-e7">
         <name>.text</name>
         <load_address>0x8ff1</load_address>
         <run_address>0x8ff1</run_address>
         <size>0xc</size>
         <input_file_ref idref="fl-46"/>
      </object_component>
      <object_component id="oc-1dc">
         <name>.text</name>
         <load_address>0x9000</load_address>
         <run_address>0x9000</run_address>
         <size>0x431</size>
         <input_file_ref idref="fl-5c"/>
      </object_component>
      <object_component id="oc-1c1">
         <name>.text</name>
         <load_address>0x9431</load_address>
         <run_address>0x9431</run_address>
         <size>0x35a</size>
         <input_file_ref idref="fl-d"/>
      </object_component>
      <object_component id="oc-145">
         <name>.text</name>
         <load_address>0x978b</load_address>
         <run_address>0x978b</run_address>
         <size>0x4b</size>
         <input_file_ref idref="fl-36"/>
      </object_component>
      <object_component id="oc-9f">
         <name>.text:retain</name>
         <load_address>0x97d6</load_address>
         <run_address>0x97d6</run_address>
         <size>0x2a</size>
         <input_file_ref idref="fl-1a"/>
      </object_component>
      <object_component id="oc-1b5">
         <name>.text</name>
         <load_address>0x9800</load_address>
         <run_address>0x9800</run_address>
         <size>0x403</size>
         <input_file_ref idref="fl-22"/>
      </object_component>
      <object_component id="oc-17f">
         <name>.text</name>
         <load_address>0x9c03</load_address>
         <run_address>0x9c03</run_address>
         <size>0x1df</size>
         <input_file_ref idref="fl-25"/>
      </object_component>
      <object_component id="oc-1d1">
         <name>.text</name>
         <load_address>0x9de2</load_address>
         <run_address>0x9de2</run_address>
         <size>0x113</size>
         <input_file_ref idref="fl-5e"/>
      </object_component>
      <object_component id="oc-271">
         <name>.text</name>
         <load_address>0x9ef5</load_address>
         <run_address>0x9ef5</run_address>
         <size>0xe8</size>
         <input_file_ref idref="fl-60"/>
      </object_component>
      <object_component id="oc-192">
         <name>.text</name>
         <load_address>0x9fdd</load_address>
         <run_address>0x9fdd</run_address>
         <size>0x23</size>
         <input_file_ref idref="fl-5b"/>
      </object_component>
      <object_component id="oc-18c">
         <name>.text</name>
         <load_address>0xa000</load_address>
         <run_address>0xa000</run_address>
         <size>0xce</size>
         <input_file_ref idref="fl-56"/>
      </object_component>
      <object_component id="oc-26b">
         <name>.text</name>
         <load_address>0xa0ce</load_address>
         <run_address>0xa0ce</run_address>
         <size>0xa9</size>
         <input_file_ref idref="fl-61"/>
      </object_component>
      <object_component id="oc-215">
         <name>.text</name>
         <load_address>0xa177</load_address>
         <run_address>0xa177</run_address>
         <size>0x9c</size>
         <input_file_ref idref="fl-62"/>
      </object_component>
      <object_component id="oc-20d">
         <name>.text</name>
         <load_address>0xa213</load_address>
         <run_address>0xa213</run_address>
         <size>0x83</size>
         <input_file_ref idref="fl-64"/>
      </object_component>
      <object_component id="oc-115">
         <name>.text:__TI_auto_init_nobinit_nopinit</name>
         <load_address>0xa296</load_address>
         <run_address>0xa296</run_address>
         <size>0x2b</size>
         <input_file_ref idref="fl-40"/>
      </object_component>
      <object_component id="oc-22f">
         <name>.text</name>
         <load_address>0xa2c1</load_address>
         <run_address>0xa2c1</run_address>
         <size>0x2a</size>
         <input_file_ref idref="fl-63"/>
      </object_component>
      <object_component id="oc-ed">
         <name>.text</name>
         <load_address>0xa2eb</load_address>
         <run_address>0xa2eb</run_address>
         <size>0x29</size>
         <input_file_ref idref="fl-44"/>
      </object_component>
      <object_component id="oc-28e">
         <name>.text</name>
         <load_address>0xa314</load_address>
         <run_address>0xa314</run_address>
         <size>0x24</size>
         <input_file_ref idref="fl-6a"/>
      </object_component>
      <object_component id="oc-260">
         <name>.text</name>
         <load_address>0xa338</load_address>
         <run_address>0xa338</run_address>
         <size>0x22</size>
         <input_file_ref idref="fl-67"/>
      </object_component>
      <object_component id="oc-1cb">
         <name>.text</name>
         <load_address>0xa35a</load_address>
         <run_address>0xa35a</run_address>
         <size>0x21</size>
         <input_file_ref idref="fl-59"/>
      </object_component>
      <object_component id="oc-222">
         <name>.text</name>
         <load_address>0xa37b</load_address>
         <run_address>0xa37b</run_address>
         <size>0x1f</size>
         <input_file_ref idref="fl-65"/>
      </object_component>
      <object_component id="oc-cc">
         <name>.text</name>
         <load_address>0xa39a</load_address>
         <run_address>0xa39a</run_address>
         <size>0x1d</size>
         <input_file_ref idref="fl-49"/>
      </object_component>
      <object_component id="oc-227">
         <name>.text</name>
         <load_address>0xa3b7</load_address>
         <run_address>0xa3b7</run_address>
         <size>0x1c</size>
         <input_file_ref idref="fl-68"/>
      </object_component>
      <object_component id="oc-21d">
         <name>.text</name>
         <load_address>0xa3d3</load_address>
         <run_address>0xa3d3</run_address>
         <size>0x18</size>
         <input_file_ref idref="fl-66"/>
      </object_component>
      <object_component id="oc-9a">
         <name>.text</name>
         <load_address>0xa3eb</load_address>
         <run_address>0xa3eb</run_address>
         <size>0x17</size>
         <input_file_ref idref="fl-3c"/>
      </object_component>
      <object_component id="oc-185">
         <name>.text</name>
         <load_address>0xa402</load_address>
         <run_address>0xa402</run_address>
         <size>0x15</size>
         <input_file_ref idref="fl-35"/>
      </object_component>
      <object_component id="oc-19f">
         <name>.text</name>
         <load_address>0xa417</load_address>
         <run_address>0xa417</run_address>
         <size>0x9</size>
         <input_file_ref idref="fl-45"/>
      </object_component>
      <object_component id="oc-1e8">
         <name>.text</name>
         <load_address>0xa420</load_address>
         <run_address>0xa420</run_address>
         <size>0x9</size>
         <input_file_ref idref="fl-57"/>
      </object_component>
      <object_component id="oc-93">
         <name>.text:decompress:none</name>
         <load_address>0xa429</load_address>
         <run_address>0xa429</run_address>
         <size>0x8</size>
         <input_file_ref idref="fl-42"/>
      </object_component>
      <object_component id="oc-f7">
         <name>.text</name>
         <load_address>0xa431</load_address>
         <run_address>0xa431</run_address>
         <size>0x8</size>
         <input_file_ref idref="fl-27"/>
      </object_component>
      <object_component id="oc-378">
         <name>.cinit..data.load</name>
         <load_address>0xfa</load_address>
         <run_address>0xfa</run_address>
         <size>0x9</size>
      </object_component>
      <object_component id="oc-376">
         <name>__TI_handler_table</name>
         <load_address>0x104</load_address>
         <run_address>0x104</run_address>
         <size>0x4</size>
      </object_component>
      <object_component id="oc-377">
         <name>__TI_cinit_table</name>
         <load_address>0x108</load_address>
         <run_address>0x108</run_address>
         <size>0x4</size>
      </object_component>
      <object_component id="oc-c9">
         <name>.stack</name>
         <uninitialized>true</uninitialized>
         <run_address>0x400</run_address>
         <size>0x0</size>
         <input_file_ref idref="fl-3c"/>
      </object_component>
      <object_component id="oc-379">
         <name>.stack</name>
         <uninitialized>true</uninitialized>
         <run_address>0x400</run_address>
         <size>0x0</size>
      </object_component>
      <object_component id="oc-c6">
         <name>.const</name>
         <load_address>0xa800</load_address>
         <run_address>0xa800</run_address>
         <size>0x1c0</size>
         <input_file_ref idref="fl-30"/>
      </object_component>
      <object_component id="oc-265">
         <name>.const:ipio2</name>
         <load_address>0xa9c0</load_address>
         <run_address>0xa9c0</run_address>
         <size>0x84</size>
         <input_file_ref idref="fl-5d"/>
      </object_component>
      <object_component id="oc-212">
         <name>.const</name>
         <load_address>0xaa44</load_address>
         <run_address>0xaa44</run_address>
         <size>0x3c</size>
         <input_file_ref idref="fl-5e"/>
      </object_component>
      <object_component id="oc-22c">
         <name>.const</name>
         <load_address>0xaa80</load_address>
         <run_address>0xaa80</run_address>
         <size>0x64</size>
         <input_file_ref idref="fl-5c"/>
      </object_component>
      <object_component id="oc-28b">
         <name>.const</name>
         <load_address>0xaae4</load_address>
         <run_address>0xaae4</run_address>
         <size>0x1c</size>
         <input_file_ref idref="fl-61"/>
      </object_component>
      <object_component id="oc-23c">
         <name>.const</name>
         <load_address>0xab00</load_address>
         <run_address>0xab00</run_address>
         <size>0x38</size>
         <input_file_ref idref="fl-5f"/>
      </object_component>
      <object_component id="oc-25d">
         <name>.const:init_jk</name>
         <load_address>0xab38</load_address>
         <run_address>0xab38</run_address>
         <size>0x4</size>
         <input_file_ref idref="fl-5d"/>
      </object_component>
      <object_component id="oc-18b">
         <name>.const</name>
         <load_address>0xab3c</load_address>
         <run_address>0xab3c</run_address>
         <size>0x4</size>
         <input_file_ref idref="fl-36"/>
      </object_component>
      <object_component id="oc-268">
         <name>.const</name>
         <load_address>0xab40</load_address>
         <run_address>0xab40</run_address>
         <size>0x2c</size>
         <input_file_ref idref="fl-5d"/>
      </object_component>
      <object_component id="oc-277">
         <name>.const:PIo2</name>
         <load_address>0xab6c</load_address>
         <run_address>0xab6c</run_address>
         <size>0x20</size>
         <input_file_ref idref="fl-5d"/>
      </object_component>
      <object_component id="oc-299">
         <name>.const</name>
         <load_address>0xab8c</load_address>
         <run_address>0xab8c</run_address>
         <size>0xc</size>
         <input_file_ref idref="fl-60"/>
      </object_component>
      <object_component id="oc-1d0">
         <name>.const</name>
         <load_address>0xab98</load_address>
         <run_address>0xab98</run_address>
         <size>0x4</size>
         <input_file_ref idref="fl-56"/>
      </object_component>
      <object_component id="oc-14d">
         <name>.data</name>
         <load_address>0xab9c</load_address>
         <run_address>0xab9c</run_address>
         <size>0x6</size>
         <input_file_ref idref="fl-44"/>
      </object_component>
      <object_component id="oc-150">
         <name>.data:_lock</name>
         <load_address>0xaba2</load_address>
         <run_address>0xaba2</run_address>
         <size>0x2</size>
         <input_file_ref idref="fl-45"/>
      </object_component>
      <object_component id="oc-1f3">
         <name>.data:_unlock</name>
         <load_address>0xaba4</load_address>
         <run_address>0xaba4</run_address>
         <size>0x2</size>
         <input_file_ref idref="fl-45"/>
      </object_component>
      <object_component id="oc-294">
         <name>.data</name>
         <load_address>0xaba6</load_address>
         <run_address>0xaba6</run_address>
         <size>0x1</size>
         <input_file_ref idref="fl-69"/>
      </object_component>
      <object_component id="oc-205">
         <name>.debug_types</name>
         <load_address>0x0</load_address>
         <run_address>0x0</run_address>
         <size>0x6a0</size>
         <input_file_ref idref="fl-d"/>
      </object_component>
      <object_component id="oc-203">
         <name>.debug_types</name>
         <load_address>0x6a0</load_address>
         <run_address>0x6a0</run_address>
         <size>0x531</size>
         <input_file_ref idref="fl-16"/>
      </object_component>
      <object_component id="oc-f5">
         <name>.debug_types</name>
         <load_address>0x0</load_address>
         <run_address>0x0</run_address>
         <size>0x0</size>
         <input_file_ref idref="fl-1a"/>
      </object_component>
      <object_component id="oc-201">
         <name>.debug_types</name>
         <load_address>0xbd1</load_address>
         <run_address>0xbd1</run_address>
         <size>0x8cc</size>
         <input_file_ref idref="fl-22"/>
      </object_component>
      <object_component id="oc-1c8">
         <name>.debug_types</name>
         <load_address>0x149d</load_address>
         <run_address>0x149d</run_address>
         <size>0x25b</size>
         <input_file_ref idref="fl-25"/>
      </object_component>
      <object_component id="oc-fe">
         <name>.debug_types</name>
         <load_address>0x0</load_address>
         <run_address>0x0</run_address>
         <size>0x0</size>
         <input_file_ref idref="fl-2c"/>
      </object_component>
      <object_component id="oc-101">
         <name>.debug_types</name>
         <load_address>0x16f8</load_address>
         <run_address>0x16f8</run_address>
         <size>0x5220</size>
         <input_file_ref idref="fl-30"/>
      </object_component>
      <object_component id="oc-1ca">
         <name>.debug_types</name>
         <load_address>0x0</load_address>
         <run_address>0x0</run_address>
         <size>0x0</size>
         <input_file_ref idref="fl-35"/>
      </object_component>
      <object_component id="oc-199">
         <name>.debug_types</name>
         <load_address>0x6918</load_address>
         <run_address>0x6918</run_address>
         <size>0x56</size>
         <input_file_ref idref="fl-36"/>
      </object_component>
      <object_component id="oc-114">
         <name>.debug_types</name>
         <load_address>0x0</load_address>
         <run_address>0x0</run_address>
         <size>0x0</size>
         <input_file_ref idref="fl-3f"/>
      </object_component>
      <object_component id="oc-171">
         <name>.debug_types</name>
         <load_address>0x696e</load_address>
         <run_address>0x696e</run_address>
         <size>0x49b</size>
         <input_file_ref idref="fl-40"/>
      </object_component>
      <object_component id="oc-d3">
         <name>.debug_types</name>
         <load_address>0x6e09</load_address>
         <run_address>0x6e09</run_address>
         <size>0x1c8</size>
         <input_file_ref idref="fl-42"/>
      </object_component>
      <object_component id="oc-cb">
         <name>.debug_types</name>
         <load_address>0x6fd1</load_address>
         <run_address>0x6fd1</run_address>
         <size>0x191</size>
         <input_file_ref idref="fl-43"/>
      </object_component>
      <object_component id="oc-154">
         <name>.debug_types</name>
         <load_address>0x7162</load_address>
         <run_address>0x7162</run_address>
         <size>0xbf</size>
         <input_file_ref idref="fl-44"/>
      </object_component>
      <object_component id="oc-1a7">
         <name>.debug_types</name>
         <load_address>0x7221</load_address>
         <run_address>0x7221</run_address>
         <size>0x2f</size>
         <input_file_ref idref="fl-45"/>
      </object_component>
      <object_component id="oc-14c">
         <name>.debug_types</name>
         <load_address>0x7250</load_address>
         <run_address>0x7250</run_address>
         <size>0xe1</size>
         <input_file_ref idref="fl-46"/>
      </object_component>
      <object_component id="oc-106">
         <name>.debug_types</name>
         <load_address>0x7331</load_address>
         <run_address>0x7331</run_address>
         <size>0xe3</size>
         <input_file_ref idref="fl-49"/>
      </object_component>
      <object_component id="oc-1af">
         <name>.debug_types</name>
         <load_address>0x0</load_address>
         <run_address>0x0</run_address>
         <size>0x0</size>
         <input_file_ref idref="fl-4a"/>
      </object_component>
      <object_component id="oc-1ee">
         <name>.debug_types</name>
         <load_address>0x7414</load_address>
         <run_address>0x7414</run_address>
         <size>0x12b</size>
         <input_file_ref idref="fl-56"/>
      </object_component>
      <object_component id="oc-23b">
         <name>.debug_types</name>
         <load_address>0x753f</load_address>
         <run_address>0x753f</run_address>
         <size>0xcb</size>
         <input_file_ref idref="fl-5c"/>
      </object_component>
      <object_component id="oc-27b">
         <name>.debug_types</name>
         <load_address>0x760a</load_address>
         <run_address>0x760a</run_address>
         <size>0x158</size>
         <input_file_ref idref="fl-5d"/>
      </object_component>
      <object_component id="oc-21b">
         <name>.debug_types</name>
         <load_address>0x0</load_address>
         <run_address>0x0</run_address>
         <size>0x0</size>
         <input_file_ref idref="fl-5e"/>
      </object_component>
      <object_component id="oc-240">
         <name>.debug_types</name>
         <load_address>0x0</load_address>
         <run_address>0x0</run_address>
         <size>0x0</size>
         <input_file_ref idref="fl-5f"/>
      </object_component>
      <object_component id="oc-29d">
         <name>.debug_types</name>
         <load_address>0x0</load_address>
         <run_address>0x0</run_address>
         <size>0x0</size>
         <input_file_ref idref="fl-60"/>
      </object_component>
      <object_component id="oc-298">
         <name>.debug_types</name>
         <load_address>0x0</load_address>
         <run_address>0x0</run_address>
         <size>0x0</size>
         <input_file_ref idref="fl-61"/>
      </object_component>
      <object_component id="oc-2a9">
         <name>.debug_types</name>
         <load_address>0x0</load_address>
         <run_address>0x0</run_address>
         <size>0x0</size>
         <input_file_ref idref="fl-69"/>
      </object_component>
      <object_component id="oc-2a6">
         <name>.debug_types</name>
         <load_address>0x0</load_address>
         <run_address>0x0</run_address>
         <size>0x0</size>
         <input_file_ref idref="fl-6a"/>
      </object_component>
      <object_component id="oc-1c4">
         <name>.debug_info</name>
         <load_address>0x0</load_address>
         <run_address>0x0</run_address>
         <size>0x1625</size>
         <input_file_ref idref="fl-d"/>
      </object_component>
      <object_component id="oc-1bc">
         <name>.debug_info</name>
         <load_address>0x1625</load_address>
         <run_address>0x1625</run_address>
         <size>0xa87</size>
         <input_file_ref idref="fl-16"/>
      </object_component>
      <object_component id="oc-a2">
         <name>.debug_info</name>
         <load_address>0x20ac</load_address>
         <run_address>0x20ac</run_address>
         <size>0x5da</size>
         <input_file_ref idref="fl-1a"/>
      </object_component>
      <object_component id="oc-a9">
         <name>.debug_info</name>
         <load_address>0x2686</load_address>
         <run_address>0x2686</run_address>
         <size>0x22a</size>
         <input_file_ref idref="fl-1a"/>
      </object_component>
      <object_component id="oc-1b6">
         <name>.debug_info</name>
         <load_address>0x28b0</load_address>
         <run_address>0x28b0</run_address>
         <size>0x14bb</size>
         <input_file_ref idref="fl-22"/>
      </object_component>
      <object_component id="oc-183">
         <name>.debug_info</name>
         <load_address>0x3d6b</load_address>
         <run_address>0x3d6b</run_address>
         <size>0x11c8</size>
         <input_file_ref idref="fl-25"/>
      </object_component>
      <object_component id="oc-ac">
         <name>.debug_info</name>
         <load_address>0x4f33</load_address>
         <run_address>0x4f33</run_address>
         <size>0x119</size>
         <input_file_ref idref="fl-27"/>
      </object_component>
      <object_component id="oc-fa">
         <name>.debug_info</name>
         <load_address>0x504c</load_address>
         <run_address>0x504c</run_address>
         <size>0x11a</size>
         <input_file_ref idref="fl-27"/>
      </object_component>
      <object_component id="oc-c2">
         <name>.debug_info</name>
         <load_address>0x5166</load_address>
         <run_address>0x5166</run_address>
         <size>0x266c</size>
         <input_file_ref idref="fl-2c"/>
      </object_component>
      <object_component id="oc-c7">
         <name>.debug_info</name>
         <load_address>0x77d2</load_address>
         <run_address>0x77d2</run_address>
         <size>0x106</size>
         <input_file_ref idref="fl-30"/>
      </object_component>
      <object_component id="oc-186">
         <name>.debug_info</name>
         <load_address>0x78d8</load_address>
         <run_address>0x78d8</run_address>
         <size>0x164</size>
         <input_file_ref idref="fl-35"/>
      </object_component>
      <object_component id="oc-146">
         <name>.debug_info</name>
         <load_address>0x7a3c</load_address>
         <run_address>0x7a3c</run_address>
         <size>0x279</size>
         <input_file_ref idref="fl-36"/>
      </object_component>
      <object_component id="oc-9b">
         <name>.debug_info</name>
         <load_address>0x7cb5</load_address>
         <run_address>0x7cb5</run_address>
         <size>0x158</size>
         <input_file_ref idref="fl-3c"/>
      </object_component>
      <object_component id="oc-e3">
         <name>.debug_info</name>
         <load_address>0x7e0d</load_address>
         <run_address>0x7e0d</run_address>
         <size>0x14d</size>
         <input_file_ref idref="fl-3f"/>
      </object_component>
      <object_component id="oc-119">
         <name>.debug_info</name>
         <load_address>0x7f5a</load_address>
         <run_address>0x7f5a</run_address>
         <size>0x1bf</size>
         <input_file_ref idref="fl-40"/>
      </object_component>
      <object_component id="oc-96">
         <name>.debug_info</name>
         <load_address>0x8119</load_address>
         <run_address>0x8119</run_address>
         <size>0x1b7</size>
         <input_file_ref idref="fl-42"/>
      </object_component>
      <object_component id="oc-8f">
         <name>.debug_info</name>
         <load_address>0x82d0</load_address>
         <run_address>0x82d0</run_address>
         <size>0x20c</size>
         <input_file_ref idref="fl-43"/>
      </object_component>
      <object_component id="oc-14e">
         <name>.debug_info</name>
         <load_address>0x84dc</load_address>
         <run_address>0x84dc</run_address>
         <size>0x19e</size>
         <input_file_ref idref="fl-44"/>
      </object_component>
      <object_component id="oc-ef">
         <name>.debug_info</name>
         <load_address>0x867a</load_address>
         <run_address>0x867a</run_address>
         <size>0x1a9</size>
         <input_file_ref idref="fl-44"/>
      </object_component>
      <object_component id="oc-151">
         <name>.debug_info</name>
         <load_address>0x8823</load_address>
         <run_address>0x8823</run_address>
         <size>0x107</size>
         <input_file_ref idref="fl-45"/>
      </object_component>
      <object_component id="oc-1f4">
         <name>.debug_info</name>
         <load_address>0x892a</load_address>
         <run_address>0x892a</run_address>
         <size>0x10b</size>
         <input_file_ref idref="fl-45"/>
      </object_component>
      <object_component id="oc-1a3">
         <name>.debug_info</name>
         <load_address>0x8a35</load_address>
         <run_address>0x8a35</run_address>
         <size>0x203</size>
         <input_file_ref idref="fl-45"/>
      </object_component>
      <object_component id="oc-eb">
         <name>.debug_info</name>
         <load_address>0x8c38</load_address>
         <run_address>0x8c38</run_address>
         <size>0x15d</size>
         <input_file_ref idref="fl-46"/>
      </object_component>
      <object_component id="oc-cd">
         <name>.debug_info</name>
         <load_address>0x8d95</load_address>
         <run_address>0x8d95</run_address>
         <size>0x19b</size>
         <input_file_ref idref="fl-49"/>
      </object_component>
      <object_component id="oc-16e">
         <name>.debug_info</name>
         <load_address>0x8f30</load_address>
         <run_address>0x8f30</run_address>
         <size>0x147</size>
         <input_file_ref idref="fl-4a"/>
      </object_component>
      <object_component id="oc-18d">
         <name>.debug_info</name>
         <load_address>0x9077</load_address>
         <run_address>0x9077</run_address>
         <size>0x238</size>
         <input_file_ref idref="fl-56"/>
      </object_component>
      <object_component id="oc-1eb">
         <name>.debug_info</name>
         <load_address>0x92af</load_address>
         <run_address>0x92af</run_address>
         <size>0x127</size>
         <input_file_ref idref="fl-57"/>
      </object_component>
      <object_component id="oc-1d9">
         <name>.debug_info</name>
         <load_address>0x93d6</load_address>
         <run_address>0x93d6</run_address>
         <size>0x13b</size>
         <input_file_ref idref="fl-58"/>
      </object_component>
      <object_component id="oc-1cd">
         <name>.debug_info</name>
         <load_address>0x9511</load_address>
         <run_address>0x9511</run_address>
         <size>0x127</size>
         <input_file_ref idref="fl-59"/>
      </object_component>
      <object_component id="oc-195">
         <name>.debug_info</name>
         <load_address>0x9638</load_address>
         <run_address>0x9638</run_address>
         <size>0x12b</size>
         <input_file_ref idref="fl-5b"/>
      </object_component>
      <object_component id="oc-22d">
         <name>.debug_info</name>
         <load_address>0x9763</load_address>
         <run_address>0x9763</run_address>
         <size>0x210</size>
         <input_file_ref idref="fl-5c"/>
      </object_component>
      <object_component id="oc-1dd">
         <name>.debug_info</name>
         <load_address>0x9973</load_address>
         <run_address>0x9973</run_address>
         <size>0x76d</size>
         <input_file_ref idref="fl-5c"/>
      </object_component>
      <object_component id="oc-25e">
         <name>.debug_info</name>
         <load_address>0xa0e0</load_address>
         <run_address>0xa0e0</run_address>
         <size>0x110</size>
         <input_file_ref idref="fl-5d"/>
      </object_component>
      <object_component id="oc-269">
         <name>.debug_info</name>
         <load_address>0xa1f0</load_address>
         <run_address>0xa1f0</run_address>
         <size>0x166</size>
         <input_file_ref idref="fl-5d"/>
      </object_component>
      <object_component id="oc-278">
         <name>.debug_info</name>
         <load_address>0xa356</load_address>
         <run_address>0xa356</run_address>
         <size>0x10b</size>
         <input_file_ref idref="fl-5d"/>
      </object_component>
      <object_component id="oc-266">
         <name>.debug_info</name>
         <load_address>0xa461</load_address>
         <run_address>0xa461</run_address>
         <size>0x10c</size>
         <input_file_ref idref="fl-5d"/>
      </object_component>
      <object_component id="oc-235">
         <name>.debug_info</name>
         <load_address>0xa56d</load_address>
         <run_address>0xa56d</run_address>
         <size>0x823</size>
         <input_file_ref idref="fl-5d"/>
      </object_component>
      <object_component id="oc-213">
         <name>.debug_info</name>
         <load_address>0xad90</load_address>
         <run_address>0xad90</run_address>
         <size>0x193</size>
         <input_file_ref idref="fl-5e"/>
      </object_component>
      <object_component id="oc-1d2">
         <name>.debug_info</name>
         <load_address>0xaf23</load_address>
         <run_address>0xaf23</run_address>
         <size>0x350</size>
         <input_file_ref idref="fl-5e"/>
      </object_component>
      <object_component id="oc-23d">
         <name>.debug_info</name>
         <load_address>0xb273</load_address>
         <run_address>0xb273</run_address>
         <size>0x195</size>
         <input_file_ref idref="fl-5f"/>
      </object_component>
      <object_component id="oc-1e3">
         <name>.debug_info</name>
         <load_address>0xb408</load_address>
         <run_address>0xb408</run_address>
         <size>0x3a9</size>
         <input_file_ref idref="fl-5f"/>
      </object_component>
      <object_component id="oc-29a">
         <name>.debug_info</name>
         <load_address>0xb7b1</load_address>
         <run_address>0xb7b1</run_address>
         <size>0x107</size>
         <input_file_ref idref="fl-60"/>
      </object_component>
      <object_component id="oc-275">
         <name>.debug_info</name>
         <load_address>0xb8b8</load_address>
         <run_address>0xb8b8</run_address>
         <size>0x235</size>
         <input_file_ref idref="fl-60"/>
      </object_component>
      <object_component id="oc-28c">
         <name>.debug_info</name>
         <load_address>0xbaed</load_address>
         <run_address>0xbaed</run_address>
         <size>0x146</size>
         <input_file_ref idref="fl-61"/>
      </object_component>
      <object_component id="oc-26c">
         <name>.debug_info</name>
         <load_address>0xbc33</load_address>
         <run_address>0xbc33</run_address>
         <size>0x208</size>
         <input_file_ref idref="fl-61"/>
      </object_component>
      <object_component id="oc-216">
         <name>.debug_info</name>
         <load_address>0xbe3b</load_address>
         <run_address>0xbe3b</run_address>
         <size>0x127</size>
         <input_file_ref idref="fl-62"/>
      </object_component>
      <object_component id="oc-232">
         <name>.debug_info</name>
         <load_address>0xbf62</load_address>
         <run_address>0xbf62</run_address>
         <size>0x131</size>
         <input_file_ref idref="fl-63"/>
      </object_component>
      <object_component id="oc-20e">
         <name>.debug_info</name>
         <load_address>0xc093</load_address>
         <run_address>0xc093</run_address>
         <size>0x127</size>
         <input_file_ref idref="fl-64"/>
      </object_component>
      <object_component id="oc-224">
         <name>.debug_info</name>
         <load_address>0xc1ba</load_address>
         <run_address>0xc1ba</run_address>
         <size>0x127</size>
         <input_file_ref idref="fl-65"/>
      </object_component>
      <object_component id="oc-21e">
         <name>.debug_info</name>
         <load_address>0xc2e1</load_address>
         <run_address>0xc2e1</run_address>
         <size>0x1a5</size>
         <input_file_ref idref="fl-66"/>
      </object_component>
      <object_component id="oc-261">
         <name>.debug_info</name>
         <load_address>0xc486</load_address>
         <run_address>0xc486</run_address>
         <size>0x163</size>
         <input_file_ref idref="fl-67"/>
      </object_component>
      <object_component id="oc-228">
         <name>.debug_info</name>
         <load_address>0xc5e9</load_address>
         <run_address>0xc5e9</run_address>
         <size>0x12b</size>
         <input_file_ref idref="fl-68"/>
      </object_component>
      <object_component id="oc-295">
         <name>.debug_info</name>
         <load_address>0xc714</load_address>
         <run_address>0xc714</run_address>
         <size>0x106</size>
         <input_file_ref idref="fl-69"/>
      </object_component>
      <object_component id="oc-290">
         <name>.debug_info</name>
         <load_address>0xc81a</load_address>
         <run_address>0xc81a</run_address>
         <size>0x189</size>
         <input_file_ref idref="fl-6a"/>
      </object_component>
      <object_component id="oc-37f">
         <name>.debug_info</name>
         <load_address>0xc9a3</load_address>
         <run_address>0xc9a3</run_address>
         <size>0xa7</size>
      </object_component>
      <object_component id="oc-1c2">
         <name>.debug_line</name>
         <load_address>0x0</load_address>
         <run_address>0x0</run_address>
         <size>0x313</size>
         <input_file_ref idref="fl-d"/>
      </object_component>
      <object_component id="oc-24e">
         <name>.debug_line</name>
         <load_address>0x313</load_address>
         <run_address>0x313</run_address>
         <size>0x57</size>
         <input_file_ref idref="fl-d"/>
      </object_component>
      <object_component id="oc-1bf">
         <name>.debug_line</name>
         <load_address>0x36a</load_address>
         <run_address>0x36a</run_address>
         <size>0x270</size>
         <input_file_ref idref="fl-16"/>
      </object_component>
      <object_component id="oc-24b">
         <name>.debug_line</name>
         <load_address>0x5da</load_address>
         <run_address>0x5da</run_address>
         <size>0x58</size>
         <input_file_ref idref="fl-16"/>
      </object_component>
      <object_component id="oc-a1">
         <name>.debug_line</name>
         <load_address>0x632</load_address>
         <run_address>0x632</run_address>
         <size>0x1cf</size>
         <input_file_ref idref="fl-1a"/>
      </object_component>
      <object_component id="oc-a8">
         <name>.debug_line</name>
         <load_address>0x801</load_address>
         <run_address>0x801</run_address>
         <size>0x8d</size>
         <input_file_ref idref="fl-1a"/>
      </object_component>
      <object_component id="oc-156">
         <name>.debug_line</name>
         <load_address>0x88e</load_address>
         <run_address>0x88e</run_address>
         <size>0x21</size>
         <input_file_ref idref="fl-1a"/>
      </object_component>
      <object_component id="oc-1b9">
         <name>.debug_line</name>
         <load_address>0x8af</load_address>
         <run_address>0x8af</run_address>
         <size>0x570</size>
         <input_file_ref idref="fl-22"/>
      </object_component>
      <object_component id="oc-248">
         <name>.debug_line</name>
         <load_address>0xe1f</load_address>
         <run_address>0xe1f</run_address>
         <size>0x5a</size>
         <input_file_ref idref="fl-22"/>
      </object_component>
      <object_component id="oc-182">
         <name>.debug_line</name>
         <load_address>0xe79</load_address>
         <run_address>0xe79</run_address>
         <size>0x2cb</size>
         <input_file_ref idref="fl-25"/>
      </object_component>
      <object_component id="oc-207">
         <name>.debug_line</name>
         <load_address>0x1144</load_address>
         <run_address>0x1144</run_address>
         <size>0x5a</size>
         <input_file_ref idref="fl-25"/>
      </object_component>
      <object_component id="oc-af">
         <name>.debug_line</name>
         <load_address>0x119e</load_address>
         <run_address>0x119e</run_address>
         <size>0x5e</size>
         <input_file_ref idref="fl-27"/>
      </object_component>
      <object_component id="oc-f8">
         <name>.debug_line</name>
         <load_address>0x11fc</load_address>
         <run_address>0x11fc</run_address>
         <size>0x66</size>
         <input_file_ref idref="fl-27"/>
      </object_component>
      <object_component id="oc-c5">
         <name>.debug_line</name>
         <load_address>0x1262</load_address>
         <run_address>0x1262</run_address>
         <size>0xb0d</size>
         <input_file_ref idref="fl-2c"/>
      </object_component>
      <object_component id="oc-15a">
         <name>.debug_line</name>
         <load_address>0x1d6f</load_address>
         <run_address>0x1d6f</run_address>
         <size>0x21</size>
         <input_file_ref idref="fl-2c"/>
      </object_component>
      <object_component id="oc-100">
         <name>.debug_line</name>
         <load_address>0x1d90</load_address>
         <run_address>0x1d90</run_address>
         <size>0x49</size>
         <input_file_ref idref="fl-30"/>
      </object_component>
      <object_component id="oc-15d">
         <name>.debug_line</name>
         <load_address>0x1dd9</load_address>
         <run_address>0x1dd9</run_address>
         <size>0xa9</size>
         <input_file_ref idref="fl-30"/>
      </object_component>
      <object_component id="oc-18a">
         <name>.debug_line</name>
         <load_address>0x1e82</load_address>
         <run_address>0x1e82</run_address>
         <size>0x4a</size>
         <input_file_ref idref="fl-35"/>
      </object_component>
      <object_component id="oc-20a">
         <name>.debug_line</name>
         <load_address>0x1ecc</load_address>
         <run_address>0x1ecc</run_address>
         <size>0x58</size>
         <input_file_ref idref="fl-35"/>
      </object_component>
      <object_component id="oc-14a">
         <name>.debug_line</name>
         <load_address>0x1f24</load_address>
         <run_address>0x1f24</run_address>
         <size>0xad</size>
         <input_file_ref idref="fl-36"/>
      </object_component>
      <object_component id="oc-1f1">
         <name>.debug_line</name>
         <load_address>0x1fd1</load_address>
         <run_address>0x1fd1</run_address>
         <size>0x21</size>
         <input_file_ref idref="fl-36"/>
      </object_component>
      <object_component id="oc-9e">
         <name>.debug_line</name>
         <load_address>0x1ff2</load_address>
         <run_address>0x1ff2</run_address>
         <size>0x4f</size>
         <input_file_ref idref="fl-3c"/>
      </object_component>
      <object_component id="oc-e2">
         <name>.debug_line</name>
         <load_address>0x2041</load_address>
         <run_address>0x2041</run_address>
         <size>0x3f</size>
         <input_file_ref idref="fl-3f"/>
      </object_component>
      <object_component id="oc-168">
         <name>.debug_line</name>
         <load_address>0x2080</load_address>
         <run_address>0x2080</run_address>
         <size>0x21</size>
         <input_file_ref idref="fl-3f"/>
      </object_component>
      <object_component id="oc-118">
         <name>.debug_line</name>
         <load_address>0x20a1</load_address>
         <run_address>0x20a1</run_address>
         <size>0x74</size>
         <input_file_ref idref="fl-40"/>
      </object_component>
      <object_component id="oc-1b1">
         <name>.debug_line</name>
         <load_address>0x2115</load_address>
         <run_address>0x2115</run_address>
         <size>0x21</size>
         <input_file_ref idref="fl-40"/>
      </object_component>
      <object_component id="oc-94">
         <name>.debug_line</name>
         <load_address>0x2136</load_address>
         <run_address>0x2136</run_address>
         <size>0x57</size>
         <input_file_ref idref="fl-42"/>
      </object_component>
      <object_component id="oc-108">
         <name>.debug_line</name>
         <load_address>0x218d</load_address>
         <run_address>0x218d</run_address>
         <size>0x21</size>
         <input_file_ref idref="fl-42"/>
      </object_component>
      <object_component id="oc-92">
         <name>.debug_line</name>
         <load_address>0x21ae</load_address>
         <run_address>0x21ae</run_address>
         <size>0x9a</size>
         <input_file_ref idref="fl-43"/>
      </object_component>
      <object_component id="oc-103">
         <name>.debug_line</name>
         <load_address>0x2248</load_address>
         <run_address>0x2248</run_address>
         <size>0x21</size>
         <input_file_ref idref="fl-43"/>
      </object_component>
      <object_component id="oc-19e">
         <name>.debug_line</name>
         <load_address>0x2269</load_address>
         <run_address>0x2269</run_address>
         <size>0x2b</size>
         <input_file_ref idref="fl-44"/>
      </object_component>
      <object_component id="oc-ee">
         <name>.debug_line</name>
         <load_address>0x2294</load_address>
         <run_address>0x2294</run_address>
         <size>0x66</size>
         <input_file_ref idref="fl-44"/>
      </object_component>
      <object_component id="oc-1a9">
         <name>.debug_line</name>
         <load_address>0x22fa</load_address>
         <run_address>0x22fa</run_address>
         <size>0x21</size>
         <input_file_ref idref="fl-44"/>
      </object_component>
      <object_component id="oc-1a6">
         <name>.debug_line</name>
         <load_address>0x231b</load_address>
         <run_address>0x231b</run_address>
         <size>0x2c</size>
         <input_file_ref idref="fl-45"/>
      </object_component>
      <object_component id="oc-246">
         <name>.debug_line</name>
         <load_address>0x2347</load_address>
         <run_address>0x2347</run_address>
         <size>0x2c</size>
         <input_file_ref idref="fl-45"/>
      </object_component>
      <object_component id="oc-1a0">
         <name>.debug_line</name>
         <load_address>0x2373</load_address>
         <run_address>0x2373</run_address>
         <size>0x5f</size>
         <input_file_ref idref="fl-45"/>
      </object_component>
      <object_component id="oc-1f8">
         <name>.debug_line</name>
         <load_address>0x23d2</load_address>
         <run_address>0x23d2</run_address>
         <size>0x21</size>
         <input_file_ref idref="fl-45"/>
      </object_component>
      <object_component id="oc-e9">
         <name>.debug_line</name>
         <load_address>0x23f3</load_address>
         <run_address>0x23f3</run_address>
         <size>0x4e</size>
         <input_file_ref idref="fl-46"/>
      </object_component>
      <object_component id="oc-19b">
         <name>.debug_line</name>
         <load_address>0x2441</load_address>
         <run_address>0x2441</run_address>
         <size>0x30</size>
         <input_file_ref idref="fl-46"/>
      </object_component>
      <object_component id="oc-d1">
         <name>.debug_line</name>
         <load_address>0x2471</load_address>
         <run_address>0x2471</run_address>
         <size>0x63</size>
         <input_file_ref idref="fl-49"/>
      </object_component>
      <object_component id="oc-160">
         <name>.debug_line</name>
         <load_address>0x24d4</load_address>
         <run_address>0x24d4</run_address>
         <size>0x21</size>
         <input_file_ref idref="fl-49"/>
      </object_component>
      <object_component id="oc-16c">
         <name>.debug_line</name>
         <load_address>0x24f5</load_address>
         <run_address>0x24f5</run_address>
         <size>0x3b</size>
         <input_file_ref idref="fl-4a"/>
      </object_component>
      <object_component id="oc-1fb">
         <name>.debug_line</name>
         <load_address>0x2530</load_address>
         <run_address>0x2530</run_address>
         <size>0x21</size>
         <input_file_ref idref="fl-4a"/>
      </object_component>
      <object_component id="oc-190">
         <name>.debug_line</name>
         <load_address>0x2551</load_address>
         <run_address>0x2551</run_address>
         <size>0x5f</size>
         <input_file_ref idref="fl-56"/>
      </object_component>
      <object_component id="oc-243">
         <name>.debug_line</name>
         <load_address>0x25b0</load_address>
         <run_address>0x25b0</run_address>
         <size>0x21</size>
         <input_file_ref idref="fl-56"/>
      </object_component>
      <object_component id="oc-1e9">
         <name>.debug_line</name>
         <load_address>0x25d1</load_address>
         <run_address>0x25d1</run_address>
         <size>0x46</size>
         <input_file_ref idref="fl-57"/>
      </object_component>
      <object_component id="oc-1db">
         <name>.debug_line</name>
         <load_address>0x2617</load_address>
         <run_address>0x2617</run_address>
         <size>0x4a</size>
         <input_file_ref idref="fl-58"/>
      </object_component>
      <object_component id="oc-1cc">
         <name>.debug_line</name>
         <load_address>0x2661</load_address>
         <run_address>0x2661</run_address>
         <size>0x5a</size>
         <input_file_ref idref="fl-59"/>
      </object_component>
      <object_component id="oc-193">
         <name>.debug_line</name>
         <load_address>0x26bb</load_address>
         <run_address>0x26bb</run_address>
         <size>0x5f</size>
         <input_file_ref idref="fl-5b"/>
      </object_component>
      <object_component id="oc-25b">
         <name>.debug_line</name>
         <load_address>0x271a</load_address>
         <run_address>0x271a</run_address>
         <size>0x31</size>
         <input_file_ref idref="fl-5c"/>
      </object_component>
      <object_component id="oc-1e1">
         <name>.debug_line</name>
         <load_address>0x274b</load_address>
         <run_address>0x274b</run_address>
         <size>0x202</size>
         <input_file_ref idref="fl-5c"/>
      </object_component>
      <object_component id="oc-27d">
         <name>.debug_line</name>
         <load_address>0x294d</load_address>
         <run_address>0x294d</run_address>
         <size>0x21</size>
         <input_file_ref idref="fl-5c"/>
      </object_component>
      <object_component id="oc-285">
         <name>.debug_line</name>
         <load_address>0x296e</load_address>
         <run_address>0x296e</run_address>
         <size>0x31</size>
         <input_file_ref idref="fl-5d"/>
      </object_component>
      <object_component id="oc-28a">
         <name>.debug_line</name>
         <load_address>0x299f</load_address>
         <run_address>0x299f</run_address>
         <size>0x31</size>
         <input_file_ref idref="fl-5d"/>
      </object_component>
      <object_component id="oc-29f">
         <name>.debug_line</name>
         <load_address>0x29d0</load_address>
         <run_address>0x29d0</run_address>
         <size>0x31</size>
         <input_file_ref idref="fl-5d"/>
      </object_component>
      <object_component id="oc-288">
         <name>.debug_line</name>
         <load_address>0x2a01</load_address>
         <run_address>0x2a01</run_address>
         <size>0x31</size>
         <input_file_ref idref="fl-5d"/>
      </object_component>
      <object_component id="oc-239">
         <name>.debug_line</name>
         <load_address>0x2a32</load_address>
         <run_address>0x2a32</run_address>
         <size>0x3e7</size>
         <input_file_ref idref="fl-5d"/>
      </object_component>
      <object_component id="oc-2a1">
         <name>.debug_line</name>
         <load_address>0x2e19</load_address>
         <run_address>0x2e19</run_address>
         <size>0x21</size>
         <input_file_ref idref="fl-5d"/>
      </object_component>
      <object_component id="oc-252">
         <name>.debug_line</name>
         <load_address>0x2e3a</load_address>
         <run_address>0x2e3a</run_address>
         <size>0x2c</size>
         <input_file_ref idref="fl-5e"/>
      </object_component>
      <object_component id="oc-1d5">
         <name>.debug_line</name>
         <load_address>0x2e66</load_address>
         <run_address>0x2e66</run_address>
         <size>0x4b</size>
         <input_file_ref idref="fl-5e"/>
      </object_component>
      <object_component id="oc-255">
         <name>.debug_line</name>
         <load_address>0x2eb1</load_address>
         <run_address>0x2eb1</run_address>
         <size>0x21</size>
         <input_file_ref idref="fl-5e"/>
      </object_component>
      <object_component id="oc-280">
         <name>.debug_line</name>
         <load_address>0x2ed2</load_address>
         <run_address>0x2ed2</run_address>
         <size>0x2c</size>
         <input_file_ref idref="fl-5f"/>
      </object_component>
      <object_component id="oc-1e6">
         <name>.debug_line</name>
         <load_address>0x2efe</load_address>
         <run_address>0x2efe</run_address>
         <size>0x85</size>
         <input_file_ref idref="fl-5f"/>
      </object_component>
      <object_component id="oc-282">
         <name>.debug_line</name>
         <load_address>0x2f83</load_address>
         <run_address>0x2f83</run_address>
         <size>0x21</size>
         <input_file_ref idref="fl-5f"/>
      </object_component>
      <object_component id="oc-2ae">
         <name>.debug_line</name>
         <load_address>0x2fa4</load_address>
         <run_address>0x2fa4</run_address>
         <size>0x2e</size>
         <input_file_ref idref="fl-60"/>
      </object_component>
      <object_component id="oc-273">
         <name>.debug_line</name>
         <load_address>0x2fd2</load_address>
         <run_address>0x2fd2</run_address>
         <size>0xbf</size>
         <input_file_ref idref="fl-60"/>
      </object_component>
      <object_component id="oc-2b0">
         <name>.debug_line</name>
         <load_address>0x3091</load_address>
         <run_address>0x3091</run_address>
         <size>0x21</size>
         <input_file_ref idref="fl-60"/>
      </object_component>
      <object_component id="oc-2a4">
         <name>.debug_line</name>
         <load_address>0x30b2</load_address>
         <run_address>0x30b2</run_address>
         <size>0x2f</size>
         <input_file_ref idref="fl-61"/>
      </object_component>
      <object_component id="oc-270">
         <name>.debug_line</name>
         <load_address>0x30e1</load_address>
         <run_address>0x30e1</run_address>
         <size>0x73</size>
         <input_file_ref idref="fl-61"/>
      </object_component>
      <object_component id="oc-2ab">
         <name>.debug_line</name>
         <load_address>0x3154</load_address>
         <run_address>0x3154</run_address>
         <size>0x21</size>
         <input_file_ref idref="fl-61"/>
      </object_component>
      <object_component id="oc-219">
         <name>.debug_line</name>
         <load_address>0x3175</load_address>
         <run_address>0x3175</run_address>
         <size>0xc5</size>
         <input_file_ref idref="fl-62"/>
      </object_component>
      <object_component id="oc-230">
         <name>.debug_line</name>
         <load_address>0x323a</load_address>
         <run_address>0x323a</run_address>
         <size>0x61</size>
         <input_file_ref idref="fl-63"/>
      </object_component>
      <object_component id="oc-211">
         <name>.debug_line</name>
         <load_address>0x329b</load_address>
         <run_address>0x329b</run_address>
         <size>0xa3</size>
         <input_file_ref idref="fl-64"/>
      </object_component>
      <object_component id="oc-226">
         <name>.debug_line</name>
         <load_address>0x333e</load_address>
         <run_address>0x333e</run_address>
         <size>0x59</size>
         <input_file_ref idref="fl-65"/>
      </object_component>
      <object_component id="oc-221">
         <name>.debug_line</name>
         <load_address>0x3397</load_address>
         <run_address>0x3397</run_address>
         <size>0x6d</size>
         <input_file_ref idref="fl-66"/>
      </object_component>
      <object_component id="oc-264">
         <name>.debug_line</name>
         <load_address>0x3404</load_address>
         <run_address>0x3404</run_address>
         <size>0x6a</size>
         <input_file_ref idref="fl-67"/>
      </object_component>
      <object_component id="oc-22b">
         <name>.debug_line</name>
         <load_address>0x346e</load_address>
         <run_address>0x346e</run_address>
         <size>0x57</size>
         <input_file_ref idref="fl-68"/>
      </object_component>
      <object_component id="oc-2a8">
         <name>.debug_line</name>
         <load_address>0x34c5</load_address>
         <run_address>0x34c5</run_address>
         <size>0x2c</size>
         <input_file_ref idref="fl-69"/>
      </object_component>
      <object_component id="oc-2b6">
         <name>.debug_line</name>
         <load_address>0x34f1</load_address>
         <run_address>0x34f1</run_address>
         <size>0x21</size>
         <input_file_ref idref="fl-69"/>
      </object_component>
      <object_component id="oc-28f">
         <name>.debug_line</name>
         <load_address>0x3512</load_address>
         <run_address>0x3512</run_address>
         <size>0x43</size>
         <input_file_ref idref="fl-6a"/>
      </object_component>
      <object_component id="oc-2b3">
         <name>.debug_line</name>
         <load_address>0x3555</load_address>
         <run_address>0x3555</run_address>
         <size>0x21</size>
         <input_file_ref idref="fl-6a"/>
      </object_component>
      <object_component id="oc-1c3">
         <name>.debug_frame</name>
         <load_address>0x0</load_address>
         <run_address>0x0</run_address>
         <size>0x258</size>
         <input_file_ref idref="fl-d"/>
      </object_component>
      <object_component id="oc-1c0">
         <name>.debug_frame</name>
         <load_address>0x258</load_address>
         <run_address>0x258</run_address>
         <size>0x178</size>
         <input_file_ref idref="fl-16"/>
      </object_component>
      <object_component id="oc-a5">
         <name>.debug_frame</name>
         <load_address>0x3d0</load_address>
         <run_address>0x3d0</run_address>
         <size>0xe0</size>
         <input_file_ref idref="fl-1a"/>
      </object_component>
      <object_component id="oc-a7">
         <name>.debug_frame</name>
         <load_address>0x4b0</load_address>
         <run_address>0x4b0</run_address>
         <size>0x8c</size>
         <input_file_ref idref="fl-1a"/>
      </object_component>
      <object_component id="oc-1ba">
         <name>.debug_frame</name>
         <load_address>0x53c</load_address>
         <run_address>0x53c</run_address>
         <size>0x2c0</size>
         <input_file_ref idref="fl-22"/>
      </object_component>
      <object_component id="oc-180">
         <name>.debug_frame</name>
         <load_address>0x7fc</load_address>
         <run_address>0x7fc</run_address>
         <size>0x194</size>
         <input_file_ref idref="fl-25"/>
      </object_component>
      <object_component id="oc-c1">
         <name>.debug_frame</name>
         <load_address>0x990</load_address>
         <run_address>0x990</run_address>
         <size>0xf30</size>
         <input_file_ref idref="fl-2c"/>
      </object_component>
      <object_component id="oc-189">
         <name>.debug_frame</name>
         <load_address>0x18c0</load_address>
         <run_address>0x18c0</run_address>
         <size>0x44</size>
         <input_file_ref idref="fl-35"/>
      </object_component>
      <object_component id="oc-149">
         <name>.debug_frame</name>
         <load_address>0x1904</load_address>
         <run_address>0x1904</run_address>
         <size>0x5c</size>
         <input_file_ref idref="fl-36"/>
      </object_component>
      <object_component id="oc-e1">
         <name>.debug_frame</name>
         <load_address>0x1960</load_address>
         <run_address>0x1960</run_address>
         <size>0x40</size>
         <input_file_ref idref="fl-3f"/>
      </object_component>
      <object_component id="oc-117">
         <name>.debug_frame</name>
         <load_address>0x19a0</load_address>
         <run_address>0x19a0</run_address>
         <size>0x58</size>
         <input_file_ref idref="fl-40"/>
      </object_component>
      <object_component id="oc-95">
         <name>.debug_frame</name>
         <load_address>0x19f8</load_address>
         <run_address>0x19f8</run_address>
         <size>0x40</size>
         <input_file_ref idref="fl-42"/>
      </object_component>
      <object_component id="oc-8e">
         <name>.debug_frame</name>
         <load_address>0x1a38</load_address>
         <run_address>0x1a38</run_address>
         <size>0x40</size>
         <input_file_ref idref="fl-43"/>
      </object_component>
      <object_component id="oc-f2">
         <name>.debug_frame</name>
         <load_address>0x1a78</load_address>
         <run_address>0x1a78</run_address>
         <size>0x60</size>
         <input_file_ref idref="fl-44"/>
      </object_component>
      <object_component id="oc-1a1">
         <name>.debug_frame</name>
         <load_address>0x1ad8</load_address>
         <run_address>0x1ad8</run_address>
         <size>0x70</size>
         <input_file_ref idref="fl-45"/>
      </object_component>
      <object_component id="oc-e8">
         <name>.debug_frame</name>
         <load_address>0x1b48</load_address>
         <run_address>0x1b48</run_address>
         <size>0x40</size>
         <input_file_ref idref="fl-46"/>
      </object_component>
      <object_component id="oc-d0">
         <name>.debug_frame</name>
         <load_address>0x1b88</load_address>
         <run_address>0x1b88</run_address>
         <size>0x40</size>
         <input_file_ref idref="fl-49"/>
      </object_component>
      <object_component id="oc-16b">
         <name>.debug_frame</name>
         <load_address>0x1bc8</load_address>
         <run_address>0x1bc8</run_address>
         <size>0x40</size>
         <input_file_ref idref="fl-4a"/>
      </object_component>
      <object_component id="oc-191">
         <name>.debug_frame</name>
         <load_address>0x1c08</load_address>
         <run_address>0x1c08</run_address>
         <size>0x50</size>
         <input_file_ref idref="fl-56"/>
      </object_component>
      <object_component id="oc-1e0">
         <name>.debug_frame</name>
         <load_address>0x1c58</load_address>
         <run_address>0x1c58</run_address>
         <size>0x64</size>
         <input_file_ref idref="fl-5c"/>
      </object_component>
      <object_component id="oc-238">
         <name>.debug_frame</name>
         <load_address>0x1cbc</load_address>
         <run_address>0x1cbc</run_address>
         <size>0x64</size>
         <input_file_ref idref="fl-5d"/>
      </object_component>
      <object_component id="oc-1d6">
         <name>.debug_frame</name>
         <load_address>0x1d20</load_address>
         <run_address>0x1d20</run_address>
         <size>0x60</size>
[...]
         <value>0x89e0</value>
         <object_component_ref idref="oc-c0"/>
      </symbol>
      <symbol id="sm-2d2">
         <name>EPWM5_ISR</name>
         <value>0x897c</value>
         <object_component_ref idref="oc-c0"/>
      </symbol>
      <symbol id="sm-2d3">
         <name>DMA_CH6_ISR</name>
         <value>0x8a6c</value>
         <object_component_ref idref="oc-c0"/>
      </symbol>
      <symbol id="sm-2d4">
         <name>RAM_ACCESS_VIOLATION_ISR</name>
         <value>0x8c6a</value>
         <object_component_ref idref="oc-c0"/>
      </symbol>
      <symbol id="sm-2d5">
         <name>FPU_UNDERFLOW_ISR</name>
         <value>0x8ba2</value>
         <object_component_ref idref="oc-c0"/>
      </symbol>
      <symbol id="sm-2d6">
         <name>USER5_ISR</name>
         <value>0x886e</value>
         <object_component_ref idref="oc-c0"/>
      </symbol>
      <symbol id="sm-2d7">
         <name>EQEP2_ISR</name>
         <value>0x8a08</value>
         <object_component_ref idref="oc-c0"/>
      </symbol>
      <symbol id="sm-2d8">
         <name>CLA1_7_ISR</name>
         <value>0x8b66</value>
         <object_component_ref idref="oc-c0"/>
      </symbol>
      <symbol id="sm-2d9">
         <name>EPWM4_TZ_ISR</name>
         <value>0x8922</value>
         <object_component_ref idref="oc-c0"/>
      </symbol>
      <symbol id="sm-2da">
         <name>FSITXA1_ISR</name>
         <value>0x8bde</value>
         <object_component_ref idref="oc-c0"/>
      </symbol>
      <symbol id="sm-2db">
         <name>EPWM3_TZ_ISR</name>
         <value>0x8918</value>
         <object_component_ref idref="oc-c0"/>
      </symbol>
      <symbol id="sm-2dc">
         <name>EPWM6_ISR</name>
         <value>0x8986</value>
         <object_component_ref idref="oc-c0"/>
      </symbol>
      <symbol id="sm-2dd">
         <name>ADCB_EVT_ISR</name>
         <value>0x8b02</value>
         <object_component_ref idref="oc-c0"/>
      </symbol>
      <symbol id="sm-2de">
         <name>EPWM8_ISR</name>
         <value>0x899a</value>
         <object_component_ref idref="oc-c0"/>
      </symbol>
      <symbol id="sm-2df">
         <name>EMU_ISR</name>
         <value>0x8828</value>
         <object_component_ref idref="oc-c0"/>
      </symbol>
      <symbol id="sm-2e0">
         <name>USER11_ISR</name>
         <value>0x88aa</value>
         <object_component_ref idref="oc-c0"/>
      </symbol>
      <symbol id="sm-2e1">
         <name>USER4_ISR</name>
         <value>0x8864</value>
         <object_component_ref idref="oc-c0"/>
      </symbol>
      <symbol id="sm-2e2">
         <name>SCIA_RX_ISR</name>
         <value>0x8a8a</value>
         <object_component_ref idref="oc-c0"/>
      </symbol>
      <symbol id="sm-2e3">
         <name>SCIA_TX_ISR</name>
         <value>0x8a94</value>
         <object_component_ref idref="oc-c0"/>
      </symbol>
      <symbol id="sm-2e4">
         <name>SD1DR1_ISR</name>
         <value>0x8bb6</value>
         <object_component_ref idref="oc-c0"/>
      </symbol>
      <symbol id="sm-2e5">
         <name>ECAP1_ISR</name>
         <value>0x89a4</value>
         <object_component_ref idref="oc-c0"/>
      </symbol>
      <symbol id="sm-2e6">
         <name>ADCA4_ISR</name>
         <value>0x8af8</value>
         <object_component_ref idref="oc-c0"/>
      </symbol>
      <symbol id="sm-2e7">
         <name>FPU_OVERFLOW_ISR</name>
         <value>0x8b98</value>
         <object_component_ref idref="oc-c0"/>
      </symbol>
      <symbol id="sm-2e8">
         <name>ADCC4_ISR</name>
         <value>0x8c4c</value>
         <object_component_ref idref="oc-c0"/>
      </symbol>
      <symbol id="sm-2e9">
         <name>ADCB4_ISR</name>
         <value>0x8b20</value>
         <object_component_ref idref="oc-c0"/>
      </symbol>
      <symbol id="sm-2ea">
         <name>FSITXA2_ISR</name>
         <value>0x8be8</value>
         <object_component_ref idref="oc-c0"/>
      </symbol>
      <symbol id="sm-2eb">
         <name>EPWM7_ISR</name>
         <value>0x8990</value>
         <object_component_ref idref="oc-c0"/>
      </symbol>
      <symbol id="sm-2ec">
         <name>SD1_ISR</name>
         <value>0x8bac</value>
         <object_component_ref idref="oc-c0"/>
      </symbol>
      <symbol id="sm-2ed">
         <name>USER10_ISR</name>
         <value>0x88a0</value>
         <object_component_ref idref="oc-c0"/>
      </symbol>
      <symbol id="sm-2ee">
         <name>XINT1_ISR</name>
         <value>0x88dc</value>
         <object_component_ref idref="oc-c0"/>
      </symbol>
      <symbol id="sm-2ef">
         <name>USER7_ISR</name>
         <value>0x8882</value>
         <object_component_ref idref="oc-c0"/>
      </symbol>
      <symbol id="sm-2f0">
         <name>CLA1_1_ISR</name>
         <value>0x8b2a</value>
         <object_component_ref idref="oc-c0"/>
      </symbol>
      <symbol id="sm-2f1">
         <name>USER9_ISR</name>
         <value>0x8896</value>
         <object_component_ref idref="oc-c0"/>
      </symbol>
      <symbol id="sm-2f2">
         <name>SD1DR2_ISR</name>
         <value>0x8bc0</value>
         <object_component_ref idref="oc-c0"/>
      </symbol>
      <symbol id="sm-2f3">
         <name>ECAP2_ISR</name>
         <value>0x89ae</value>
         <object_component_ref idref="oc-c0"/>
      </symbol>
      <symbol id="sm-2f4">
         <name>EPWM5_TZ_ISR</name>
         <value>0x892c</value>
         <object_component_ref idref="oc-c0"/>
      </symbol>
      <symbol id="sm-2f5">
         <name>CLA1PROMCRC_ISR</name>
         <value>0x8c06</value>
         <object_component_ref idref="oc-c0"/>
      </symbol>
      <symbol id="sm-2f6">
         <name>DMA_CH1_ISR</name>
         <value>0x8a3a</value>
         <object_component_ref idref="oc-c0"/>
      </symbol>
      <symbol id="sm-2f7">
         <name>CLA1_8_ISR</name>
         <value>0x8b70</value>
         <object_component_ref idref="oc-c0"/>
      </symbol>
      <symbol id="sm-2f8">
         <name>USER6_ISR</name>
         <value>0x8878</value>
         <object_component_ref idref="oc-c0"/>
      </symbol>
      <symbol id="sm-2f9">
         <name>CLA1_2_ISR</name>
         <value>0x8b34</value>
         <object_component_ref idref="oc-c0"/>
      </symbol>
      <symbol id="sm-2fa">
         <name>USER8_ISR</name>
         <value>0x888c</value>
         <object_component_ref idref="oc-c0"/>
      </symbol>
      <symbol id="sm-2fb">
         <name>SD1DR3_ISR</name>
         <value>0x8bca</value>
         <object_component_ref idref="oc-c0"/>
      </symbol>
      <symbol id="sm-2fc">
         <name>SPIB_RX_ISR</name>
         <value>0x8a26</value>
         <object_component_ref idref="oc-c0"/>
      </symbol>
      <symbol id="sm-2fd">
         <name>SPIB_TX_ISR</name>
         <value>0x8a30</value>
         <object_component_ref idref="oc-c0"/>
      </symbol>
      <symbol id="sm-2fe">
         <name>ECAP3_ISR</name>
         <value>0x89b8</value>
         <object_component_ref idref="oc-c0"/>
      </symbol>
      <symbol id="sm-2ff">
         <name>EPWM1_ISR</name>
         <value>0x8954</value>
         <object_component_ref idref="oc-c0"/>
      </symbol>
      <symbol id="sm-300">
         <name>DMA_CH2_ISR</name>
         <value>0x8a44</value>
         <object_component_ref idref="oc-c0"/>
      </symbol>
      <symbol id="sm-301">
         <name>USER12_ISR</name>
         <value>0x88b4</value>
         <object_component_ref idref="oc-c0"/>
      </symbol>
      <symbol id="sm-302">
         <name>XINT3_ISR</name>
         <value>0x8b7a</value>
         <object_component_ref idref="oc-c0"/>
      </symbol>
      <symbol id="sm-303">
         <name>USER1_ISR</name>
         <value>0x8846</value>
         <object_component_ref idref="oc-c0"/>
      </symbol>
      <symbol id="sm-304">
         <name>CLA1_3_ISR</name>
         <value>0x8b3e</value>
         <object_component_ref idref="oc-c0"/>
      </symbol>
      <symbol id="sm-305">
         <name>I2CA_ISR</name>
         <value>0x8a76</value>
         <object_component_ref idref="oc-c0"/>
      </symbol>
      <symbol id="sm-306">
         <name>CANA0_ISR</name>
         <value>0x8ab2</value>
         <object_component_ref idref="oc-c0"/>
      </symbol>
      <symbol id="sm-307">
         <name>CANB0_ISR</name>
         <value>0x8ac6</value>
         <object_component_ref idref="oc-c0"/>
      </symbol>
      <symbol id="sm-308">
         <name>ECAP7_2_ISR</name>
         <value>0x89f4</value>
         <object_component_ref idref="oc-c0"/>
      </symbol>
      <symbol id="sm-309">
         <name>FSIRXA1_ISR</name>
         <value>0x8bf2</value>
         <object_component_ref idref="oc-c0"/>
      </symbol>
      <symbol id="sm-30a">
         <name>EPWM1_TZ_ISR</name>
         <value>0x8904</value>
         <object_component_ref idref="oc-c0"/>
      </symbol>
      <symbol id="sm-30b">
         <name>I2CA_FIFO_ISR</name>
         <value>0x8a80</value>
         <object_component_ref idref="oc-c0"/>
      </symbol>
      <symbol id="sm-30c">
         <name>EPWM2_ISR</name>
         <value>0x895e</value>
         <object_component_ref idref="oc-c0"/>
      </symbol>
      <symbol id="sm-30d">
         <name>RAM_CORRECTABLE_ERROR_ISR</name>
         <value>0x8c56</value>
         <object_component_ref idref="oc-c0"/>
      </symbol>
      <symbol id="sm-30e">
         <name>DMA_CH3_ISR</name>
         <value>0x8a4e</value>
         <object_component_ref idref="oc-c0"/>
      </symbol>
      <symbol id="sm-30f">
         <name>ADCC_EVT_ISR</name>
         <value>0x8c2e</value>
         <object_component_ref idref="oc-c0"/>
      </symbol>
      <symbol id="sm-310">
         <name>DATALOG_ISR</name>
         <value>0x8814</value>
         <object_component_ref idref="oc-c0"/>
      </symbol>
      <symbol id="sm-311">
         <name>XINT2_ISR</name>
         <value>0x88e6</value>
         <object_component_ref idref="oc-c0"/>
      </symbol>
      <symbol id="sm-312">
         <name>PIE_RESERVED_ISR</name>
         <value>0x8c92</value>
         <object_component_ref idref="oc-c0"/>
      </symbol>
      <symbol id="sm-313">
         <name>SCIB_RX_ISR</name>
         <value>0x8a9e</value>
         <object_component_ref idref="oc-c0"/>
      </symbol>
      <symbol id="sm-314">
         <name>SCIB_TX_ISR</name>
         <value>0x8aa8</value>
         <object_component_ref idref="oc-c0"/>
      </symbol>
      <symbol id="sm-315">
         <name>CANA1_ISR</name>
         <value>0x8abc</value>
         <object_component_ref idref="oc-c0"/>
      </symbol>
      <symbol id="sm-316">
         <name>CANB1_ISR</name>
         <value>0x8ad0</value>
         <object_component_ref idref="oc-c0"/>
      </symbol>
      <symbol id="sm-317">
         <name>FSIRXA2_ISR</name>
         <value>0x8bfc</value>
         <object_component_ref idref="oc-c0"/>
      </symbol>
      <symbol id="sm-318">
         <name>ILLEGAL_ISR</name>
         <value>0x883c</value>
         <object_component_ref idref="oc-c0"/>
      </symbol>
      <symbol id="sm-319">
         <name>EPWM3_ISR</name>
         <value>0x8968</value>
         <object_component_ref idref="oc-c0"/>
      </symbol>
      <symbol id="sm-31a">
         <name>TIMER0_ISR</name>
         <value>0x88f0</value>
         <object_component_ref idref="oc-c0"/>
      </symbol>
      <symbol id="sm-31b">
         <name>USER3_ISR</name>
         <value>0x885a</value>
         <object_component_ref idref="oc-c0"/>
      </symbol>
      <symbol id="sm-31c">
         <name>SD1DR4_ISR</name>
         <value>0x8bd4</value>
         <object_component_ref idref="oc-c0"/>
      </symbol>
      <symbol id="sm-32a">
         <name>PieVectTableInit</name>
         <value>0xa800</value>
         <object_component_ref idref="oc-c6"/>
      </symbol>
      <symbol id="sm-33b">
         <name>LED_Init</name>
         <value>0xa402</value>
         <object_component_ref idref="oc-185"/>
      </symbol>
      <symbol id="sm-34c">
         <name>main</name>
         <value>0x979f</value>
         <object_component_ref idref="oc-145"/>
      </symbol>
      <symbol id="sm-356">
         <name>_c_int00</name>
         <value>0xa3eb</value>
         <object_component_ref idref="oc-9a"/>
      </symbol>
      <symbol id="sm-357">
         <name>__stack</name>
         <value>0x400</value>
         <object_component_ref idref="oc-c9"/>
      </symbol>
      <symbol id="sm-364">
         <name>_system_pre_init</name>
         <value>0x87fd</value>
         <object_component_ref idref="oc-e0"/>
      </symbol>
      <symbol id="sm-373">
         <name>__TI_auto_init_nobinit_nopinit</name>
         <value>0xa296</value>
         <object_component_ref idref="oc-115"/>
      </symbol>
      <symbol id="sm-381">
         <name>__TI_decompress_none</name>
         <value>0xa429</value>
         <object_component_ref idref="oc-93"/>
      </symbol>
      <symbol id="sm-395">
         <name>__TI_decompress_lzss</name>
         <value>0x8fc3</value>
         <object_component_ref idref="oc-8d"/>
      </symbol>
      <symbol id="sm-3ab">
         <name>C$$EXIT</name>
         <value>0xa2eb</value>
         <object_component_ref idref="oc-ed"/>
      </symbol>
      <symbol id="sm-3ac">
         <name>abort</name>
         <value>0xa2eb</value>
         <object_component_ref idref="oc-ed"/>
      </symbol>
      <symbol id="sm-3ad">
         <name>exit</name>
         <value>0xa2ed</value>
         <object_component_ref idref="oc-ed"/>
      </symbol>
      <symbol id="sm-3ae">
         <name>__TI_dtors_ptr</name>
         <value>0xaba0</value>
         <object_component_ref idref="oc-14d"/>
      </symbol>
      <symbol id="sm-3af">
         <name>__TI_cleanup_ptr</name>
         <value>0xab9e</value>
         <object_component_ref idref="oc-14d"/>
      </symbol>
      <symbol id="sm-3b0">
         <name>__TI_enable_exit_profile_output</name>
         <value>0xab9c</value>
         <object_component_ref idref="oc-14d"/>
      </symbol>
      <symbol id="sm-3c7">
         <name>_nop</name>
         <value>0xa41f</value>
         <object_component_ref idref="oc-19f"/>
      </symbol>
      <symbol id="sm-3c8">
         <name>_lock</name>
         <value>0xaba2</value>
         <object_component_ref idref="oc-150"/>
      </symbol>
      <symbol id="sm-3c9">
         <name>_unlock</name>
         <value>0xaba4</value>
         <object_component_ref idref="oc-1f3"/>
      </symbol>
      <symbol id="sm-3ca">
         <name>_register_lock</name>
         <value>0xa41b</value>
         <object_component_ref idref="oc-19f"/>
      </symbol>
      <symbol id="sm-3cb">
         <name>_register_unlock</name>
         <value>0xa417</value>
         <object_component_ref idref="oc-19f"/>
      </symbol>
      <symbol id="sm-3da">
         <name>_args_main</name>
         <value>0x8ff1</value>
         <object_component_ref idref="oc-e7"/>
      </symbol>
      <symbol id="sm-3ee">
         <name>memcpy</name>
         <value>0xa39a</value>
         <object_component_ref idref="oc-cc"/>
      </symbol>
      <symbol id="sm-3fb">
         <name>_system_post_cinit</name>
         <value>0x87ff</value>
         <object_component_ref idref="oc-16a"/>
      </symbol>
      <symbol id="sm-415">
         <name>cosl</name>
         <value>0xa000</value>
         <object_component_ref idref="oc-18c"/>
      </symbol>
      <symbol id="sm-416">
         <name>cos</name>
         <value>0xa000</value>
         <object_component_ref idref="oc-18c"/>
      </symbol>
      <symbol id="sm-41f">
         <name>__c28xabi_negd</name>
         <value>0xa420</value>
         <object_component_ref idref="oc-1e8"/>
      </symbol>
      <symbol id="sm-427">
         <name>__c28xabi_subd</name>
         <value>0x87ef</value>
         <object_component_ref idref="oc-1d7"/>
      </symbol>
      <symbol id="sm-432">
         <name>__c28xabi_dtoi</name>
         <value>0xa35a</value>
         <object_component_ref idref="oc-1cb"/>
      </symbol>
      <symbol id="sm-43f">
         <name>__c28xabi_dtof</name>
         <value>0x9fdd</value>
         <object_component_ref idref="oc-192"/>
      </symbol>
      <symbol id="sm-47a">
         <name>__rem_pio2</name>
         <value>0x9000</value>
         <object_component_ref idref="oc-1dc"/>
      </symbol>
      <symbol id="sm-4eb">
         <name>__kernel_rem_pio2</name>
         <value>0x8000</value>
         <object_component_ref idref="oc-234"/>
      </symbol>
      <symbol id="sm-50d">
         <name>__kernel_cos</name>
         <value>0x9de2</value>
         <object_component_ref idref="oc-1d1"/>
      </symbol>
      <symbol id="sm-530">
         <name>__kernel_sin</name>
         <value>0x8e9e</value>
         <object_component_ref idref="oc-1e2"/>
      </symbol>
      <symbol id="sm-553">
         <name>floorl</name>
         <value>0x9ef5</value>
         <object_component_ref idref="oc-271"/>
      </symbol>
      <symbol id="sm-554">
         <name>floor</name>
         <value>0x9ef5</value>
         <object_component_ref idref="oc-271"/>
      </symbol>
      <symbol id="sm-576">
         <name>scalbn</name>
         <value>0xa0ce</value>
         <object_component_ref idref="oc-26b"/>
      </symbol>
      <symbol id="sm-577">
         <name>scalbnl</name>
         <value>0xa0ce</value>
         <object_component_ref idref="oc-26b"/>
      </symbol>
      <symbol id="sm-578">
         <name>ldexpl</name>
         <value>0xa0ce</value>
         <object_component_ref idref="oc-26b"/>
      </symbol>
      <symbol id="sm-579">
         <name>ldexp</name>
         <value>0xa0ce</value>
         <object_component_ref idref="oc-26b"/>
      </symbol>
      <symbol id="sm-590">
         <name>__c28xabi_addd</name>
         <value>0xa177</value>
         <object_component_ref idref="oc-215"/>
      </symbol>
      <symbol id="sm-59c">
         <name>__c28xabi_cmpd</name>
         <value>0xa2c1</value>
         <object_component_ref idref="oc-22f"/>
      </symbol>
      <symbol id="sm-5aa">
         <name>__c28xabi_mpyd</name>
         <value>0xa213</value>
         <object_component_ref idref="oc-20d"/>
      </symbol>
      <symbol id="sm-5b5">
         <name>__c28xabi_dtol</name>
         <value>0xa37b</value>
         <object_component_ref idref="oc-222"/>
      </symbol>
      <symbol id="sm-5bd">
         <name>__c28xabi_orll</name>
         <value>0xa3db</value>
         <object_component_ref idref="oc-21d"/>
      </symbol>
      <symbol id="sm-5be">
         <name>__c28xabi_xorll</name>
         <value>0xa3e3</value>
         <object_component_ref idref="oc-21d"/>
      </symbol>
      <symbol id="sm-5bf">
         <name>__c28xabi_andll</name>
         <value>0xa3d3</value>
         <object_component_ref idref="oc-21d"/>
      </symbol>
      <symbol id="sm-5c9">
         <name>__c28xabi_modi</name>
         <value>0xa349</value>
         <object_component_ref idref="oc-260"/>
      </symbol>
      <symbol id="sm-5ca">
         <name>__c28xabi_divi</name>
         <value>0xa338</value>
         <object_component_ref idref="oc-260"/>
      </symbol>
      <symbol id="sm-5d6">
         <name>__c28xabi_ltod</name>
         <value>0xa3b7</value>
         <object_component_ref idref="oc-227"/>
      </symbol>
      <symbol id="sm-5e1">
         <name>errno</name>
         <value>0xaba6</value>
         <object_component_ref idref="oc-294"/>
      </symbol>
      <symbol id="sm-5ef">
         <name>copysign</name>
         <value>0xa314</value>
         <object_component_ref idref="oc-28e"/>
      </symbol>
      <symbol id="sm-5f0">
         <name>copysignl</name>
         <value>0xa314</value>
         <object_component_ref idref="oc-28e"/>
      </symbol>
      <symbol id="sm-5f2">
         <name>__c_args__</name>
         <value>0x0</value>
      </symbol>
   </symbol_table>
   <title>Link successful</title>
</link_info>
