******************************************************************************
             TMS320C2000 Linker PC v22.6.1                     
******************************************************************************
>> Linked Tue Nov 12 20:13:34 2024

OUTPUT FILE NAME:   <F280049C_Temp.out>
ENTRY POINT SYMBOL: "_c_int00"  address: 00083f73


MEMORY CONFIGURATION

         name            origin    length      used     unused   attr    fill
----------------------  --------  ---------  --------  --------  ----  --------
PAGE 0:
  RAMM0                 000000f6   0000030a  00000000  0000030a  RWIX
  RAMLS0                00008000   00000800  00000076  0000078a  RWIX
  RAMLS1                00008800   00000800  00000000  00000800  RWIX
  RAMLS2                00009000   00000800  00000000  00000800  RWIX
  RAMLS3                00009800   00000800  00000000  00000800  RWIX
  RAMLS4                0000a000   00000800  00000000  00000800  RWIX
  RAMLS                 0000a800   00003ff8  00000000  00003ff8  RWIX
  BEGIN                 00080000   00000002  00000002  00000000  RWIX
  FLASH_BANK0_SEC0      00080002   00000ffe  00000000  00000ffe  RWIX
  FLASH_BANK0_SEC1      00081000   00001000  00000210  00000df0  RWIX
  FLASH_BANK0_SEC2      00082000   00001000  00000ffd  00000003  RWIX
  FLASH_BANK0_SEC3      00083000   00001000  00000fda  00000026  RWIX
  FLASH_BANK0_SEC4      00084000   00001000  00000a1c  000005e4  RWIX
  FLASH_BANK0_SEC5      00085000   00001000  00000000  00001000  RWIX
  FLASH_BANK0_SEC6      00086000   00001000  00000000  00001000  RWIX
  FLASH_BANK0_SEC7      00087000   00001000  00000000  00001000  RWIX
  FLASH_BANK0_SEC8      00088000   00001000  00000000  00001000  RWIX
  FLASH_BANK0_SEC9      00089000   00001000  00000000  00001000  RWIX
  FLASH_BANK0_SEC10     0008a000   00001000  00000000  00001000  RWIX
  FLASH_BANK0_SEC11     0008b000   00001000  00000000  00001000  RWIX
  FLASH_BANK0_SEC12     0008c000   00001000  00000000  00001000  RWIX
  FLASH_BANK0_SEC13     0008d000   00001000  00000000  00001000  RWIX
  FLASH_BANK0_SEC14     0008e000   00001000  00000000  00001000  RWIX
  FLASH_BANK0_SEC15     0008f000   00001000  00000000  00001000  RWIX
  FLASH_BANK1_SEC0      00090000   00001000  00000000  00001000  RWIX
  FLASH_BANK1_SEC1      00091000   00001000  00000000  00001000  RWIX
  FLASH_BANK1_SEC2      00092000   00001000  00000000  00001000  RWIX
  FLASH_BANK1_SEC3      00093000   00001000  00000000  00001000  RWIX
  FLASH_BANK1_SEC4      00094000   00001000  00000000  00001000  RWIX
  FLASH_BANK1_SEC5      00095000   00001000  00000000  00001000  RWIX
  FLASH_BANK1_SEC6      00096000   00001000  00000000  00001000  RWIX
  FLASH_BANK1_SEC7      00097000   00001000  00000000  00001000  RWIX
  FLASH_BANK1_SEC8      00098000   00001000  00000000  00001000  RWIX
  FLASH_BANK1_SEC9      00099000   00001000  00000000  00001000  RWIX
  FLASH_BANK1_SEC10     0009a000   00001000  00000000  00001000  RWIX
  FLASH_BANK1_SEC11     0009b000   00001000  00000000  00001000  RWIX
  FLASH_BANK1_SEC12     0009c000   00001000  00000000  00001000  RWIX
  FLASH_BANK1_SEC13     0009d000   00001000  00000000  00001000  RWIX
  FLASH_BANK1_SEC14     0009e000   00001000  00000000  00001000  RWIX
  FLASH_BANK1_SEC15     0009f000   00000ff0  00000000  00000ff0  RWIX
  CSM_RSVD              0033ff80   00000076  00000000  00000076  RWIX
  CSM_PWL               0033fff8   00000008  00000000  00000008  RWIX
  ADC_CAL               00380080   00000009  00000000  00000009  RWIX
  OTP                   00380400   00000400  00000000  00000400  RWIX
  IQTABLES              003fe000   00000b50  00000000  00000b50  RWIX
  IQTABLES2             003feb50   0000008c  00000000  0000008c  RWIX
  FPUTABLES             003febdc   000006a0  00000000  000006a0  RWIX
  RESET                 003fffc0   00000002  00000000  00000002  RWIX

PAGE 1:
  BOOT_RSVD             00000002   000000f1  00000000  000000f1  RWIX
  RAMM1                 00000400   000003f8  00000200  000001f8  RWIX
  ADCARESULT            00000b00   00000018  00000018  00000000  RWIX
  ADCBRESULT            00000b20   00000018  00000000  00000018  RWIX
  ADCCRESULT            00000b40   00000018  00000000  00000018  RWIX
  CPUTIMER0             00000c00   00000008  00000000  00000008  RWIX
  CPUTIMER1             00000c08   00000008  00000000  00000008  RWIX
  CPUTIMER2             00000c10   00000008  00000000  00000008  RWIX
  PIECTRL               00000ce0   0000001a  0000001a  00000000  RWIX
  PIEVECTTABLE          00000d00   00000200  000001c0  00000040  RWIX
  DMA                   00001000   00000200  00000000  00000200  RWIX
  CLA1                  00001400   00000080  00000000  00000080  RWIX
  CLB1LOGICCFG          00003000   00000052  00000000  00000052  RWIX
  CLB1LOGICCTRL         00003100   00000040  00000000  00000040  RWIX
  CLB1DATAEXCH          00003200   00000200  00000000  00000200  RWIX
  CLB2LOGICCFG          00003400   00000052  00000000  00000052  RWIX
  CLB2LOGICCTRL         00003500   00000040  00000000  00000040  RWIX
  CLB2DATAEXCH          00003600   00000200  00000000  00000200  RWIX
  CLB3LOGICCFG          00003800   00000052  00000000  00000052  RWIX
  CLB3LOGICCTRL         00003900   00000040  00000000  00000040  RWIX
  CLB3DATAEXCH          00003a00   00000200  00000000  00000200  RWIX
  CLB4LOGICCFG          00003c00   00000052  00000000  00000052  RWIX
  CLB4LOGICCTRL         00003d00   00000040  00000000  00000040  RWIX
  CLB4DATAEXCH          00003e00   00000200  00000000  00000200  RWIX
  EPWM1                 00004000   00000100  00000100  00000000  RWIX
  EPWM2                 00004100   00000100  00000000  00000100  RWIX
  EPWM3                 00004200   00000100  00000000  00000100  RWIX
  EPWM4                 00004300   00000100  00000000  00000100  RWIX
  EPWM5                 00004400   00000100  00000000  00000100  RWIX
  EPWM6                 00004500   00000100  00000000  00000100  RWIX
  EPWM7                 00004600   00000100  00000000  00000100  RWIX
  EPWM8                 00004700   00000100  00000000  00000100  RWIX
  EQEP1                 00005100   00000040  00000000  00000040  RWIX
  EQEP2                 00005140   00000040  00000000  00000040  RWIX
  ECAP1                 00005200   0000001e  00000000  0000001e  RWIX
  ECAP2                 00005240   0000001e  00000000  0000001e  RWIX
  ECAP3                 00005280   0000001e  00000000  0000001e  RWIX
  ECAP4                 000052c0   0000001e  00000000  0000001e  RWIX
  ECAP5                 00005300   0000001e  00000000  0000001e  RWIX
  ECAP6                 00005340   0000001e  00000000  0000001e  RWIX
  HRCAP6                00005360   00000020  00000000  00000020  RWIX
  ECAP7                 00005380   0000001e  00000000  0000001e  RWIX
  HRCAP7                000053a0   00000020  00000000  00000020  RWIX
  PGA1                  00005b00   00000010  00000000  00000010  RWIX
  PGA2                  00005b10   00000010  00000000  00000010  RWIX
  PGA3                  00005b20   00000010  00000000  00000010  RWIX
  PGA4                  00005b30   00000010  00000000  00000010  RWIX
  PGA5                  00005b40   00000010  00000000  00000010  RWIX
  PGA6                  00005b50   00000010  00000000  00000010  RWIX
  PGA7                  00005b60   00000010  00000000  00000010  RWIX
  DACA                  00005c00   00000008  00000000  00000008  RWIX
  DACB                  00005c10   00000008  00000000  00000008  RWIX
  CMPSS1                00005c80   00000020  00000000  00000020  RWIX
  CMPSS2                00005ca0   00000020  00000000  00000020  RWIX
  CMPSS3                00005cc0   00000020  00000000  00000020  RWIX
  CMPSS4                00005ce0   00000020  00000000  00000020  RWIX
  CMPSS5                00005d00   00000020  00000000  00000020  RWIX
  CMPSS6                00005d20   00000020  00000000  00000020  RWIX
  CMPSS7                00005d40   00000020  00000000  00000020  RWIX
  SDFM1                 00005e00   00000070  00000000  00000070  RWIX
  SPIA                  00006100   00000010  00000000  00000010  RWIX
  SPIB                  00006110   00000010  00000000  00000010  RWIX
  CLAPROMCRC0           000061c0   00000020  00000000  00000020  RWIX
  PMBUSA                00006400   00000020  00000000  00000020  RWIX
  FSITXA                00006600   00000050  00000000  00000050  RWIX
  FSIRXA                00006680   00000050  00000000  00000050  RWIX
  LINA                  00006a00   000000ec  00000000  000000ec  RWIX
  WD                    00007000   0000002c  00000000  0000002c  RWIX
  NMIINTRUPT            00007060   00000008  00000000  00000008  RWIX
  XINT                  00007070   0000000c  00000000  0000000c  RWIX
  SCIA                  00007200   00000010  00000000  00000010  RWIX
  SCIB                  00007210   00000010  00000000  00000010  RWIX
  I2CA                  00007300   00000022  00000000  00000022  RWIX
  ADCA                  00007400   00000080  00000076  0000000a  RWIX
  ADCB                  00007480   00000080  00000076  0000000a  RWIX
  ADCC                  00007500   00000080  00000076  0000000a  RWIX
  INPUTXBAR             00007900   00000020  00000000  00000020  RWIX
  XBAR                  00007920   00000020  00000000  00000020  RWIX
  SYNCSOC               00007940   00000006  00000000  00000006  RWIX
  DMACLASRCSEL          00007980   0000001a  00000000  0000001a  RWIX
  EPWMXBAR              00007a00   00000040  00000000  00000040  RWIX
  CLBXBAR               00007a40   00000040  00000000  00000040  RWIX
  OUTPUTXBAR            00007a80   00000040  00000000  00000040  RWIX
  GPIOCTRL              00007c00   00000200  00000000  00000200  RWIX
  GPIODATA              00007f00   00000040  00000000  00000040  RWIX
  RAMLS5                0000a800   00002000  0000131c  00000ce4  RWIX
  RAMLS6                0000c800   00002000  00001000  00001000  RWIX
  RAMLS7                0000e800   00002000  00000800  00001800  RWIX
  RAMGS0                00010800   00002000  00000000  00002000  RWIX
  RAMGS1                00012800   00002000  00000000  00002000  RWIX
  RAMGS2                00014800   00002000  00000000  00002000  RWIX
  RAMGS3                00016800   00001ff8  00000000  00001ff8  RWIX
  CANA                  00048000   00000200  00000000  00000200  RWIX
  CANB                  0004a000   00000200  00000000  00000200  RWIX
  DEVCFG                0005d000   00000180  00000000  00000180  RWIX
  CLKCFG                0005d200   00000036  00000000  00000036  RWIX
  CPUSYS                0005d300   00000082  00000082  00000000  RWIX
  SYSPERIPHAC           0005d500   00000200  00000000  00000200  RWIX
  ANALOGSUBSYS          0005d700   00000090  00000090  00000000  RWIX
  DCC0                  0005e700   0000002c  00000000  0000002c  RWIX
  ERADGLOBAL            0005e800   00000014  00000000  00000014  RWIX
  ERADHWBP1             0005e900   00000008  00000000  00000008  RWIX
  ERADHWBP2             0005e908   00000008  00000000  00000008  RWIX
  ERADHWBP3             0005e910   00000008  00000000  00000008  RWIX
  ERADHWBP4             0005e918   00000008  00000000  00000008  RWIX
  ERADHWBP5             0005e920   00000008  00000000  00000008  RWIX
  ERADHWBP6             0005e928   00000008  00000000  00000008  RWIX
  ERADHWBP7             0005e930   00000008  00000000  00000008  RWIX
  ERADHWBP8             0005e938   00000008  00000000  00000008  RWIX
  ERADCOUNTER1          0005e980   00000010  00000000  00000010  RWIX
  ERADCOUNTER2          0005e990   00000010  00000000  00000010  RWIX
  ERADCOUNTER3          0005e9a0   00000010  00000000  00000010  RWIX
  ERADCOUNTER4          0005e9b0   00000010  00000000  00000010  RWIX
  DCSMBANK0Z1           0005f000   00000024  00000000  00000024  RWIX
  DCSMBANK0Z2           0005f040   00000024  00000000  00000024  RWIX
  DCSMCOMMON            0005f070   00000010  00000000  00000010  RWIX
  DCSMBANK1Z1           0005f100   00000024  00000000  00000024  RWIX
  DCSMBANK1Z2           0005f140   00000024  00000000  00000024  RWIX
  MEMCFG                0005f400   00000080  00000000  00000080  RWIX
  ACCESSPROTECTION      0005f4c0   00000040  00000000  00000040  RWIX
  MEMORYERROR           0005f500   00000040  00000000  00000040  RWIX
  FLASH0CTRL            0005f800   00000182  00000000  00000182  RWIX
  FLASH0ECC             0005fb00   00000028  00000000  00000028  RWIX


SECTION ALLOCATION MAP

 output                                  attributes/
section   page    origin      length       input sections
--------  ----  ----------  ----------   ----------------
codestart 
*          0    00080000    00000002     
                  00080000    00000002     f28004x_codestartbranch.obj (codestart)

.cinit     0    00081078    0000019a     
                  00081078    0000016c     (.cinit..data.load) [load image, compression = lzss]
                  000811e4    00000006     (.cinit.FFT_buffer1.load) [load image, compression = lzss]
                  000811ea    00000006     (.cinit.FFT_buffer2.load) [load image, compression = lzss]
                  000811f0    00000006     (__TI_handler_table)
                  000811f6    00000004     (.cinit..bss.load) [load image, compression = zero_init]
                  000811fa    00000004     (.cinit.PieVectTableFile.load) [load image, compression = zero_init]
                  000811fe    00000014     (__TI_cinit_table)

FFT_buffer1 
*          1    0000d000    00001000     UNINITIALIZED
                  0000d000    00001000     user_adc.obj (FFT_buffer1)

FFT_buffer2 
*          1    0000f000    00000800     UNINITIALIZED
                  0000f000    00000800     user_adc.obj (FFT_buffer2)

.reset     0    003fffc0    00000000     DSECT

.stack     1    00000400    00000200     UNINITIALIZED
                  00000400    00000200     --HOLE--

.init_array 
*          0    00081000    00000000     UNINITIALIZED

AdcaResultRegsFile 
*          1    00000b00    00000018     UNINITIALIZED
                  00000b00    00000018     f28004x_globalvariabledefs.obj (AdcaResultRegsFile)

.bss       1    0000a800    000000e8     UNINITIALIZED
                  0000a800    000000c8     USART.obj (.bss:USART_buffer)
                  0000a8c8    00000014     CFFT_f32.obj (.bss)
                  0000a8dc    0000000c     user_adc.obj (.bss)

.TI.ramfunc 
*          0    00081000    00000076     RUN ADDR = 00008000
                  00081000    00000072     flash.obj (.TI.ramfunc)
                  00081072    00000004     sysctl.obj (.TI.ramfunc)

PieVectTableFile 
*          1    00000d00    000001c0     UNINITIALIZED
                  00000d00    000001c0     f28004x_globalvariabledefs.obj (PieVectTableFile)

EmuKeyVar 
*          1    00000d00    00000000     UNINITIALIZED

EmuBModeVar 
*          1    00000d00    00000000     UNINITIALIZED

EmuBootPinsVar 
*          1    00000d00    00000000     UNINITIALIZED

FlashCallbackVar 
*          1    00000d00    00000000     UNINITIALIZED

FlashScalingVar 
*          1    00000d00    00000000     UNINITIALIZED

AdcaRegsFile 
*          1    00007400    00000076     UNINITIALIZED
                  00007400    00000076     f28004x_globalvariabledefs.obj (AdcaRegsFile)

AdcbRegsFile 
*          1    00007480    00000076     UNINITIALIZED
                  00007480    00000076     f28004x_globalvariabledefs.obj (AdcbRegsFile)

AdccRegsFile 
*          1    00007500    00000076     UNINITIALIZED
                  00007500    00000076     f28004x_globalvariabledefs.obj (AdccRegsFile)

AnalogSubsysRegsFile 
*          1    0005d700    00000090     UNINITIALIZED
                  0005d700    00000090     f28004x_globalvariabledefs.obj (AnalogSubsysRegsFile)

CpuSysRegsFile 
*          1    0005d300    00000082     UNINITIALIZED
                  0005d300    00000082     f28004x_globalvariabledefs.obj (CpuSysRegsFile)

EPwm1RegsFile 
*          1    00004000    00000100     UNINITIALIZED
                  00004000    00000100     f28004x_globalvariabledefs.obj (EPwm1RegsFile)

PieCtrlRegsFile 
*          1    00000ce0    0000001a     UNINITIALIZED
                  00000ce0    0000001a     f28004x_globalvariabledefs.obj (PieCtrlRegsFile)

b0_dcsm_otp_z1_linkpointer 
*          0    000000f6    00000000     

b0_dcsm_otp_z1_gpreg 
*          0    000000f6    00000000     

b0_dcsm_otp_z1_pswdlock 
*          0    000000f6    00000000     

b0_dcsm_otp_z1_crclock 
*          0    000000f6    00000000     

b0_dcsm_otp_z1_bootctrl 
*          0    000000f6    00000000     

b0_dcsm_zsel_z1 
*          0    000000f6    00000000     

b1_dcsm_otp_z1_linkpointer 
*          0    000000f6    00000000     

b1_dcsm_zsel_z1 
*          0    000000f6    00000000     

b0_dcsm_otp_z2_linkpointer 
*          0    000000f6    00000000     

b0_dcsm_otp_z2_gpreg 
*          0    000000f6    00000000     

b0_dcsm_otp_z2_pswdlock 
*          0    000000f6    00000000     

b0_dcsm_otp_z2_crclock 
*          0    000000f6    00000000     

b0_dcsm_otp_z2_bootctrl 
*          0    000000f6    00000000     

b0_dcsm_zsel_z2 
*          0    000000f6    00000000     

b1_dcsm_otp_z2_linkpointer 
*          0    000000f6    00000000     

b1_dcsm_zsel_z2 
*          0    000000f6    00000000     

.text.1    0    00082000    00000ffd     
                  00082000    000004b3     f28004x_defaultisr.obj (.text:retain)
                  000824b3    00000442     OLED_I2C.obj (.text)
                  000828f5    000002c6     sysctl.obj (.text)
                  00082bbb    00000001     rts2800_fpu32_eabi.lib : startup.c.obj (.text)
                  00082bbc    0000026a     user_adc.obj (.text)
                  00082e26    0000019a     USART.obj (.text)
                  00082fc0    0000003b     user_dac.obj (.text)
                  00082ffb    00000002     rts2800_fpu32_eabi.lib : pre_init.c.obj (.text)

.text.2    0    00083000    00000fda     
                  00083000    0000020e     dcc.obj (.text)
                  0008320e    000001f6     micro_printf.obj (.text)
                  00083404    0000018d     gpio.obj (.text)
                  00083591    0000017a     device.obj (.text)
                  0008370b    0000014a     interrupt.obj (.text)
                  00083855    00000001     --HOLE-- [fill = 0]
                  00083856    0000013d     CFFT_f32.obj (.text)
                  00083993    0000011a     myiic.obj (.text)
                  00083aad    00000101     sci.obj (.text)
                  00083bae    00000084     USART.obj (.text:retain)
                  00083c32    0000006a     user_adc.obj (.text:retain)
                  00083c9c    0000005f     CFFT_f32_mag.obj (.text)
                  00083cfb    00000059     f28004x_adc.obj (.text)
                  00083d54    00000056     key_exti.obj (.text)
                  00083daa    0000004d     main.obj (.text)
                  00083df7    0000002e     rts2800_fpu32_eabi.lib : copy_decompress_lzss.c.obj (.text:decompress:lzss)
                  00083e25    0000002b                            : autoinit.c.obj (.text:__TI_auto_init_nobinit_nopinit)
                  00083e50    0000002b     key_exti.obj (.text:retain)
                  00083e7b    0000002a     rts2800_fpu32_eabi.lib : l_div28.asm.obj (.text)
                  00083ea5    00000001     --HOLE-- [fill = 0]
                  00083ea6    00000029     CFFT_f32_sincostable.obj (.text)
                  00083ecf    00000029     rts2800_fpu32_eabi.lib : exit.c.obj (.text)
                  00083ef8    00000022                            : i_div28.asm.obj (.text)
                  00083f1a    00000020     interrupt.obj (.text:retain)
                  00083f3a    0000001d     rts2800_fpu32_eabi.lib : memcpy.c.obj (.text)
                  00083f57    0000001c     led.obj (.text)
                  00083f73    00000017     rts2800_fpu32_eabi.lib : boot28.asm.obj (.text)
                  00083f8a    00000016                            : strstr.c.obj (.text)
                  00083fa0    0000000d                            : copy_zero_init.c.obj (.text:decompress:ZI:__TI_zero_init_nomemset)
                  00083fad    0000000c                            : args_main.c.obj (.text)
                  00083fb9    00000009                            : _lock.c.obj (.text)
                  00083fc2    00000008                            : copy_decompress_none.c.obj (.text:decompress:none)
                  00083fca    00000008     f28004x_codestartbranch.obj (.text)
                  00083fd2    00000008     rts2800_fpu32_eabi.lib : strlen.c.obj (.text)

.const.1   0    00084000    0000083b     
                  00084000    000005f0     OLED_I2C.obj (.const:.string:F8X16)
                  000845f0    0000022e     OLED_I2C.obj (.const:F6x8)
                  0008481e    00000011     micro_printf.obj (.const:.string:MY_digits)
                  0008482f    00000001     --HOLE-- [fill = 0]
                  00084830    0000000b     USART.obj (.const:.string)

.const.2   0    00084840    000001e1     
                  00084840    000001c0     f28004x_pievect.obj (.const)
                  00084a00    0000000b     main.obj (.const:.string)
                  00084a0b    00000001     --HOLE-- [fill = 0]
                  00084a0c    00000008     OLED_I2C.obj (.const:.string)
                  00084a14    00000008     OLED_I2C.obj (.const:hSpeedReg$1)
                  00084a1c    00000005     user_adc.obj (.const:.string)

.data      1    0000a8e8    00001234     UNINITIALIZED
                  0000a8e8    00000800     user_adc.obj (.data:fft_twiddleFactors)
                  0000b0e8    00000400     user_adc.obj (.data:ADC_GetValue)
                  0000b4e8    00000400     OLED_I2C.obj (.data:Point_Data)
                  0000b8e8    00000220     OLED_I2C.obj (.data:F16x16)
                  0000bb08    00000006     rts2800_fpu32_eabi.lib : exit.c.obj (.data)
                  0000bb0e    00000004     user_adc.obj (.data)
                  0000bb12    00000003     OLED_I2C.obj (.data)
                  0000bb15    00000001     main.obj (.data)
                  0000bb16    00000002     USART.obj (.data)
                  0000bb18    00000002     rts2800_fpu32_eabi.lib : _lock.c.obj (.data:_lock)
                  0000bb1a    00000002                            : _lock.c.obj (.data:_unlock)

MODULE SUMMARY

       Module                           code   ro data   rw data
       ------                           ----   -------   -------
    .\3.device\source\
       sysctl.obj                       718    0         0      
       dcc.obj                          526    0         0      
       gpio.obj                         397    0         0      
       interrupt.obj                    362    0         0      
       sci.obj                          257    0         0      
       flash.obj                        228    0         0      
    +--+--------------------------------+------+---------+---------+
       Total:                           2488   0         0      
                                                                
    .\4.common\source\
       f28004x_defaultisr.obj           1203   0         0      
       f28004x_pievect.obj              0      448       0      
       device.obj                       378    0         0      
       f28004x_adc.obj                  89     0         0      
       f28004x_codestartbranch.obj      10     0         0      
    +--+--------------------------------+------+---------+---------+
       Total:                           1680   448       0      
                                                                
    .\5.headers\source\
       f28004x_globalvariabledefs.obj   0      0         1382   
    +--+--------------------------------+------+---------+---------+
       Total:                           0      0         1382   
                                                                
    .\6.user\
       main.obj                         77     11        1      
    +--+--------------------------------+------+---------+---------+
       Total:                           77     11        1      
                                                                
    .\7.HARDWARE\ADC\
       user_adc.obj                     724    5         9232   
    +--+--------------------------------+------+---------+---------+
       Total:                           724    5         9232   
                                                                
    .\7.HARDWARE\DAC\
       user_dac.obj                     59     0         0      
    +--+--------------------------------+------+---------+---------+
       Total:                           59     0         0      
                                                                
    .\7.HARDWARE\KEY_EXTI\
       key_exti.obj                     129    0         0      
    +--+--------------------------------+------+---------+---------+
       Total:                           129    0         0      
                                                                
    .\7.HARDWARE\LED\
       led.obj                          28     0         0      
    +--+--------------------------------+------+---------+---------+
       Total:                           28     0         0      
                                                                
    .\7.HARDWARE\OLED\
       OLED_I2C.obj                     1090   2094      1571   
       myiic.obj                        282    0         0      
    +--+--------------------------------+------+---------+---------+
       Total:                           1372   2094      1571   
                                                                
    .\7.HARDWARE\USART\
       USART.obj                        542    11        202    
       micro_printf.obj                 502    17        0      
    +--+--------------------------------+------+---------+---------+
       Total:                           1044   28        202    
                                                                
    .\8.dsp\fft\source\fft\
       CFFT_f32.obj                     317    0         20     
       CFFT_f32_mag.obj                 95     0         0      
       CFFT_f32_sincostable.obj         41     0         0      
    +--+--------------------------------+------+---------+---------+
       Total:                           453    0         20     
                                                                
    ../2.math_lib/rts2800_fpu32_eabi.lib
       exit.c.obj                       41     0         6      
       copy_decompress_lzss.c.obj       46     0         0      
       autoinit.c.obj                   43     0         0      
       memcpy.c.obj                     29     0         0      
       boot28.asm.obj                   23     0         0      
       _lock.c.obj                      9      0         4      
       copy_zero_init.c.obj             13     0         0      
       args_main.c.obj                  12     0         0      
       copy_decompress_none.c.obj       8      0         0      
       pre_init.c.obj                   2      0         0      
       startup.c.obj                    1      0         0      
    +--+--------------------------------+------+---------+---------+
       Total:                           227    0         10     
                                                                
    D:\ti\ccs1250\ccs\tools\compiler\ti-cgt-c2000_22.6.1.LTS\lib\rts2800_fpu32_eabi.lib
       l_div28.asm.obj                  42     0         0      
       i_div28.asm.obj                  34     0         0      
       strstr.c.obj                     22     0         0      
       strlen.c.obj                     8      0         0      
    +--+--------------------------------+------+---------+---------+
       Total:                           106    0         0      
                                                                
       Stack:                           0      0         512    
       Linker Generated:                0      410       0      
    +--+--------------------------------+------+---------+---------+
       Grand Total:                     8387   2996      12930  


LINKER GENERATED COPY TABLES

__TI_cinit_table @ 000811fe records: 5, size/record: 4, table size: 20
	.data: load addr=00081078, load size=0000016c bytes, run addr=0000a8e8, run size=00001234 bytes, compression=lzss
	FFT_buffer1: load addr=000811e4, load size=00000006 bytes, run addr=0000d000, run size=00001000 bytes, compression=lzss
	FFT_buffer2: load addr=000811ea, load size=00000006 bytes, run addr=0000f000, run size=00000800 bytes, compression=lzss
	.bss: load addr=000811f6, load size=00000004 bytes, run addr=0000a800, run size=000000e8 bytes, compression=zero_init
	PieVectTableFile: load addr=000811fa, load size=00000004 bytes, run addr=00000d00, run size=000001c0 bytes, compression=zero_init


LINKER GENERATED HANDLER TABLE

__TI_handler_table @ 000811f0 records: 3, size/record: 2, table size: 6
	index: 0, handler: __TI_decompress_lzss
	index: 1, handler: __TI_decompress_none
	index: 2, handler: __TI_zero_init


GLOBAL DATA SYMBOLS: SORTED BY DATA PAGE

address     data page           name
--------    ----------------    ----
00000400      10 (00000400)     __stack

00000b00      2c (00000b00)     AdcaResultRegs

00000ce0      33 (00000cc0)     PieCtrlRegs

00000d00      34 (00000d00)     PieVectTable

00004000     100 (00004000)     EPwm1Regs

00007400     1d0 (00007400)     AdcaRegs

00007480     1d2 (00007480)     AdcbRegs

00007500     1d4 (00007500)     AdccRegs

0000a800     2a0 (0000a800)     USART_buffer

0000a8dc     2a3 (0000a8c0)     cfft
0000a8e8     2a3 (0000a8c0)     fft_twiddleFactors

0000b0e8     2c3 (0000b0c0)     ADC_GetValue

0000b4e8     2d3 (0000b4c0)     Point_Data

0000b8e8     2e3 (0000b8c0)     F16x16

0000bb08     2ec (0000bb00)     __TI_enable_exit_profile_output
0000bb0a     2ec (0000bb00)     __TI_cleanup_ptr
0000bb0c     2ec (0000bb00)     __TI_dtors_ptr
0000bb0e     2ec (0000bb00)     index
0000bb0f     2ec (0000bb00)     bufferFull
0000bb10     2ec (0000bb00)     hnd_cfft
0000bb12     2ec (0000bb00)     RevState
0000bb13     2ec (0000bb00)     brightness
0000bb14     2ec (0000bb00)     isScrolling
0000bb15     2ec (0000bb00)     fft_flag
0000bb16     2ec (0000bb00)     USART_bufferPos
0000bb18     2ec (0000bb00)     _lock
0000bb1a     2ec (0000bb00)     _unlock

0000d000     340 (0000d000)     fft_inputbuf

0000f000     3c0 (0000f000)     fft_outputbuf

0005d300    174c (0005d300)     CpuSysRegs

0005d700    175c (0005d700)     AnalogSubsysRegs

00084000    2100 (00084000)     F8X16

000845f0    2117 (000845c0)     F6x8

0008481e    2120 (00084800)     MY_digits

00084840    2121 (00084840)     PieVectTableInit


GLOBAL SYMBOLS: SORTED ALPHABETICALLY BY Name 

page  address   name                             
----  -------   ----                             
0     000824a9  ADCA1_ISR                        
0     0008249f  ADCA2_ISR                        
0     00082495  ADCA3_ISR                        
0     0008248b  ADCA4_ISR                        
0     00082481  ADCA_EVT_ISR                     
0     00082477  ADCB1_ISR                        
0     0008246d  ADCB2_ISR                        
0     00082463  ADCB3_ISR                        
0     00082459  ADCB4_ISR                        
0     0008244f  ADCB_EVT_ISR                     
0     00082445  ADCC1_ISR                        
0     0008243b  ADCC2_ISR                        
0     00082431  ADCC3_ISR                        
0     00082427  ADCC4_ISR                        
0     0008241d  ADCC_EVT_ISR                     
0     00082de6  ADCSOC_Init                      
0     00082e0a  ADC_EPWM_Init                    
1     0000b0e8  ADC_GetValue                     
0     00082dd0  ADC_Init                         
0     00082db0  ADC_Start                        
1     00007400  AdcaRegs                         
1     00000b00  AdcaResultRegs                   
1     00007480  AdcbRegs                         
1     00007500  AdccRegs                         
1     0005d700  AnalogSubsysRegs                 
0     000828bc  BackGround                       
0     00083daa  Board_Start                      
0     00083ecf  C$$EXIT                          
0     00082413  CANA0_ISR                        
0     00082409  CANA1_ISR                        
0     000823ff  CANB0_ISR                        
0     000823f5  CANB1_ISR                        
0     00083856  CFFT_f32                         
0     00083c9c  CFFT_f32_mag                     
0     00083ea6  CFFT_f32_sincostable             
0     000823eb  CLA1PROMCRC_ISR                  
0     000823e1  CLA1_1_ISR                       
0     000823d7  CLA1_2_ISR                       
0     000823cd  CLA1_3_ISR                       
0     000823c3  CLA1_4_ISR                       
0     000823b9  CLA1_5_ISR                       
0     000823af  CLA1_6_ISR                       
0     000823a5  CLA1_7_ISR                       
0     0008239b  CLA1_8_ISR                       
0     00082391  CLA_OVERFLOW_ISR                 
0     00082387  CLA_UNDERFLOW_ISR                
1     0005d300  CpuSysRegs                       
0     00082fde  DAC_Set_Value                    
0     00082fc0  DAC_init                         
0     0008237d  DATALOG_ISR                      
0     0008316a  DCC_continuousMonitor            
0     0008315d  DCC_getRevisionNumber            
0     000830b5  DCC_measureClockFrequency        
0     00083000  DCC_verifyClockFrequency         
0     00082373  DMA_CH1_ISR                      
0     00082369  DMA_CH2_ISR                      
0     0008235f  DMA_CH3_ISR                      
0     00082355  DMA_CH4_ISR                      
0     0008234b  DMA_CH5_ISR                      
0     00082341  DMA_CH6_ISR                      
0     000835df  Device_enableAllPeripherals      
0     000836b6  Device_init                      
0     000835cf  Device_initGPIO                  
0     00083594  Device_verifyXTAL                
0     00082337  ECAP1_ISR                        
0     0008232d  ECAP2_ISR                        
0     00082323  ECAP3_ISR                        
0     00082319  ECAP4_ISR                        
0     0008230f  ECAP5_ISR                        
0     00082305  ECAP6_2_ISR                      
0     000822fb  ECAP6_ISR                        
0     000822f1  ECAP7_2_ISR                      
0     000822e7  ECAP7_ISR                        
0     000822da  EMPTY_ISR                        
0     000822d0  EMU_ISR                          
0     000822c6  EPWM1_ISR                        
0     000822bc  EPWM1_TZ_ISR                     
0     000822b2  EPWM2_ISR                        
0     000822a8  EPWM2_TZ_ISR                     
0     0008229e  EPWM3_ISR                        
0     00082294  EPWM3_TZ_ISR                     
0     0008228a  EPWM4_ISR                        
0     00082280  EPWM4_TZ_ISR                     
0     00082276  EPWM5_ISR                        
0     0008226c  EPWM5_TZ_ISR                     
0     00082262  EPWM6_ISR                        
0     00082258  EPWM6_TZ_ISR                     
0     0008224e  EPWM7_ISR                        
0     00082244  EPWM7_TZ_ISR                     
0     0008223a  EPWM8_ISR                        
0     00082230  EPWM8_TZ_ISR                     
0     00082d6b  EPWM_Fre_Init                    
1     00004000  EPwm1Regs                        
0     00082226  EQEP1_ISR                        
0     0008221c  EQEP2_ISR                        
0     00083d54  EXTIX_Init                       
1     0000b8e8  F16x16                           
0     000845f0  F6x8                             
0     00084000  F8X16                            
0     00082cd6  FFT_Calculate                    
0     00082d54  FFT_Init                         
0     00082212  FLASH_CORRECTABLE_ERROR_ISR      
0     00082208  FPU_OVERFLOW_ISR                 
0     000821fe  FPU_UNDERFLOW_ISR                
0     000821f4  FSIRXA1_ISR                      
0     000821ea  FSIRXA2_ISR                      
0     000821e0  FSITXA1_ISR                      
0     000821d6  FSITXA2_ISR                      
0     0000802d  Flash_initModule                 
0     00008015  Flash_powerDown                  
0     00008000  Flash_wakeFromLPM                
0     000833fe  Float_to_u32                     
0     0008357f  GPIO_getDirectionMode            
0     00083553  GPIO_getPadConfig                
0     00083533  GPIO_getQualificationMode        
0     00083512  GPIO_setAnalogMode               
0     000834f0  GPIO_setControllerCore           
0     000834d0  GPIO_setDirectionMode            
0     000834b0  GPIO_setInterruptPin             
0     00083471  GPIO_setPadConfig                
0     00083441  GPIO_setPinConfig                
0     0008341f  GPIO_setQualificationMode        
0     00083404  GPIO_setQualificationPeriod      
0     00082bfa  Get_Show_THD                     
0     00082bda  Get_amp                          
0     000821cc  I2CA_FIFO_ISR                    
0     000821c2  I2CA_ISR                         
0     000824b3  I2C_WriteByte                    
0     00083a49  IIC_Ack                          
0     00083a98  IIC_Init                         
0     00083a30  IIC_NAck                         
0     00083a62  IIC_Read_Byte                    
0     00083a02  IIC_Send_Byte                    
0     000839e9  IIC_Start                        
0     000839af  IIC_Stop                         
0     000839c8  IIC_Wait_Ack                     
0     000821b8  ILLEGAL_ISR                      
0     00083f2e  Interrupt_defaultHandler         
0     0008380b  Interrupt_disable                
0     00083761  Interrupt_enable                 
0     00083f24  Interrupt_illegalOperationHandler
0     00083720  Interrupt_initModule             
0     0008370b  Interrupt_initVectorTable        
0     00083f1a  Interrupt_nmiHandler             
0     00083f57  LED_Init                         
0     000821ae  LINA_0_ISR                       
0     000821a4  LINA_1_ISR                       
0     0008481e  MY_digits                        
0     0008219a  NMI_ISR                          
0     00082190  NOTUSED_ISR                      
0     000827b3  OLED_CLS                         
0     0008288f  OLED_DrawBMP                     
0     00082850  OLED_DrawPoint                   
0     00082796  OLED_Fill                        
0     0008281d  OLED_Fill_Area                   
0     000827b7  OLED_Init                        
0     0008278c  OLED_OFF                         
0     00082782  OLED_ON                          
0     00082772  OLED_Reverse                     
0     00082732  OLED_Scroll                      
0     00082722  OLED_SetBrightness               
0     000824d2  OLED_SetPos                      
0     000824ea  OLED_ShowCN                      
0     00082655  OLED_ShowChar                    
0     00082703  OLED_ShowFloat                   
0     0008269e  OLED_ShowInt                     
0     00082609  OLED_ShowRevChar                 
0     0008259f  OLED_ShowRevStr                  
0     00082538  OLED_ShowStr                     
0     00082531  OLED_StopScroll                  
0     00082186  PIE_RESERVED_ISR                 
0     0008217c  PMBUSA_ISR                       
1     00000ce0  PieCtrlRegs                      
1     00000d00  PieVectTable                     
0     00084840  PieVectTableInit                 
0     00082f77  PinMux_init                      
1     0000b4e8  Point_Data                       
0     00082172  RAM_ACCESS_VIOLATION_ISR         
0     00082168  RAM_CORRECTABLE_ERROR_ISR        
0     0008215e  RTOS_ISR                         
0     00081076  RamfuncsLoadEnd                  
abs   00000076  RamfuncsLoadSize                 
0     00081000  RamfuncsLoadStart                
0     00008076  RamfuncsRunEnd                   
abs   00000076  RamfuncsRunSize                  
0     00008000  RamfuncsRunStart                 
1     0000bb12  RevState                         
0     00082154  SCIA_RX_ISR                      
0     0008214a  SCIA_TX_ISR                      
0     00083bae  SCIB_RXFIFOISR                   
0     00082140  SCIB_RX_ISR                      
0     00082136  SCIB_TX_ISR                      
0     00083b92  SCI_clearInterruptStatus         
0     00083b78  SCI_disableInterrupt             
0     00083b5e  SCI_enableInterrupt              
0     00083b3e  SCI_getInterruptStatus           
0     00082e26  SCI_init                         
0     00083b1e  SCI_readCharArray                
0     00083af6  SCI_setBaud                      
0     00083ad3  SCI_setConfig                    
0     00083acf  SCI_setWakeFlag                  
0     00083aad  SCI_writeCharArray               
0     0008212c  SD1DR1_ISR                       
0     00082122  SD1DR2_ISR                       
0     00082118  SD1DR3_ISR                       
0     0008210e  SD1DR4_ISR                       
0     00082104  SD1_ISR                          
0     0008399f  SDA_IN                           
0     00083993  SDA_OUT                          
0     000820fa  SPIA_RX_ISR                      
0     000820f0  SPIA_TX_ISR                      
0     000820e6  SPIB_RX_ISR                      
0     000820dc  SPIB_TX_ISR                      
0     000820d2  SYS_PLL_SLIP_ISR                 
0     00083cfb  SetVREF                          
0     00008072  SysCtl_delay                     
0     00082b19  SysCtl_getClock                  
0     00082b7e  SysCtl_getDeviceParametric       
0     00082b69  SysCtl_getLowSpeedClock          
0     000829b5  SysCtl_isPLLValid                
0     00082988  SysCtl_selectOscSource           
0     00082951  SysCtl_selectXTAL                
0     00082933  SysCtl_selectXTALSingleEnded     
0     00082a6c  SysCtl_setClock                  
0     000820c8  TIMER0_ISR                       
0     000820be  TIMER1_ISR                       
0     000820b4  TIMER2_ISR                       
0     00082f21  USART_CanReadLine                
0     00082fbc  USART_CanReadStr                 
0     00082fa5  USART_CanReadUntil               
0     00082f9e  USART_Init                       
0     00082f42  USART_ReadLine                   
0     00082f11  USART_Write                      
0     00082ed5  USART_WriteChar                  
0     00082ef8  USART_WriteLine                  
0     00082ef4  USART_WriteStr                   
0     00082ede  USART_WriteUntil                 
1     0000a800  USART_buffer                     
1     0000bb16  USART_bufferPos                  
0     000820aa  USER10_ISR                       
0     000820a0  USER11_ISR                       
0     00082096  USER12_ISR                       
0     0008208c  USER1_ISR                        
0     00082082  USER2_ISR                        
0     00082078  USER3_ISR                        
0     0008206e  USER4_ISR                        
0     00082064  USER5_ISR                        
0     0008205a  USER6_ISR                        
0     00082050  USER7_ISR                        
0     00082046  USER8_ISR                        
0     0008203c  USER9_ISR                        
0     00082032  WAKE_ISR                         
0     000824cd  WriteCmd                         
0     000824e5  WriteDat                         
0     00082028  XINT1_ISR                        
0     0008201e  XINT2_ISR                        
0     00082014  XINT3_ISR                        
0     0008200a  XINT4_ISR                        
0     00082000  XINT5_ISR                        
0     000811fe  __TI_CINIT_Base                  
0     00081212  __TI_CINIT_Limit                 
0     00081212  __TI_CINIT_Warm                  
0     000811f0  __TI_Handler_Table_Base          
0     000811f6  __TI_Handler_Table_Limit         
1     00000600  __TI_STACK_END                   
abs   00000200  __TI_STACK_SIZE                  
0     00083e25  __TI_auto_init_nobinit_nopinit   
1     0000bb0a  __TI_cleanup_ptr                 
0     00083df7  __TI_decompress_lzss             
0     00083fc2  __TI_decompress_none             
1     0000bb0c  __TI_dtors_ptr                   
1     0000bb08  __TI_enable_exit_profile_output  
abs   ffffffff  __TI_pprof_out_hndl              
abs   ffffffff  __TI_prof_data_size              
abs   ffffffff  __TI_prof_data_start             
0     00083fa0  __TI_zero_init_nomemset          
0     00082eb9  __USART_Shift                    
0     00083ef8  __c28xabi_divi                   
0     00083e7b  __c28xabi_divl                   
0     00083e98  __c28xabi_divul                  
0     00083f09  __c28xabi_modi                   
0     00083e8a  __c28xabi_modl                   
0     00083e9f  __c28xabi_modul                  
n/a   UNDEFED   __c_args__                       
0     00083591  __error__                        
1     00000400  __stack                          
0     00083fad  _args_main                       
0     00083f73  _c_int00                         
1     0000bb18  _lock                            
0     00083fc1  _nop                             
0     00083fbd  _register_lock                   
0     00083fb9  _register_unlock                 
0     00082bbb  _system_post_cinit               
0     00082ffb  _system_pre_init                 
1     0000bb1a  _unlock                          
0     00083ecf  abort                            
0     00083c32  adcA1ISR                         
1     0000bb13  brightness                       
1     0000bb0f  bufferFull                       
1     0000a8dc  cfft                             
0     00080000  code_start                       
0     00083ed1  exit                             
1     0000bb15  fft_flag                         
1     0000d000  fft_inputbuf                     
1     0000f000  fft_outputbuf                    
1     0000a8e8  fft_twiddleFactors               
0     0008339f  float_to_char                    
1     0000bb10  hnd_cfft                         
1     0000bb0e  index                            
1     0000bb14  isScrolling                      
0     00083dd1  main                             
0     00083f3a  memcpy                           
0     00083337  micro_print                      
0     00082e26  mySCI0_init                      
0     00083fd2  strlen                           
0     00083f8a  strstr                           
0     00082bbc  wave_determine                   
0     00082512  wave_show                        
0     00083e65  xint1_isr                        
0     00083e50  xint2_isr                        


GLOBAL SYMBOLS: SORTED BY Symbol Address 

page  address   name                             
----  -------   ----                             
0     00008000  Flash_wakeFromLPM                
0     00008000  RamfuncsRunStart                 
0     00008015  Flash_powerDown                  
0     0000802d  Flash_initModule                 
0     00008072  SysCtl_delay                     
0     00008076  RamfuncsRunEnd                   
0     00080000  code_start                       
0     00081000  RamfuncsLoadStart                
0     00081076  RamfuncsLoadEnd                  
0     000811f0  __TI_Handler_Table_Base          
0     000811f6  __TI_Handler_Table_Limit         
0     000811fe  __TI_CINIT_Base                  
0     00081212  __TI_CINIT_Limit                 
0     00081212  __TI_CINIT_Warm                  
0     00082000  XINT5_ISR                        
0     0008200a  XINT4_ISR                        
0     00082014  XINT3_ISR                        
0     0008201e  XINT2_ISR                        
0     00082028  XINT1_ISR                        
0     00082032  WAKE_ISR                         
0     0008203c  USER9_ISR                        
0     00082046  USER8_ISR                        
0     00082050  USER7_ISR                        
0     0008205a  USER6_ISR                        
0     00082064  USER5_ISR                        
0     0008206e  USER4_ISR                        
0     00082078  USER3_ISR                        
0     00082082  USER2_ISR                        
0     0008208c  USER1_ISR                        
0     00082096  USER12_ISR                       
0     000820a0  USER11_ISR                       
0     000820aa  USER10_ISR                       
0     000820b4  TIMER2_ISR                       
0     000820be  TIMER1_ISR                       
0     000820c8  TIMER0_ISR                       
0     000820d2  SYS_PLL_SLIP_ISR                 
0     000820dc  SPIB_TX_ISR                      
0     000820e6  SPIB_RX_ISR                      
0     000820f0  SPIA_TX_ISR                      
0     000820fa  SPIA_RX_ISR                      
0     00082104  SD1_ISR                          
0     0008210e  SD1DR4_ISR                       
0     00082118  SD1DR3_ISR                       
0     00082122  SD1DR2_ISR                       
0     0008212c  SD1DR1_ISR                       
0     00082136  SCIB_TX_ISR                      
0     00082140  SCIB_RX_ISR                      
0     0008214a  SCIA_TX_ISR                      
0     00082154  SCIA_RX_ISR                      
0     0008215e  RTOS_ISR                         
0     00082168  RAM_CORRECTABLE_ERROR_ISR        
0     00082172  RAM_ACCESS_VIOLATION_ISR         
0     0008217c  PMBUSA_ISR                       
0     00082186  PIE_RESERVED_ISR                 
0     00082190  NOTUSED_ISR                      
0     0008219a  NMI_ISR                          
0     000821a4  LINA_1_ISR                       
0     000821ae  LINA_0_ISR                       
0     000821b8  ILLEGAL_ISR                      
0     000821c2  I2CA_ISR                         
0     000821cc  I2CA_FIFO_ISR                    
0     000821d6  FSITXA2_ISR                      
0     000821e0  FSITXA1_ISR                      
0     000821ea  FSIRXA2_ISR                      
0     000821f4  FSIRXA1_ISR                      
0     000821fe  FPU_UNDERFLOW_ISR                
0     00082208  FPU_OVERFLOW_ISR                 
0     00082212  FLASH_CORRECTABLE_ERROR_ISR      
0     0008221c  EQEP2_ISR                        
0     00082226  EQEP1_ISR                        
0     00082230  EPWM8_TZ_ISR                     
0     0008223a  EPWM8_ISR                        
0     00082244  EPWM7_TZ_ISR                     
0     0008224e  EPWM7_ISR                        
0     00082258  EPWM6_TZ_ISR                     
0     00082262  EPWM6_ISR                        
0     0008226c  EPWM5_TZ_ISR                     
0     00082276  EPWM5_ISR                        
0     00082280  EPWM4_TZ_ISR                     
0     0008228a  EPWM4_ISR                        
0     00082294  EPWM3_TZ_ISR                     
0     0008229e  EPWM3_ISR                        
0     000822a8  EPWM2_TZ_ISR                     
0     000822b2  EPWM2_ISR                        
0     000822bc  EPWM1_TZ_ISR                     
0     000822c6  EPWM1_ISR                        
0     000822d0  EMU_ISR                          
0     000822da  EMPTY_ISR                        
0     000822e7  ECAP7_ISR                        
0     000822f1  ECAP7_2_ISR                      
0     000822fb  ECAP6_ISR                        
0     00082305  ECAP6_2_ISR                      
0     0008230f  ECAP5_ISR                        
0     00082319  ECAP4_ISR                        
0     00082323  ECAP3_ISR                        
0     0008232d  ECAP2_ISR                        
0     00082337  ECAP1_ISR                        
0     00082341  DMA_CH6_ISR                      
0     0008234b  DMA_CH5_ISR                      
0     00082355  DMA_CH4_ISR                      
0     0008235f  DMA_CH3_ISR                      
0     00082369  DMA_CH2_ISR                      
0     00082373  DMA_CH1_ISR                      
0     0008237d  DATALOG_ISR                      
0     00082387  CLA_UNDERFLOW_ISR                
0     00082391  CLA_OVERFLOW_ISR                 
0     0008239b  CLA1_8_ISR                       
0     000823a5  CLA1_7_ISR                       
0     000823af  CLA1_6_ISR                       
0     000823b9  CLA1_5_ISR                       
0     000823c3  CLA1_4_ISR                       
0     000823cd  CLA1_3_ISR                       
0     000823d7  CLA1_2_ISR                       
0     000823e1  CLA1_1_ISR                       
0     000823eb  CLA1PROMCRC_ISR                  
0     000823f5  CANB1_ISR                        
0     000823ff  CANB0_ISR                        
0     00082409  CANA1_ISR                        
0     00082413  CANA0_ISR                        
0     0008241d  ADCC_EVT_ISR                     
0     00082427  ADCC4_ISR                        
0     00082431  ADCC3_ISR                        
0     0008243b  ADCC2_ISR                        
0     00082445  ADCC1_ISR                        
0     0008244f  ADCB_EVT_ISR                     
0     00082459  ADCB4_ISR                        
0     00082463  ADCB3_ISR                        
0     0008246d  ADCB2_ISR                        
0     00082477  ADCB1_ISR                        
0     00082481  ADCA_EVT_ISR                     
0     0008248b  ADCA4_ISR                        
0     00082495  ADCA3_ISR                        
0     0008249f  ADCA2_ISR                        
0     000824a9  ADCA1_ISR                        
0     000824b3  I2C_WriteByte                    
0     000824cd  WriteCmd                         
0     000824d2  OLED_SetPos                      
0     000824e5  WriteDat                         
0     000824ea  OLED_ShowCN                      
0     00082512  wave_show                        
0     00082531  OLED_StopScroll                  
0     00082538  OLED_ShowStr                     
0     0008259f  OLED_ShowRevStr                  
0     00082609  OLED_ShowRevChar                 
0     00082655  OLED_ShowChar                    
0     0008269e  OLED_ShowInt                     
0     00082703  OLED_ShowFloat                   
0     00082722  OLED_SetBrightness               
0     00082732  OLED_Scroll                      
0     00082772  OLED_Reverse                     
0     00082782  OLED_ON                          
0     0008278c  OLED_OFF                         
0     00082796  OLED_Fill                        
0     000827b3  OLED_CLS                         
0     000827b7  OLED_Init                        
0     0008281d  OLED_Fill_Area                   
0     00082850  OLED_DrawPoint                   
0     0008288f  OLED_DrawBMP                     
0     000828bc  BackGround                       
0     00082933  SysCtl_selectXTALSingleEnded     
0     00082951  SysCtl_selectXTAL                
0     00082988  SysCtl_selectOscSource           
0     000829b5  SysCtl_isPLLValid                
0     00082a6c  SysCtl_setClock                  
0     00082b19  SysCtl_getClock                  
0     00082b69  SysCtl_getLowSpeedClock          
0     00082b7e  SysCtl_getDeviceParametric       
0     00082bbb  _system_post_cinit               
0     00082bbc  wave_determine                   
0     00082bda  Get_amp                          
0     00082bfa  Get_Show_THD                     
0     00082cd6  FFT_Calculate                    
0     00082d54  FFT_Init                         
0     00082d6b  EPWM_Fre_Init                    
0     00082db0  ADC_Start                        
0     00082dd0  ADC_Init                         
0     00082de6  ADCSOC_Init                      
0     00082e0a  ADC_EPWM_Init                    
0     00082e26  SCI_init                         
0     00082e26  mySCI0_init                      
0     00082eb9  __USART_Shift                    
0     00082ed5  USART_WriteChar                  
0     00082ede  USART_WriteUntil                 
0     00082ef4  USART_WriteStr                   
0     00082ef8  USART_WriteLine                  
0     00082f11  USART_Write                      
0     00082f21  USART_CanReadLine                
0     00082f42  USART_ReadLine                   
0     00082f77  PinMux_init                      
0     00082f9e  USART_Init                       
0     00082fa5  USART_CanReadUntil               
0     00082fbc  USART_CanReadStr                 
0     00082fc0  DAC_init                         
0     00082fde  DAC_Set_Value                    
0     00082ffb  _system_pre_init                 
0     00083000  DCC_verifyClockFrequency         
0     000830b5  DCC_measureClockFrequency        
0     0008315d  DCC_getRevisionNumber            
0     0008316a  DCC_continuousMonitor            
0     00083337  micro_print                      
0     0008339f  float_to_char                    
0     000833fe  Float_to_u32                     
0     00083404  GPIO_setQualificationPeriod      
0     0008341f  GPIO_setQualificationMode        
0     00083441  GPIO_setPinConfig                
0     00083471  GPIO_setPadConfig                
0     000834b0  GPIO_setInterruptPin             
0     000834d0  GPIO_setDirectionMode            
0     000834f0  GPIO_setControllerCore           
0     00083512  GPIO_setAnalogMode               
0     00083533  GPIO_getQualificationMode        
0     00083553  GPIO_getPadConfig                
0     0008357f  GPIO_getDirectionMode            
0     00083591  __error__                        
0     00083594  Device_verifyXTAL                
0     000835cf  Device_initGPIO                  
0     000835df  Device_enableAllPeripherals      
0     000836b6  Device_init                      
0     0008370b  Interrupt_initVectorTable        
0     00083720  Interrupt_initModule             
0     00083761  Interrupt_enable                 
0     0008380b  Interrupt_disable                
0     00083856  CFFT_f32                         
0     00083993  SDA_OUT                          
0     0008399f  SDA_IN                           
0     000839af  IIC_Stop                         
0     000839c8  IIC_Wait_Ack                     
0     000839e9  IIC_Start                        
0     00083a02  IIC_Send_Byte                    
0     00083a30  IIC_NAck                         
0     00083a49  IIC_Ack                          
0     00083a62  IIC_Read_Byte                    
0     00083a98  IIC_Init                         
0     00083aad  SCI_writeCharArray               
0     00083acf  SCI_setWakeFlag                  
0     00083ad3  SCI_setConfig                    
0     00083af6  SCI_setBaud                      
0     00083b1e  SCI_readCharArray                
0     00083b3e  SCI_getInterruptStatus           
0     00083b5e  SCI_enableInterrupt              
0     00083b78  SCI_disableInterrupt             
0     00083b92  SCI_clearInterruptStatus         
0     00083bae  SCIB_RXFIFOISR                   
0     00083c32  adcA1ISR                         
0     00083c9c  CFFT_f32_mag                     
0     00083cfb  SetVREF                          
0     00083d54  EXTIX_Init                       
0     00083daa  Board_Start                      
0     00083dd1  main                             
0     00083df7  __TI_decompress_lzss             
0     00083e25  __TI_auto_init_nobinit_nopinit   
0     00083e50  xint2_isr                        
0     00083e65  xint1_isr                        
0     00083e7b  __c28xabi_divl                   
0     00083e8a  __c28xabi_modl                   
0     00083e98  __c28xabi_divul                  
0     00083e9f  __c28xabi_modul                  
0     00083ea6  CFFT_f32_sincostable             
0     00083ecf  C$$EXIT                          
0     00083ecf  abort                            
0     00083ed1  exit                             
0     00083ef8  __c28xabi_divi                   
0     00083f09  __c28xabi_modi                   
0     00083f1a  Interrupt_nmiHandler             
0     00083f24  Interrupt_illegalOperationHandler
0     00083f2e  Interrupt_defaultHandler         
0     00083f3a  memcpy                           
0     00083f57  LED_Init                         
0     00083f73  _c_int00                         
0     00083f8a  strstr                           
0     00083fa0  __TI_zero_init_nomemset          
0     00083fad  _args_main                       
0     00083fb9  _register_unlock                 
0     00083fbd  _register_lock                   
0     00083fc1  _nop                             
0     00083fc2  __TI_decompress_none             
0     00083fd2  strlen                           
0     00084000  F8X16                            
0     000845f0  F6x8                             
0     0008481e  MY_digits                        
0     00084840  PieVectTableInit                 
1     00000400  __stack                          
1     00000600  __TI_STACK_END                   
1     00000b00  AdcaResultRegs                   
1     00000ce0  PieCtrlRegs                      
1     00000d00  PieVectTable                     
1     00004000  EPwm1Regs                        
1     00007400  AdcaRegs                         
1     00007480  AdcbRegs                         
1     00007500  AdccRegs                         
1     0000a800  USART_buffer                     
1     0000a8dc  cfft                             
1     0000a8e8  fft_twiddleFactors               
1     0000b0e8  ADC_GetValue                     
1     0000b4e8  Point_Data                       
1     0000b8e8  F16x16                           
1     0000bb08  __TI_enable_exit_profile_output  
1     0000bb0a  __TI_cleanup_ptr                 
1     0000bb0c  __TI_dtors_ptr                   
1     0000bb0e  index                            
1     0000bb0f  bufferFull                       
1     0000bb10  hnd_cfft                         
1     0000bb12  RevState                         
1     0000bb13  brightness                       
1     0000bb14  isScrolling                      
1     0000bb15  fft_flag                         
1     0000bb16  USART_bufferPos                  
1     0000bb18  _lock                            
1     0000bb1a  _unlock                          
1     0000d000  fft_inputbuf                     
1     0000f000  fft_outputbuf                    
1     0005d300  CpuSysRegs                       
1     0005d700  AnalogSubsysRegs                 
abs   00000076  RamfuncsLoadSize                 
abs   00000076  RamfuncsRunSize                  
abs   00000200  __TI_STACK_SIZE                  
abs   ffffffff  __TI_pprof_out_hndl              
abs   ffffffff  __TI_prof_data_size              
abs   ffffffff  __TI_prof_data_start             
n/a   UNDEFED   __c_args__                       

[320 symbols]
