<?xml version="1.0" encoding="ISO-8859-1" ?>
<link_info>
   <banner>TMS320C2000 Linker PC v22.6.1.LTS</banner>
   <copyright>Copyright (c) 1996-2018 Texas Instruments Incorporated</copyright>
   <link_time>0x6733466e</link_time>
   <link_errors>0x0</link_errors>
   <output_file>F280049C_Temp.out</output_file>
   <entry_point>
      <name>_c_int00</name>
      <address>0x83f73</address>
   </entry_point>
   <input_file_list>
      <input_file id="fl-4">
         <path>.\3.device\source\</path>
         <kind>object</kind>
         <file>adc.obj</file>
         <name>adc.obj</name>
      </input_file>
      <input_file id="fl-5">
         <path>.\3.device\source\</path>
         <kind>object</kind>
         <file>asysctl.obj</file>
         <name>asysctl.obj</name>
      </input_file>
      <input_file id="fl-6">
         <path>.\3.device\source\</path>
         <kind>object</kind>
         <file>can.obj</file>
         <name>can.obj</name>
      </input_file>
      <input_file id="fl-7">
         <path>.\3.device\source\</path>
         <kind>object</kind>
         <file>cla.obj</file>
         <name>cla.obj</name>
      </input_file>
      <input_file id="fl-8">
         <path>.\3.device\source\</path>
         <kind>object</kind>
         <file>clapromcrc.obj</file>
         <name>clapromcrc.obj</name>
      </input_file>
      <input_file id="fl-9">
         <path>.\3.device\source\</path>
         <kind>object</kind>
         <file>clb.obj</file>
         <name>clb.obj</name>
      </input_file>
      <input_file id="fl-a">
         <path>.\3.device\source\</path>
         <kind>object</kind>
         <file>cmpss.obj</file>
         <name>cmpss.obj</name>
      </input_file>
      <input_file id="fl-b">
         <path>.\3.device\source\</path>
         <kind>object</kind>
         <file>cputimer.obj</file>
         <name>cputimer.obj</name>
      </input_file>
      <input_file id="fl-c">
         <path>.\3.device\source\</path>
         <kind>object</kind>
         <file>dac.obj</file>
         <name>dac.obj</name>
      </input_file>
      <input_file id="fl-d">
         <path>.\3.device\source\</path>
         <kind>object</kind>
         <file>dcc.obj</file>
         <name>dcc.obj</name>
      </input_file>
      <input_file id="fl-e">
         <path>.\3.device\source\</path>
         <kind>object</kind>
         <file>dcsm.obj</file>
         <name>dcsm.obj</name>
      </input_file>
      <input_file id="fl-f">
         <path>.\3.device\source\</path>
         <kind>object</kind>
         <file>dma.obj</file>
         <name>dma.obj</name>
      </input_file>
      <input_file id="fl-10">
         <path>.\3.device\source\</path>
         <kind>object</kind>
         <file>ecap.obj</file>
         <name>ecap.obj</name>
      </input_file>
      <input_file id="fl-11">
         <path>.\3.device\source\</path>
         <kind>object</kind>
         <file>epwm.obj</file>
         <name>epwm.obj</name>
      </input_file>
      <input_file id="fl-12">
         <path>.\3.device\source\</path>
         <kind>object</kind>
         <file>eqep.obj</file>
         <name>eqep.obj</name>
      </input_file>
      <input_file id="fl-13">
         <path>.\3.device\source\</path>
         <kind>object</kind>
         <file>erad.obj</file>
         <name>erad.obj</name>
      </input_file>
      <input_file id="fl-14">
         <path>.\3.device\source\</path>
         <kind>object</kind>
         <file>flash.obj</file>
         <name>flash.obj</name>
      </input_file>
      <input_file id="fl-15">
         <path>.\3.device\source\</path>
         <kind>object</kind>
         <file>fsi.obj</file>
         <name>fsi.obj</name>
      </input_file>
      <input_file id="fl-16">
         <path>.\3.device\source\</path>
         <kind>object</kind>
         <file>gpio.obj</file>
         <name>gpio.obj</name>
      </input_file>
      <input_file id="fl-17">
         <path>.\3.device\source\</path>
         <kind>object</kind>
         <file>hrcap.obj</file>
         <name>hrcap.obj</name>
      </input_file>
      <input_file id="fl-18">
         <path>.\3.device\source\</path>
         <kind>object</kind>
         <file>hrpwm.obj</file>
         <name>hrpwm.obj</name>
      </input_file>
      <input_file id="fl-19">
         <path>.\3.device\source\</path>
         <kind>object</kind>
         <file>i2c.obj</file>
         <name>i2c.obj</name>
      </input_file>
      <input_file id="fl-1a">
         <path>.\3.device\source\</path>
         <kind>object</kind>
         <file>interrupt.obj</file>
         <name>interrupt.obj</name>
      </input_file>
      <input_file id="fl-1b">
         <path>.\3.device\source\</path>
         <kind>object</kind>
         <file>lin.obj</file>
         <name>lin.obj</name>
      </input_file>
      <input_file id="fl-1c">
         <path>.\3.device\source\</path>
         <kind>object</kind>
         <file>memcfg.obj</file>
         <name>memcfg.obj</name>
      </input_file>
      <input_file id="fl-1d">
         <path>.\3.device\source\</path>
         <kind>object</kind>
         <file>pga.obj</file>
         <name>pga.obj</name>
      </input_file>
      <input_file id="fl-1e">
         <path>.\3.device\source\</path>
         <kind>object</kind>
         <file>pmbus.obj</file>
         <name>pmbus.obj</name>
      </input_file>
      <input_file id="fl-1f">
         <path>.\3.device\source\</path>
         <kind>object</kind>
         <file>sci.obj</file>
         <name>sci.obj</name>
      </input_file>
      <input_file id="fl-20">
         <path>.\3.device\source\</path>
         <kind>object</kind>
         <file>sdfm.obj</file>
         <name>sdfm.obj</name>
      </input_file>
      <input_file id="fl-21">
         <path>.\3.device\source\</path>
         <kind>object</kind>
         <file>spi.obj</file>
         <name>spi.obj</name>
      </input_file>
      <input_file id="fl-22">
         <path>.\3.device\source\</path>
         <kind>object</kind>
         <file>sysctl.obj</file>
         <name>sysctl.obj</name>
      </input_file>
      <input_file id="fl-23">
         <path>.\3.device\source\</path>
         <kind>object</kind>
         <file>version.obj</file>
         <name>version.obj</name>
      </input_file>
      <input_file id="fl-24">
         <path>.\3.device\source\</path>
         <kind>object</kind>
         <file>xbar.obj</file>
         <name>xbar.obj</name>
      </input_file>
      <input_file id="fl-25">
         <path>.\4.common\source\</path>
         <kind>object</kind>
         <file>device.obj</file>
         <name>device.obj</name>
      </input_file>
      <input_file id="fl-26">
         <path>.\4.common\source\</path>
         <kind>object</kind>
         <file>f28004x_adc.obj</file>
         <name>f28004x_adc.obj</name>
      </input_file>
      <input_file id="fl-27">
         <path>.\4.common\source\</path>
         <kind>object</kind>
         <file>f28004x_codestartbranch.obj</file>
         <name>f28004x_codestartbranch.obj</name>
      </input_file>
      <input_file id="fl-28">
         <path>.\4.common\source\</path>
         <kind>object</kind>
         <file>f28004x_cputimers.obj</file>
         <name>f28004x_cputimers.obj</name>
      </input_file>
      <input_file id="fl-29">
         <path>.\4.common\source\</path>
         <kind>object</kind>
         <file>f28004x_dbgier.obj</file>
         <name>f28004x_dbgier.obj</name>
      </input_file>
      <input_file id="fl-2a">
         <path>.\4.common\source\</path>
         <kind>object</kind>
         <file>f28004x_dcsm_z1otp.obj</file>
         <name>f28004x_dcsm_z1otp.obj</name>
      </input_file>
      <input_file id="fl-2b">
         <path>.\4.common\source\</path>
         <kind>object</kind>
         <file>f28004x_dcsm_z2otp.obj</file>
         <name>f28004x_dcsm_z2otp.obj</name>
      </input_file>
      <input_file id="fl-2c">
         <path>.\4.common\source\</path>
         <kind>object</kind>
         <file>f28004x_defaultisr.obj</file>
         <name>f28004x_defaultisr.obj</name>
      </input_file>
      <input_file id="fl-2d">
         <path>.\4.common\source\</path>
         <kind>object</kind>
         <file>f28004x_dma.obj</file>
         <name>f28004x_dma.obj</name>
      </input_file>
      <input_file id="fl-2e">
         <path>.\4.common\source\</path>
         <kind>object</kind>
         <file>f28004x_gpio.obj</file>
         <name>f28004x_gpio.obj</name>
      </input_file>
      <input_file id="fl-2f">
         <path>.\4.common\source\</path>
         <kind>object</kind>
         <file>f28004x_piectrl.obj</file>
         <name>f28004x_piectrl.obj</name>
      </input_file>
      <input_file id="fl-30">
         <path>.\4.common\source\</path>
         <kind>object</kind>
         <file>f28004x_pievect.obj</file>
         <name>f28004x_pievect.obj</name>
      </input_file>
      <input_file id="fl-31">
         <path>.\4.common\source\</path>
         <kind>object</kind>
         <file>f28004x_spi.obj</file>
         <name>f28004x_spi.obj</name>
      </input_file>
      <input_file id="fl-32">
         <path>.\4.common\source\</path>
         <kind>object</kind>
         <file>f28004x_sysctrl.obj</file>
         <name>f28004x_sysctrl.obj</name>
      </input_file>
      <input_file id="fl-33">
         <path>.\4.common\source\</path>
         <kind>object</kind>
         <file>f28004x_usdelay.obj</file>
         <name>f28004x_usdelay.obj</name>
      </input_file>
      <input_file id="fl-34">
         <path>.\5.headers\source\</path>
         <kind>object</kind>
         <file>f28004x_globalvariabledefs.obj</file>
         <name>f28004x_globalvariabledefs.obj</name>
      </input_file>
      <input_file id="fl-35">
         <path>.\6.user\</path>
         <kind>object</kind>
         <file>main.obj</file>
         <name>main.obj</name>
      </input_file>
      <input_file id="fl-36">
         <path>.\6.user\</path>
         <kind>object</kind>
         <file>util.obj</file>
         <name>util.obj</name>
      </input_file>
      <input_file id="fl-37">
         <path>.\7.HARDWARE\ADC\</path>
         <kind>object</kind>
         <file>user_adc.obj</file>
         <name>user_adc.obj</name>
      </input_file>
      <input_file id="fl-38">
         <path>.\7.HARDWARE\DAC\</path>
         <kind>object</kind>
         <file>SINTB360.obj</file>
         <name>SINTB360.obj</name>
      </input_file>
      <input_file id="fl-39">
         <path>.\7.HARDWARE\DAC\</path>
         <kind>object</kind>
         <file>sgti1c.obj</file>
         <name>sgti1c.obj</name>
      </input_file>
      <input_file id="fl-3a">
         <path>.\7.HARDWARE\DAC\</path>
         <kind>object</kind>
         <file>user_dac.obj</file>
         <name>user_dac.obj</name>
      </input_file>
      <input_file id="fl-3b">
         <path>.\7.HARDWARE\KEY_EXTI\</path>
         <kind>object</kind>
         <file>key_exti.obj</file>
         <name>key_exti.obj</name>
      </input_file>
      <input_file id="fl-3c">
         <path>.\7.HARDWARE\LED\</path>
         <kind>object</kind>
         <file>led.obj</file>
         <name>led.obj</name>
      </input_file>
      <input_file id="fl-3d">
         <path>.\7.HARDWARE\OLED\</path>
         <kind>object</kind>
         <file>OLED_I2C.obj</file>
         <name>OLED_I2C.obj</name>
      </input_file>
      <input_file id="fl-3e">
         <path>.\7.HARDWARE\OLED\</path>
         <kind>object</kind>
         <file>myiic.obj</file>
         <name>myiic.obj</name>
      </input_file>
      <input_file id="fl-3f">
         <path>.\7.HARDWARE\USART\</path>
         <kind>object</kind>
         <file>USART.obj</file>
         <name>USART.obj</name>
      </input_file>
      <input_file id="fl-40">
         <path>.\7.HARDWARE\USART\</path>
         <kind>object</kind>
         <file>micro_printf.obj</file>
         <name>micro_printf.obj</name>
      </input_file>
      <input_file id="fl-41">
         <path>.\8.dsp\FPUfastRTS\source\</path>
         <kind>object</kind>
         <file>FPUmathTables.obj</file>
         <name>FPUmathTables.obj</name>
      </input_file>
      <input_file id="fl-42">
         <path>.\8.dsp\FPUfastRTS\source\</path>
         <kind>object</kind>
         <file>acos_f32.obj</file>
         <name>acos_f32.obj</name>
      </input_file>
      <input_file id="fl-43">
         <path>.\8.dsp\FPUfastRTS\source\</path>
         <kind>object</kind>
         <file>asin_f32.obj</file>
         <name>asin_f32.obj</name>
      </input_file>
      <input_file id="fl-44">
         <path>.\8.dsp\FPUfastRTS\source\</path>
         <kind>object</kind>
         <file>atan2_f32.obj</file>
         <name>atan2_f32.obj</name>
      </input_file>
      <input_file id="fl-45">
         <path>.\8.dsp\FPUfastRTS\source\</path>
         <kind>object</kind>
         <file>atan_f32.obj</file>
         <name>atan_f32.obj</name>
      </input_file>
      <input_file id="fl-46">
         <path>.\8.dsp\FPUfastRTS\source\</path>
         <kind>object</kind>
         <file>cos_f32.obj</file>
         <name>cos_f32.obj</name>
      </input_file>
      <input_file id="fl-47">
         <path>.\8.dsp\FPUfastRTS\source\</path>
         <kind>object</kind>
         <file>div_f32.obj</file>
         <name>div_f32.obj</name>
      </input_file>
      <input_file id="fl-48">
         <path>.\8.dsp\FPUfastRTS\source\</path>
         <kind>object</kind>
         <file>exp_f32.obj</file>
         <name>exp_f32.obj</name>
      </input_file>
      <input_file id="fl-49">
         <path>.\8.dsp\FPUfastRTS\source\</path>
         <kind>object</kind>
         <file>exptable_f32.obj</file>
         <name>exptable_f32.obj</name>
      </input_file>
      <input_file id="fl-4a">
         <path>.\8.dsp\FPUfastRTS\source\</path>
         <kind>object</kind>
         <file>isqrt_f32.obj</file>
         <name>isqrt_f32.obj</name>
      </input_file>
      <input_file id="fl-4b">
         <path>.\8.dsp\FPUfastRTS\source\</path>
         <kind>object</kind>
         <file>log_f32.obj</file>
         <name>log_f32.obj</name>
      </input_file>
      <input_file id="fl-4c">
         <path>.\8.dsp\FPUfastRTS\source\</path>
         <kind>object</kind>
         <file>logtable_f32.obj</file>
         <name>logtable_f32.obj</name>
      </input_file>
      <input_file id="fl-4d">
         <path>.\8.dsp\FPUfastRTS\source\</path>
         <kind>object</kind>
         <file>memcpy_fastrts.obj</file>
         <name>memcpy_fastrts.obj</name>
      </input_file>
      <input_file id="fl-4e">
         <path>.\8.dsp\FPUfastRTS\source\</path>
         <kind>object</kind>
         <file>pow_f32.obj</file>
         <name>pow_f32.obj</name>
      </input_file>
      <input_file id="fl-4f">
         <path>.\8.dsp\FPUfastRTS\source\</path>
         <kind>object</kind>
         <file>sin_f32.obj</file>
         <name>sin_f32.obj</name>
      </input_file>
      <input_file id="fl-50">
         <path>.\8.dsp\FPUfastRTS\source\</path>
         <kind>object</kind>
         <file>sincos_f32.obj</file>
         <name>sincos_f32.obj</name>
      </input_file>
      <input_file id="fl-51">
         <path>.\8.dsp\FPUfastRTS\source\</path>
         <kind>object</kind>
         <file>sqrt_f32.obj</file>
         <name>sqrt_f32.obj</name>
      </input_file>
      <input_file id="fl-52">
         <path>.\8.dsp\fft\source\fft\</path>
         <kind>object</kind>
         <file>CFFT_f32.obj</file>
         <name>CFFT_f32.obj</name>
      </input_file>
      <input_file id="fl-53">
         <path>.\8.dsp\fft\source\fft\</path>
         <kind>object</kind>
         <file>CFFT_f32_mag.obj</file>
         <name>CFFT_f32_mag.obj</name>
      </input_file>
      <input_file id="fl-54">
         <path>.\8.dsp\fft\source\fft\</path>
         <kind>object</kind>
         <file>CFFT_f32_phase.obj</file>
         <name>CFFT_f32_phase.obj</name>
      </input_file>
      <input_file id="fl-55">
         <path>.\8.dsp\fft\source\fft\</path>
         <kind>object</kind>
         <file>CFFT_f32_sincostable.obj</file>
         <name>CFFT_f32_sincostable.obj</name>
      </input_file>
      <input_file id="fl-56">
         <path>.\8.dsp\fft\source\fft\</path>
         <kind>object</kind>
         <file>CFFT_f32_twiddleFactors.obj</file>
         <name>CFFT_f32_twiddleFactors.obj</name>
      </input_file>
      <input_file id="fl-57">
         <path>.\8.dsp\fft\source\fft\</path>
         <kind>object</kind>
         <file>CFFT_f32_win.obj</file>
         <name>CFFT_f32_win.obj</name>
      </input_file>
      <input_file id="fl-58">
         <path>.\8.dsp\fft\source\fft\</path>
         <kind>object</kind>
         <file>CFFT_f32i.obj</file>
         <name>CFFT_f32i.obj</name>
      </input_file>
      <input_file id="fl-59">
         <path>.\8.dsp\fft\source\fft\</path>
         <kind>object</kind>
         <file>CFFT_f32it.obj</file>
         <name>CFFT_f32it.obj</name>
      </input_file>
      <input_file id="fl-5a">
         <path>.\8.dsp\fft\source\fft\</path>
         <kind>object</kind>
         <file>CFFT_f32s_mag.obj</file>
         <name>CFFT_f32s_mag.obj</name>
      </input_file>
      <input_file id="fl-5b">
         <path>.\8.dsp\fft\source\fft\</path>
         <kind>object</kind>
         <file>CFFT_f32t.obj</file>
         <name>CFFT_f32t.obj</name>
      </input_file>
      <input_file id="fl-5c">
         <path>.\8.dsp\fft\source\fft\</path>
         <kind>object</kind>
         <file>CFFT_f32u.obj</file>
         <name>CFFT_f32u.obj</name>
      </input_file>
      <input_file id="fl-5d">
         <path>.\8.dsp\fft\source\fft\</path>
         <kind>object</kind>
         <file>CFFT_f32ut.obj</file>
         <name>CFFT_f32ut.obj</name>
      </input_file>
      <input_file id="fl-5e">
         <path>.\8.dsp\fft\source\fft\</path>
         <kind>object</kind>
         <file>ICFFT_f32.obj</file>
         <name>ICFFT_f32.obj</name>
      </input_file>
      <input_file id="fl-5f">
         <path>.\8.dsp\fft\source\fft\</path>
         <kind>object</kind>
         <file>ICFFT_f32t.obj</file>
         <name>ICFFT_f32t.obj</name>
      </input_file>
      <input_file id="fl-60">
         <path>.\8.dsp\fft\source\fft\</path>
         <kind>object</kind>
         <file>RFFT_adc_f32.obj</file>
         <name>RFFT_adc_f32.obj</name>
      </input_file>
      <input_file id="fl-61">
         <path>.\8.dsp\fft\source\fft\</path>
         <kind>object</kind>
         <file>RFFT_adc_f32u.obj</file>
         <name>RFFT_adc_f32u.obj</name>
      </input_file>
      <input_file id="fl-62">
         <path>.\8.dsp\fft\source\fft\</path>
         <kind>object</kind>
         <file>RFFT_f32.obj</file>
         <name>RFFT_f32.obj</name>
      </input_file>
      <input_file id="fl-63">
         <path>.\8.dsp\fft\source\fft\</path>
         <kind>object</kind>
         <file>RFFT_f32_adc_win.obj</file>
         <name>RFFT_f32_adc_win.obj</name>
      </input_file>
      <input_file id="fl-64">
         <path>.\8.dsp\fft\source\fft\</path>
         <kind>object</kind>
         <file>RFFT_f32_mag.obj</file>
         <name>RFFT_f32_mag.obj</name>
      </input_file>
      <input_file id="fl-65">
         <path>.\8.dsp\fft\source\fft\</path>
         <kind>object</kind>
         <file>RFFT_f32_phase.obj</file>
         <name>RFFT_f32_phase.obj</name>
      </input_file>
      <input_file id="fl-66">
         <path>.\8.dsp\fft\source\fft\</path>
         <kind>object</kind>
         <file>RFFT_f32_sincostable.obj</file>
         <name>RFFT_f32_sincostable.obj</name>
      </input_file>
      <input_file id="fl-67">
         <path>.\8.dsp\fft\source\fft\</path>
         <kind>object</kind>
         <file>RFFT_f32_twiddleFactors.obj</file>
         <name>RFFT_f32_twiddleFactors.obj</name>
      </input_file>
      <input_file id="fl-68">
         <path>.\8.dsp\fft\source\fft\</path>
         <kind>object</kind>
         <file>RFFT_f32_win.obj</file>
         <name>RFFT_f32_win.obj</name>
      </input_file>
      <input_file id="fl-69">
         <path>.\8.dsp\fft\source\fft\</path>
         <kind>object</kind>
         <file>RFFT_f32s_mag.obj</file>
         <name>RFFT_f32s_mag.obj</name>
      </input_file>
      <input_file id="fl-6a">
         <path>.\8.dsp\fft\source\fft\</path>
         <kind>object</kind>
         <file>RFFT_f32u.obj</file>
         <name>RFFT_f32u.obj</name>
      </input_file>
      <input_file id="fl-6b">
         <path>.\8.dsp\fft\source\fft\</path>
         <kind>object</kind>
         <file>cfft_f32_brev.obj</file>
         <name>cfft_f32_brev.obj</name>
      </input_file>
      <input_file id="fl-6c">
         <path>.\8.dsp\fft\source\fft\</path>
         <kind>object</kind>
         <file>cfft_f32_pack.obj</file>
         <name>cfft_f32_pack.obj</name>
      </input_file>
      <input_file id="fl-6d">
         <path>.\8.dsp\fft\source\fft\</path>
         <kind>object</kind>
         <file>cfft_f32_unpack.obj</file>
         <name>cfft_f32_unpack.obj</name>
      </input_file>
      <input_file id="fl-6e">
         <path>.\8.dsp\fft\source\filter\</path>
         <kind>object</kind>
         <file>FIR_f32.obj</file>
         <name>FIR_f32.obj</name>
      </input_file>
      <input_file id="fl-6f">
         <path>.\8.dsp\fft\source\filter\</path>
         <kind>object</kind>
         <file>iir_f32.obj</file>
         <name>iir_f32.obj</name>
      </input_file>
      <input_file id="fl-70">
         <path>.\8.dsp\fft\source\utility\</path>
         <kind>object</kind>
         <file>memcpy_fast.obj</file>
         <name>memcpy_fast.obj</name>
      </input_file>
      <input_file id="fl-71">
         <path>.\8.dsp\fft\source\utility\</path>
         <kind>object</kind>
         <file>memcpy_fast_far.obj</file>
         <name>memcpy_fast_far.obj</name>
      </input_file>
      <input_file id="fl-72">
         <path>.\8.dsp\fft\source\utility\</path>
         <kind>object</kind>
         <file>memset_fast.obj</file>
         <name>memset_fast.obj</name>
      </input_file>
      <input_file id="fl-73">
         <path>.\8.dsp\fft\source\vector\</path>
         <kind>object</kind>
         <file>abs_SP_CV.obj</file>
         <name>abs_SP_CV.obj</name>
      </input_file>
      <input_file id="fl-74">
         <path>.\8.dsp\fft\source\vector\</path>
         <kind>object</kind>
         <file>abs_SP_CV_2.obj</file>
         <name>abs_SP_CV_2.obj</name>
      </input_file>
      <input_file id="fl-75">
         <path>.\8.dsp\fft\source\vector\</path>
         <kind>object</kind>
         <file>abs_SP_CV_TMU0.obj</file>
         <name>abs_SP_CV_TMU0.obj</name>
      </input_file>
      <input_file id="fl-76">
         <path>.\8.dsp\fft\source\vector\</path>
         <kind>object</kind>
         <file>add_SP_CSxCV.obj</file>
         <name>add_SP_CSxCV.obj</name>
      </input_file>
      <input_file id="fl-77">
         <path>.\8.dsp\fft\source\vector\</path>
         <kind>object</kind>
         <file>add_SP_CVxCV.obj</file>
         <name>add_SP_CVxCV.obj</name>
      </input_file>
      <input_file id="fl-78">
         <path>.\8.dsp\fft\source\vector\</path>
         <kind>object</kind>
         <file>iabs_SP_CV.obj</file>
         <name>iabs_SP_CV.obj</name>
      </input_file>
      <input_file id="fl-79">
         <path>.\8.dsp\fft\source\vector\</path>
         <kind>object</kind>
         <file>iabs_SP_CV_2.obj</file>
         <name>iabs_SP_CV_2.obj</name>
      </input_file>
      <input_file id="fl-7a">
         <path>.\8.dsp\fft\source\vector\</path>
         <kind>object</kind>
         <file>iabs_SP_CV_TMU0.obj</file>
         <name>iabs_SP_CV_TMU0.obj</name>
      </input_file>
      <input_file id="fl-7b">
         <path>.\8.dsp\fft\source\vector\</path>
         <kind>object</kind>
         <file>mac_SP_CVxCV.obj</file>
         <name>mac_SP_CVxCV.obj</name>
      </input_file>
      <input_file id="fl-7c">
         <path>.\8.dsp\fft\source\vector\</path>
         <kind>object</kind>
         <file>mac_SP_RVxCV.obj</file>
         <name>mac_SP_RVxCV.obj</name>
      </input_file>
      <input_file id="fl-7d">
         <path>.\8.dsp\fft\source\vector\</path>
         <kind>object</kind>
         <file>mac_SP_i16RVxCV.obj</file>
         <name>mac_SP_i16RVxCV.obj</name>
      </input_file>
      <input_file id="fl-7e">
         <path>.\8.dsp\fft\source\vector\</path>
         <kind>object</kind>
         <file>maxidx_SP_RV_2.obj</file>
         <name>maxidx_SP_RV_2.obj</name>
      </input_file>
      <input_file id="fl-7f">
         <path>.\8.dsp\fft\source\vector\</path>
         <kind>object</kind>
         <file>mean_SP_CV_2.obj</file>
         <name>mean_SP_CV_2.obj</name>
      </input_file>
      <input_file id="fl-80">
         <path>.\8.dsp\fft\source\vector\</path>
         <kind>object</kind>
         <file>median_SP_RV.obj</file>
         <name>median_SP_RV.obj</name>
      </input_file>
      <input_file id="fl-81">
         <path>.\8.dsp\fft\source\vector\</path>
         <kind>object</kind>
         <file>median_noreorder_SP_RV.obj</file>
         <name>median_noreorder_SP_RV.obj</name>
      </input_file>
      <input_file id="fl-82">
         <path>.\8.dsp\fft\source\vector\</path>
         <kind>object</kind>
         <file>mpy_SP_CSxCS.obj</file>
         <name>mpy_SP_CSxCS.obj</name>
      </input_file>
      <input_file id="fl-83">
         <path>.\8.dsp\fft\source\vector\</path>
         <kind>object</kind>
         <file>mpy_SP_CVxCV.obj</file>
         <name>mpy_SP_CVxCV.obj</name>
      </input_file>
      <input_file id="fl-84">
         <path>.\8.dsp\fft\source\vector\</path>
         <kind>object</kind>
         <file>mpy_SP_CVxCVC.obj</file>
         <name>mpy_SP_CVxCVC.obj</name>
      </input_file>
      <input_file id="fl-85">
         <path>.\8.dsp\fft\source\vector\</path>
         <kind>object</kind>
         <file>mpy_SP_RMxRM.obj</file>
         <name>mpy_SP_RMxRM.obj</name>
      </input_file>
      <input_file id="fl-86">
         <path>.\8.dsp\fft\source\vector\</path>
         <kind>object</kind>
         <file>mpy_SP_RMxRM_2.obj</file>
         <name>mpy_SP_RMxRM_2.obj</name>
      </input_file>
      <input_file id="fl-87">
         <path>.\8.dsp\fft\source\vector\</path>
         <kind>object</kind>
         <file>mpy_SP_RSxRV_2.obj</file>
         <name>mpy_SP_RSxRV_2.obj</name>
      </input_file>
      <input_file id="fl-88">
         <path>.\8.dsp\fft\source\vector\</path>
         <kind>object</kind>
         <file>mpy_SP_RSxRVxRV_2.obj</file>
         <name>mpy_SP_RSxRVxRV_2.obj</name>
      </input_file>
      <input_file id="fl-89">
         <path>.\8.dsp\fft\source\vector\</path>
         <kind>object</kind>
         <file>mpy_SP_RVxCV.obj</file>
         <name>mpy_SP_RVxCV.obj</name>
      </input_file>
      <input_file id="fl-8a">
         <path>.\8.dsp\fft\source\vector\</path>
         <kind>object</kind>
         <file>mpy_SP_RVxRV_2.obj</file>
         <name>mpy_SP_RVxRV_2.obj</name>
      </input_file>
      <input_file id="fl-8b">
         <path>.\8.dsp\fft\source\vector\</path>
         <kind>object</kind>
         <file>qsort_SP_RV.obj</file>
         <name>qsort_SP_RV.obj</name>
      </input_file>
      <input_file id="fl-8c">
         <path>.\8.dsp\fft\source\vector\</path>
         <kind>object</kind>
         <file>rnd_SP_RS.obj</file>
         <name>rnd_SP_RS.obj</name>
      </input_file>
      <input_file id="fl-8d">
         <path>.\8.dsp\fft\source\vector\</path>
         <kind>object</kind>
         <file>sub_SP_CSxCV.obj</file>
         <name>sub_SP_CSxCV.obj</name>
      </input_file>
      <input_file id="fl-8e">
         <path>.\8.dsp\fft\source\vector\</path>
         <kind>object</kind>
         <file>sub_SP_CVxCV.obj</file>
         <name>sub_SP_CVxCV.obj</name>
      </input_file>
      <input_file id="fl-96">
         <path>..\2.math_lib\</path>
         <kind>archive</kind>
         <file>rts2800_fpu32_eabi.lib</file>
         <name>boot28.asm.obj</name>
      </input_file>
      <input_file id="fl-98">
         <kind>object</kind>
         <file>&lt;internal&gt;</file>
         <name>&lt;internal&gt;</name>
      </input_file>
      <input_file id="fl-99">
         <path>..\2.math_lib\</path>
         <kind>archive</kind>
         <file>rts2800_fpu32_eabi.lib</file>
         <name>pre_init.c.obj</name>
      </input_file>
      <input_file id="fl-9a">
         <path>..\2.math_lib\</path>
         <kind>archive</kind>
         <file>rts2800_fpu32_eabi.lib</file>
         <name>autoinit.c.obj</name>
      </input_file>
      <input_file id="fl-9b">
         <path>..\2.math_lib\</path>
         <kind>archive</kind>
         <file>rts2800_fpu32_eabi.lib</file>
         <name>copy_zero_init.c.obj</name>
      </input_file>
      <input_file id="fl-9c">
         <path>..\2.math_lib\</path>
         <kind>archive</kind>
         <file>rts2800_fpu32_eabi.lib</file>
         <name>copy_decompress_none.c.obj</name>
      </input_file>
      <input_file id="fl-9d">
         <path>..\2.math_lib\</path>
         <kind>archive</kind>
         <file>rts2800_fpu32_eabi.lib</file>
         <name>copy_decompress_lzss.c.obj</name>
      </input_file>
      <input_file id="fl-9e">
         <path>..\2.math_lib\</path>
         <kind>archive</kind>
         <file>rts2800_fpu32_eabi.lib</file>
         <name>exit.c.obj</name>
      </input_file>
      <input_file id="fl-9f">
         <path>..\2.math_lib\</path>
         <kind>archive</kind>
         <file>rts2800_fpu32_eabi.lib</file>
         <name>_lock.c.obj</name>
      </input_file>
      <input_file id="fl-a0">
         <path>..\2.math_lib\</path>
         <kind>archive</kind>
         <file>rts2800_fpu32_eabi.lib</file>
         <name>args_main.c.obj</name>
      </input_file>
      <input_file id="fl-a1">
         <path>..\2.math_lib\</path>
         <kind>archive</kind>
         <file>rts2800_fpu32_eabi.lib</file>
         <name>memset.c.obj</name>
      </input_file>
      <input_file id="fl-a2">
         <path>..\2.math_lib\</path>
         <kind>archive</kind>
         <file>rts2800_fpu32_eabi.lib</file>
         <name>cpy_tbl.c.obj</name>
      </input_file>
      <input_file id="fl-a3">
         <path>..\2.math_lib\</path>
         <kind>archive</kind>
         <file>rts2800_fpu32_eabi.lib</file>
         <name>memcpy.c.obj</name>
      </input_file>
      <input_file id="fl-a4">
         <path>..\2.math_lib\</path>
         <kind>archive</kind>
         <file>rts2800_fpu32_eabi.lib</file>
         <name>startup.c.obj</name>
      </input_file>
      <input_file id="fl-b0">
         <path>D:\ti\ccs1250\ccs\tools\compiler\ti-cgt-c2000_22.6.1.LTS\lib\</path>
         <kind>archive</kind>
         <file>rts2800_fpu32_eabi.lib</file>
         <name>ll_cmp28.asm.obj</name>
      </input_file>
      <input_file id="fl-b1">
         <path>D:\ti\ccs1250\ccs\tools\compiler\ti-cgt-c2000_22.6.1.LTS\lib\</path>
         <kind>archive</kind>
         <file>rts2800_fpu32_eabi.lib</file>
         <name>ll_div28.asm.obj</name>
      </input_file>
      <input_file id="fl-b2">
         <path>D:\ti\ccs1250\ccs\tools\compiler\ti-cgt-c2000_22.6.1.LTS\lib\</path>
         <kind>archive</kind>
         <file>rts2800_fpu32_eabi.lib</file>
         <name>ll_mpy28.asm.obj</name>
      </input_file>
      <input_file id="fl-b3">
         <path>D:\ti\ccs1250\ccs\tools\compiler\ti-cgt-c2000_22.6.1.LTS\lib\</path>
         <kind>archive</kind>
         <file>rts2800_fpu32_eabi.lib</file>
         <name>i_div28.asm.obj</name>
      </input_file>
      <input_file id="fl-b4">
         <path>D:\ti\ccs1250\ccs\tools\compiler\ti-cgt-c2000_22.6.1.LTS\lib\</path>
         <kind>archive</kind>
         <file>rts2800_fpu32_eabi.lib</file>
         <name>l_div28.asm.obj</name>
      </input_file>
      <input_file id="fl-b5">
         <path>D:\ti\ccs1250\ccs\tools\compiler\ti-cgt-c2000_22.6.1.LTS\lib\</path>
         <kind>archive</kind>
         <file>rts2800_fpu32_eabi.lib</file>
         <name>fs_tollfpu32.asm.obj</name>
      </input_file>
      <input_file id="fl-b6">
         <path>D:\ti\ccs1250\ccs\tools\compiler\ti-cgt-c2000_22.6.1.LTS\lib\</path>
         <kind>archive</kind>
         <file>rts2800_fpu32_eabi.lib</file>
         <name>fs_toullfpu32.asm.obj</name>
      </input_file>
      <input_file id="fl-b7">
         <path>D:\ti\ccs1250\ccs\tools\compiler\ti-cgt-c2000_22.6.1.LTS\lib\</path>
         <kind>archive</kind>
         <file>rts2800_fpu32_eabi.lib</file>
         <name>ll_tofsfpu32.asm.obj</name>
      </input_file>
      <input_file id="fl-b8">
         <path>D:\ti\ccs1250\ccs\tools\compiler\ti-cgt-c2000_22.6.1.LTS\lib\</path>
         <kind>archive</kind>
         <file>rts2800_fpu32_eabi.lib</file>
         <name>strlen.c.obj</name>
      </input_file>
      <input_file id="fl-b9">
         <path>D:\ti\ccs1250\ccs\tools\compiler\ti-cgt-c2000_22.6.1.LTS\lib\</path>
         <kind>archive</kind>
         <file>rts2800_fpu32_eabi.lib</file>
         <name>strstr.c.obj</name>
      </input_file>
   </input_file_list>
   <object_component_list>
      <object_component id="oc-150">
         <name>FFT_buffer1</name>
         <load_address>0xd000</load_address>
         <run_address>0xd000</run_address>
         <size>0x1000</size>
         <input_file_ref idref="fl-37"/>
      </object_component>
      <object_component id="oc-15d">
         <name>FFT_buffer2</name>
         <load_address>0xf000</load_address>
         <run_address>0xf000</run_address>
         <size>0x800</size>
         <input_file_ref idref="fl-37"/>
      </object_component>
      <object_component id="oc-b6">
         <name>codestart</name>
         <load_address>0x80000</load_address>
         <run_address>0x80000</run_address>
         <size>0x2</size>
         <input_file_ref idref="fl-27"/>
      </object_component>
      <object_component id="oc-cb">
         <name>.text:retain</name>
         <load_address>0x82000</load_address>
         <run_address>0x82000</run_address>
         <size>0x4b3</size>
         <input_file_ref idref="fl-2c"/>
      </object_component>
      <object_component id="oc-14a">
         <name>.text</name>
         <load_address>0x824b3</load_address>
         <run_address>0x824b3</run_address>
         <size>0x442</size>
         <input_file_ref idref="fl-3d"/>
      </object_component>
      <object_component id="oc-2f6">
         <name>.text</name>
         <load_address>0x828f5</load_address>
         <run_address>0x828f5</run_address>
         <size>0x2c6</size>
         <input_file_ref idref="fl-22"/>
      </object_component>
      <object_component id="oc-271">
         <name>.text</name>
         <load_address>0x82bbb</load_address>
         <run_address>0x82bbb</run_address>
         <size>0x1</size>
         <input_file_ref idref="fl-a4"/>
      </object_component>
      <object_component id="oc-d5">
         <name>.text</name>
         <load_address>0x82bbc</load_address>
         <run_address>0x82bbc</run_address>
         <size>0x26a</size>
         <input_file_ref idref="fl-37"/>
      </object_component>
      <object_component id="oc-ef">
         <name>.text</name>
         <load_address>0x82e26</load_address>
         <run_address>0x82e26</run_address>
         <size>0x19a</size>
         <input_file_ref idref="fl-3f"/>
      </object_component>
      <object_component id="oc-293">
         <name>.text</name>
         <load_address>0x82fc0</load_address>
         <run_address>0x82fc0</run_address>
         <size>0x3b</size>
         <input_file_ref idref="fl-3a"/>
      </object_component>
      <object_component id="oc-10f">
         <name>.text</name>
         <load_address>0x82ffb</load_address>
         <run_address>0x82ffb</run_address>
         <size>0x2</size>
         <input_file_ref idref="fl-99"/>
      </object_component>
      <object_component id="oc-2ea">
         <name>.text</name>
         <load_address>0x83000</load_address>
         <run_address>0x83000</run_address>
         <size>0x20e</size>
         <input_file_ref idref="fl-d"/>
      </object_component>
      <object_component id="oc-144">
         <name>.text</name>
         <load_address>0x8320e</load_address>
         <run_address>0x8320e</run_address>
         <size>0x1f6</size>
         <input_file_ref idref="fl-40"/>
      </object_component>
      <object_component id="oc-17e">
         <name>.text</name>
         <load_address>0x83404</load_address>
         <run_address>0x83404</run_address>
         <size>0x18d</size>
         <input_file_ref idref="fl-16"/>
      </object_component>
      <object_component id="oc-287">
         <name>.text</name>
         <load_address>0x83591</load_address>
         <run_address>0x83591</run_address>
         <size>0x17a</size>
         <input_file_ref idref="fl-25"/>
      </object_component>
      <object_component id="oc-ab">
         <name>.text</name>
         <load_address>0x8370b</load_address>
         <run_address>0x8370b</run_address>
         <size>0x14a</size>
         <input_file_ref idref="fl-1a"/>
      </object_component>
      <object_component id="oc-153">
         <name>.text</name>
         <load_address>0x83856</load_address>
         <run_address>0x83856</run_address>
         <size>0x13d</size>
         <input_file_ref idref="fl-52"/>
      </object_component>
      <object_component id="oc-218">
         <name>.text</name>
         <load_address>0x83993</load_address>
         <run_address>0x83993</run_address>
         <size>0x11a</size>
         <input_file_ref idref="fl-3e"/>
      </object_component>
      <object_component id="oc-185">
         <name>.text</name>
         <load_address>0x83aad</load_address>
         <run_address>0x83aad</run_address>
         <size>0x101</size>
         <input_file_ref idref="fl-1f"/>
      </object_component>
      <object_component id="oc-ec">
         <name>.text:retain</name>
         <load_address>0x83bae</load_address>
         <run_address>0x83bae</run_address>
         <size>0x84</size>
         <input_file_ref idref="fl-3f"/>
      </object_component>
      <object_component id="oc-d4">
         <name>.text:retain</name>
         <load_address>0x83c32</load_address>
         <run_address>0x83c32</run_address>
         <size>0x6a</size>
         <input_file_ref idref="fl-37"/>
      </object_component>
      <object_component id="oc-158">
         <name>.text</name>
         <load_address>0x83c9c</load_address>
         <run_address>0x83c9c</run_address>
         <size>0x5f</size>
         <input_file_ref idref="fl-53"/>
      </object_component>
      <object_component id="oc-16c">
         <name>.text</name>
         <load_address>0x83cfb</load_address>
         <run_address>0x83cfb</run_address>
         <size>0x59</size>
         <input_file_ref idref="fl-26"/>
      </object_component>
      <object_component id="oc-e5">
         <name>.text</name>
         <load_address>0x83d54</load_address>
         <run_address>0x83d54</run_address>
         <size>0x56</size>
         <input_file_ref idref="fl-3b"/>
      </object_component>
      <object_component id="oc-1de">
         <name>.text</name>
         <load_address>0x83daa</load_address>
         <run_address>0x83daa</run_address>
         <size>0x4d</size>
         <input_file_ref idref="fl-35"/>
      </object_component>
      <object_component id="oc-92">
         <name>.text:decompress:lzss</name>
         <load_address>0x83df7</load_address>
         <run_address>0x83df7</run_address>
         <size>0x2e</size>
         <input_file_ref idref="fl-9d"/>
      </object_component>
      <object_component id="oc-1ae">
         <name>.text:__TI_auto_init_nobinit_nopinit</name>
         <load_address>0x83e25</load_address>
         <run_address>0x83e25</run_address>
         <size>0x2b</size>
         <input_file_ref idref="fl-9a"/>
      </object_component>
      <object_component id="oc-e0">
         <name>.text:retain</name>
         <load_address>0x83e50</load_address>
         <run_address>0x83e50</run_address>
         <size>0x2b</size>
         <input_file_ref idref="fl-3b"/>
      </object_component>
      <object_component id="oc-20c">
         <name>.text</name>
         <load_address>0x83e7b</load_address>
         <run_address>0x83e7b</run_address>
         <size>0x2a</size>
         <input_file_ref idref="fl-b4"/>
      </object_component>
      <object_component id="oc-163">
         <name>.text</name>
         <load_address>0x83ea6</load_address>
         <run_address>0x83ea6</run_address>
         <size>0x29</size>
         <input_file_ref idref="fl-55"/>
      </object_component>
      <object_component id="oc-11c">
         <name>.text</name>
         <load_address>0x83ecf</load_address>
         <run_address>0x83ecf</run_address>
         <size>0x29</size>
         <input_file_ref idref="fl-9e"/>
      </object_component>
      <object_component id="oc-211">
         <name>.text</name>
         <load_address>0x83ef8</load_address>
         <run_address>0x83ef8</run_address>
         <size>0x22</size>
         <input_file_ref idref="fl-b3"/>
      </object_component>
      <object_component id="oc-aa">
         <name>.text:retain</name>
         <load_address>0x83f1a</load_address>
         <run_address>0x83f1a</run_address>
         <size>0x20</size>
         <input_file_ref idref="fl-1a"/>
      </object_component>
      <object_component id="oc-fb">
         <name>.text</name>
         <load_address>0x83f3a</load_address>
         <run_address>0x83f3a</run_address>
         <size>0x1d</size>
         <input_file_ref idref="fl-a3"/>
      </object_component>
      <object_component id="oc-28d">
         <name>.text</name>
         <load_address>0x83f57</load_address>
         <run_address>0x83f57</run_address>
         <size>0x1c</size>
         <input_file_ref idref="fl-3c"/>
      </object_component>
      <object_component id="oc-9f">
         <name>.text</name>
         <load_address>0x83f73</load_address>
         <run_address>0x83f73</run_address>
         <size>0x17</size>
         <input_file_ref idref="fl-96"/>
      </object_component>
      <object_component id="oc-18f">
         <name>.text</name>
         <load_address>0x83f8a</load_address>
         <run_address>0x83f8a</run_address>
         <size>0x16</size>
         <input_file_ref idref="fl-b9"/>
      </object_component>
      <object_component id="oc-103">
         <name>.text:decompress:ZI:__TI_zero_init_nomemset</name>
         <load_address>0x83fa0</load_address>
         <run_address>0x83fa0</run_address>
         <size>0xd</size>
         <input_file_ref idref="fl-9b"/>
      </object_component>
      <object_component id="oc-116">
         <name>.text</name>
         <load_address>0x83fad</load_address>
         <run_address>0x83fad</run_address>
         <size>0xc</size>
         <input_file_ref idref="fl-a0"/>
      </object_component>
      <object_component id="oc-29f">
         <name>.text</name>
         <load_address>0x83fb9</load_address>
         <run_address>0x83fb9</run_address>
         <size>0x9</size>
         <input_file_ref idref="fl-9f"/>
      </object_component>
      <object_component id="oc-98">
         <name>.text:decompress:none</name>
         <load_address>0x83fc2</load_address>
         <run_address>0x83fc2</run_address>
         <size>0x8</size>
         <input_file_ref idref="fl-9c"/>
      </object_component>
      <object_component id="oc-126">
         <name>.text</name>
         <load_address>0x83fca</load_address>
         <run_address>0x83fca</run_address>
         <size>0x8</size>
         <input_file_ref idref="fl-27"/>
      </object_component>
      <object_component id="oc-227">
         <name>.text</name>
         <load_address>0x83fd2</load_address>
         <run_address>0x83fd2</run_address>
         <size>0x8</size>
         <input_file_ref idref="fl-b8"/>
      </object_component>
      <object_component id="oc-3ff">
         <name>.cinit..data.load</name>
         <load_address>0x81078</load_address>
         <run_address>0x81078</run_address>
         <size>0x16c</size>
      </object_component>
      <object_component id="oc-3f4">
         <name>.cinit.FFT_buffer1.load</name>
         <load_address>0x811e4</load_address>
         <run_address>0x811e4</run_address>
         <size>0x6</size>
      </object_component>
      <object_component id="oc-3f5">
         <name>.cinit.FFT_buffer2.load</name>
         <load_address>0x811ea</load_address>
         <run_address>0x811ea</run_address>
         <size>0x6</size>
      </object_component>
      <object_component id="oc-3f2">
         <name>__TI_handler_table</name>
         <load_address>0x811f0</load_address>
         <run_address>0x811f0</run_address>
         <size>0x6</size>
      </object_component>
      <object_component id="oc-3f6">
         <name>.cinit..bss.load</name>
         <load_address>0x811f6</load_address>
         <run_address>0x811f6</run_address>
         <size>0x4</size>
      </object_component>
      <object_component id="oc-3f8">
         <name>.cinit.PieVectTableFile.load</name>
         <load_address>0x811fa</load_address>
         <run_address>0x811fa</run_address>
         <size>0x4</size>
      </object_component>
      <object_component id="oc-3f3">
         <name>__TI_cinit_table</name>
         <load_address>0x811fe</load_address>
         <run_address>0x811fe</run_address>
         <size>0x14</size>
      </object_component>
      <object_component id="oc-f8">
         <name>.stack</name>
         <uninitialized>true</uninitialized>
         <run_address>0x400</run_address>
         <size>0x0</size>
         <input_file_ref idref="fl-96"/>
      </object_component>
      <object_component id="oc-3f9">
         <name>.stack</name>
         <uninitialized>true</uninitialized>
         <run_address>0x400</run_address>
         <size>0x0</size>
      </object_component>
      <object_component id="oc-1f8">
         <name>.bss</name>
         <uninitialized>true</uninitialized>
         <run_address>0xa8dc</run_address>
         <size>0xc</size>
         <input_file_ref idref="fl-37"/>
      </object_component>
      <object_component id="oc-18b">
         <name>.bss:USART_buffer</name>
         <uninitialized>true</uninitialized>
         <run_address>0xa800</run_address>
         <size>0xc8</size>
         <input_file_ref idref="fl-3f"/>
      </object_component>
      <object_component id="oc-239">
         <name>.bss</name>
         <uninitialized>true</uninitialized>
         <run_address>0xa8c8</run_address>
         <size>0x14</size>
         <input_file_ref idref="fl-52"/>
      </object_component>
      <object_component id="oc-160">
         <name>.data:fft_twiddleFactors</name>
         <load_address>0xa8e8</load_address>
         <run_address>0xa8e8</run_address>
         <size>0x800</size>
         <input_file_ref idref="fl-37"/>
      </object_component>
      <object_component id="oc-140">
         <name>.data:ADC_GetValue</name>
         <load_address>0xb0e8</load_address>
         <run_address>0xb0e8</run_address>
         <size>0x400</size>
         <input_file_ref idref="fl-37"/>
      </object_component>
      <object_component id="oc-22e">
         <name>.data:Point_Data</name>
         <load_address>0xb4e8</load_address>
         <run_address>0xb4e8</run_address>
         <size>0x400</size>
         <input_file_ref idref="fl-3d"/>
      </object_component>
      <object_component id="oc-21e">
         <name>.data:F16x16</name>
         <load_address>0xb8e8</load_address>
         <run_address>0xb8e8</run_address>
         <size>0x220</size>
         <input_file_ref idref="fl-3d"/>
      </object_component>
      <object_component id="oc-1e6">
         <name>.data</name>
         <load_address>0xbb08</load_address>
         <run_address>0xbb08</run_address>
         <size>0x6</size>
         <input_file_ref idref="fl-9e"/>
      </object_component>
      <object_component id="oc-131">
         <name>.data</name>
         <load_address>0xbb0e</load_address>
         <run_address>0xbb0e</run_address>
         <size>0x4</size>
         <input_file_ref idref="fl-37"/>
      </object_component>
      <object_component id="oc-232">
         <name>.data</name>
         <load_address>0xbb12</load_address>
         <run_address>0xbb12</run_address>
         <size>0x3</size>
         <input_file_ref idref="fl-3d"/>
      </object_component>
      <object_component id="oc-13d">
         <name>.data</name>
         <load_address>0xbb15</load_address>
         <run_address>0xbb15</run_address>
         <size>0x1</size>
         <input_file_ref idref="fl-35"/>
      </object_component>
      <object_component id="oc-195">
         <name>.data</name>
         <load_address>0xbb16</load_address>
         <run_address>0xbb16</run_address>
         <size>0x2</size>
         <input_file_ref idref="fl-3f"/>
      </object_component>
      <object_component id="oc-1e9">
         <name>.data:_lock</name>
         <load_address>0xbb18</load_address>
         <run_address>0xbb18</run_address>
         <size>0x2</size>
         <input_file_ref idref="fl-9f"/>
      </object_component>
      <object_component id="oc-302">
         <name>.data:_unlock</name>
         <load_address>0xbb1a</load_address>
         <run_address>0xbb1a</run_address>
         <size>0x2</size>
         <input_file_ref idref="fl-9f"/>
      </object_component>
      <object_component id="oc-221">
         <name>.const:.string:F8X16</name>
         <load_address>0x84000</load_address>
         <run_address>0x84000</run_address>
         <size>0x5f0</size>
         <input_file_ref idref="fl-3d"/>
      </object_component>
      <object_component id="oc-224">
         <name>.const:F6x8</name>
         <load_address>0x845f0</load_address>
         <run_address>0x845f0</run_address>
         <size>0x22e</size>
         <input_file_ref idref="fl-3d"/>
      </object_component>
      <object_component id="oc-209">
         <name>.const:.string:MY_digits</name>
         <load_address>0x8481e</load_address>
         <run_address>0x8481e</run_address>
         <size>0x11</size>
         <input_file_ref idref="fl-40"/>
      </object_component>
      <object_component id="oc-18e">
         <name>.const:.string</name>
         <load_address>0x84830</load_address>
         <run_address>0x84830</run_address>
         <size>0xb</size>
         <input_file_ref idref="fl-3f"/>
      </object_component>
      <object_component id="oc-d1">
         <name>.const</name>
         <load_address>0x84840</load_address>
         <run_address>0x84840</run_address>
         <size>0x1c0</size>
         <input_file_ref idref="fl-30"/>
      </object_component>
      <object_component id="oc-286">
         <name>.const:.string</name>
         <load_address>0x84a00</load_address>
         <run_address>0x84a00</run_address>
         <size>0xb</size>
         <input_file_ref idref="fl-35"/>
      </object_component>
      <object_component id="oc-231">
         <name>.const:.string</name>
         <load_address>0x84a0c</load_address>
         <run_address>0x84a0c</run_address>
         <size>0x8</size>
         <input_file_ref idref="fl-3d"/>
      </object_component>
      <object_component id="oc-22d">
         <name>.const:hSpeedReg$1</name>
         <load_address>0x84a14</load_address>
         <run_address>0x84a14</run_address>
         <size>0x8</size>
         <input_file_ref idref="fl-3d"/>
      </object_component>
      <object_component id="oc-143">
         <name>.const:.string</name>
         <load_address>0x84a1c</load_address>
         <run_address>0x84a1c</run_address>
         <size>0x5</size>
         <input_file_ref idref="fl-37"/>
      </object_component>
      <object_component id="oc-2f0">
         <name>.TI.ramfunc</name>
         <load_address>0x81000</load_address>
         <run_address>0x8000</run_address>
         <size>0x72</size>
         <input_file_ref idref="fl-14"/>
      </object_component>
      <object_component id="oc-172">
         <name>.TI.ramfunc</name>
         <load_address>0x81072</load_address>
         <run_address>0x8072</run_address>
         <size>0x4</size>
         <input_file_ref idref="fl-22"/>
      </object_component>
      <object_component id="oc-173">
         <name>PieVectTableFile</name>
         <uninitialized>true</uninitialized>
         <run_address>0xd00</run_address>
         <size>0x1c0</size>
         <input_file_ref idref="fl-34"/>
      </object_component>
      <object_component id="oc-137">
         <name>AdcaRegsFile</name>
         <uninitialized>true</uninitialized>
         <run_address>0x7400</run_address>
         <size>0x76</size>
         <input_file_ref idref="fl-34"/>
      </object_component>
      <object_component id="oc-24a">
         <name>AdcbRegsFile</name>
         <uninitialized>true</uninitialized>
         <run_address>0x7480</run_address>
         <size>0x76</size>
         <input_file_ref idref="fl-34"/>
      </object_component>
      <object_component id="oc-244">
         <name>AdccRegsFile</name>
         <uninitialized>true</uninitialized>
         <run_address>0x7500</run_address>
         <size>0x76</size>
         <input_file_ref idref="fl-34"/>
      </object_component>
      <object_component id="oc-134">
         <name>AdcaResultRegsFile</name>
         <uninitialized>true</uninitialized>
         <run_address>0xb00</run_address>
         <size>0x18</size>
         <input_file_ref idref="fl-34"/>
      </object_component>
      <object_component id="oc-247">
         <name>AnalogSubsysRegsFile</name>
         <uninitialized>true</uninitialized>
         <run_address>0x5d700</run_address>
         <size>0x90</size>
         <input_file_ref idref="fl-34"/>
      </object_component>
      <object_component id="oc-176">
         <name>CpuSysRegsFile</name>
         <uninitialized>true</uninitialized>
         <run_address>0x5d300</run_address>
         <size>0x82</size>
         <input_file_ref idref="fl-34"/>
      </object_component>
      <object_component id="oc-169">
         <name>EPwm1RegsFile</name>
         <uninitialized>true</uninitialized>
         <run_address>0x4000</run_address>
         <size>0x100</size>
         <input_file_ref idref="fl-34"/>
      </object_component>
      <object_component id="oc-13a">
         <name>PieCtrlRegsFile</name>
         <uninitialized>true</uninitialized>
         <run_address>0xce0</run_address>
         <size>0x1a</size>
         <input_file_ref idref="fl-34"/>
      </object_component>
      <object_component id="oc-316">
         <name>.debug_types</name>
         <load_address>0x0</load_address>
         <run_address>0x0</run_address>
         <size>0x78b</size>
         <input_file_ref idref="fl-d"/>
      </object_component>
      <object_component id="oc-318">
         <name>.debug_types</name>
         <load_address>0x78b</load_address>
         <run_address>0x78b</run_address>
         <size>0x218</size>
         <input_file_ref idref="fl-14"/>
      </object_component>
      <object_component id="oc-25a">
         <name>.debug_types</name>
         <load_address>0x9a3</load_address>
         <run_address>0x9a3</run_address>
         <size>0x61c</size>
         <input_file_ref idref="fl-16"/>
      </object_component>
      <object_component id="oc-124">
         <name>.debug_types</name>
         <load_address>0x0</load_address>
         <run_address>0x0</run_address>
         <size>0x0</size>
         <input_file_ref idref="fl-1a"/>
      </object_component>
      <object_component id="oc-25c">
         <name>.debug_types</name>
         <load_address>0xfbf</load_address>
         <run_address>0xfbf</run_address>
         <size>0x398</size>
         <input_file_ref idref="fl-1f"/>
      </object_component>
      <object_component id="oc-31a">
         <name>.debug_types</name>
         <load_address>0x1357</load_address>
         <run_address>0x1357</run_address>
         <size>0x8cc</size>
         <input_file_ref idref="fl-22"/>
      </object_component>
      <object_component id="oc-2fd">
         <name>.debug_types</name>
         <load_address>0x1c23</load_address>
         <run_address>0x1c23</run_address>
         <size>0x28a</size>
         <input_file_ref idref="fl-25"/>
      </object_component>
      <object_component id="oc-24e">
         <name>.debug_types</name>
         <load_address>0x1ead</load_address>
         <run_address>0x1ead</run_address>
         <size>0x607f</size>
         <input_file_ref idref="fl-26"/>
      </object_component>
      <object_component id="oc-12d">
         <name>.debug_types</name>
         <load_address>0x0</load_address>
         <run_address>0x0</run_address>
         <size>0x0</size>
         <input_file_ref idref="fl-2c"/>
      </object_component>
      <object_component id="oc-130">
         <name>.debug_types</name>
         <load_address>0x7f2c</load_address>
         <run_address>0x7f2c</run_address>
         <size>0x51b8</size>
         <input_file_ref idref="fl-30"/>
      </object_component>
      <object_component id="oc-1ff">
         <name>.debug_types</name>
         <load_address>0xd0e4</load_address>
         <run_address>0xd0e4</run_address>
         <size>0x536b0</size>
         <input_file_ref idref="fl-34"/>
      </object_component>
      <object_component id="oc-206">
         <name>.debug_types</name>
         <load_address>0x60794</load_address>
         <run_address>0x60794</run_address>
         <size>0xe9</size>
         <input_file_ref idref="fl-35"/>
      </object_component>
      <object_component id="oc-17a">
         <name>.debug_types</name>
         <load_address>0x6087d</load_address>
         <run_address>0x6087d</run_address>
         <size>0x2da</size>
         <input_file_ref idref="fl-37"/>
      </object_component>
      <object_component id="oc-301">
         <name>.debug_types</name>
         <load_address>0x60b57</load_address>
         <run_address>0x60b57</run_address>
         <size>0x1b0</size>
         <input_file_ref idref="fl-3a"/>
      </object_component>
      <object_component id="oc-17d">
         <name>.debug_types</name>
         <load_address>0x60d07</load_address>
         <run_address>0x60d07</run_address>
         <size>0xc2</size>
         <input_file_ref idref="fl-3b"/>
      </object_component>
      <object_component id="oc-2ff">
         <name>.debug_types</name>
         <load_address>0x0</load_address>
         <run_address>0x0</run_address>
         <size>0x0</size>
         <input_file_ref idref="fl-3c"/>
      </object_component>
      <object_component id="oc-236">
         <name>.debug_types</name>
         <load_address>0x60dc9</load_address>
         <run_address>0x60dc9</run_address>
         <size>0x34b</size>
         <input_file_ref idref="fl-3d"/>
      </object_component>
      <object_component id="oc-2bb">
         <name>.debug_types</name>
         <load_address>0x0</load_address>
         <run_address>0x0</run_address>
         <size>0x0</size>
         <input_file_ref idref="fl-3e"/>
      </object_component>
      <object_component id="oc-199">
         <name>.debug_types</name>
         <load_address>0x61114</load_address>
         <run_address>0x61114</run_address>
         <size>0xb7</size>
         <input_file_ref idref="fl-3f"/>
      </object_component>
      <object_component id="oc-217">
         <name>.debug_types</name>
         <load_address>0x611cb</load_address>
         <run_address>0x611cb</run_address>
         <size>0x21f</size>
         <input_file_ref idref="fl-40"/>
      </object_component>
      <object_component id="oc-241">
         <name>.debug_types</name>
         <load_address>0x613ea</load_address>
         <run_address>0x613ea</run_address>
         <size>0x9b</size>
         <input_file_ref idref="fl-55"/>
      </object_component>
      <object_component id="oc-1ad">
         <name>.debug_types</name>
         <load_address>0x0</load_address>
         <run_address>0x0</run_address>
         <size>0x0</size>
         <input_file_ref idref="fl-99"/>
      </object_component>
      <object_component id="oc-278">
         <name>.debug_types</name>
         <load_address>0x61485</load_address>
         <run_address>0x61485</run_address>
         <size>0x470</size>
         <input_file_ref idref="fl-9a"/>
      </object_component>
      <object_component id="oc-1a4">
         <name>.debug_types</name>
         <load_address>0x618f5</load_address>
         <run_address>0x618f5</run_address>
         <size>0x13a</size>
         <input_file_ref idref="fl-9b"/>
      </object_component>
      <object_component id="oc-102">
         <name>.debug_types</name>
         <load_address>0x0</load_address>
         <run_address>0x0</run_address>
         <size>0x0</size>
         <input_file_ref idref="fl-9c"/>
      </object_component>
      <object_component id="oc-fa">
         <name>.debug_types</name>
         <load_address>0x61a2f</load_address>
         <run_address>0x61a2f</run_address>
         <size>0x191</size>
         <input_file_ref idref="fl-9d"/>
      </object_component>
      <object_component id="oc-1ed">
         <name>.debug_types</name>
         <load_address>0x61bc0</load_address>
         <run_address>0x61bc0</run_address>
         <size>0x90</size>
         <input_file_ref idref="fl-9e"/>
      </object_component>
      <object_component id="oc-2a7">
         <name>.debug_types</name>
         <load_address>0x61c50</load_address>
         <run_address>0x61c50</run_address>
         <size>0x2f</size>
         <input_file_ref idref="fl-9f"/>
      </object_component>
      <object_component id="oc-1e5">
         <name>.debug_types</name>
         <load_address>0x61c7f</load_address>
         <run_address>0x61c7f</run_address>
         <size>0xe1</size>
         <input_file_ref idref="fl-a0"/>
      </object_component>
      <object_component id="oc-19f">
         <name>.debug_types</name>
         <load_address>0x61d60</load_address>
         <run_address>0x61d60</run_address>
         <size>0xb8</size>
         <input_file_ref idref="fl-a3"/>
      </object_component>
      <object_component id="oc-2e4">
         <name>.debug_types</name>
         <load_address>0x0</load_address>
         <run_address>0x0</run_address>
         <size>0x0</size>
         <input_file_ref idref="fl-a4"/>
      </object_component>
      <object_component id="oc-2c3">
         <name>.debug_types</name>
         <load_address>0x0</load_address>
         <run_address>0x0</run_address>
         <size>0x0</size>
         <input_file_ref idref="fl-b8"/>
      </object_component>
      <object_component id="oc-260">
         <name>.debug_types</name>
         <load_address>0x61e18</load_address>
         <run_address>0x61e18</run_address>
         <size>0x2f</size>
         <input_file_ref idref="fl-b9"/>
      </object_component>
      <object_component id="oc-2eb">
         <name>.debug_info</name>
         <load_address>0x0</load_address>
         <run_address>0x0</run_address>
         <size>0x6c5</size>
         <input_file_ref idref="fl-d"/>
      </object_component>
      <object_component id="oc-2f1">
         <name>.debug_info</name>
         <load_address>0x6c5</load_address>
         <run_address>0x6c5</run_address>
         <size>0x28d</size>
         <input_file_ref idref="fl-14"/>
      </object_component>
      <object_component id="oc-17f">
         <name>.debug_info</name>
         <load_address>0x952</load_address>
         <run_address>0x952</run_address>
         <size>0x831</size>
         <input_file_ref idref="fl-16"/>
      </object_component>
      <object_component id="oc-b1">
         <name>.debug_info</name>
         <load_address>0x1183</load_address>
         <run_address>0x1183</run_address>
         <size>0x1ee</size>
         <input_file_ref idref="fl-1a"/>
      </object_component>
      <object_component id="oc-ae">
         <name>.debug_info</name>
         <load_address>0x1371</load_address>
         <run_address>0x1371</run_address>
         <size>0x3e8</size>
         <input_file_ref idref="fl-1a"/>
      </object_component>
      <object_component id="oc-186">
         <name>.debug_info</name>
         <load_address>0x1759</load_address>
         <run_address>0x1759</run_address>
         <size>0x662</size>
         <input_file_ref idref="fl-1f"/>
      </object_component>
      <object_component id="oc-2f9">
         <name>.debug_info</name>
         <load_address>0x1dbb</load_address>
         <run_address>0x1dbb</run_address>
         <size>0x7e4</size>
         <input_file_ref idref="fl-22"/>
      </object_component>
      <object_component id="oc-28a">
         <name>.debug_info</name>
         <load_address>0x259f</load_address>
         <run_address>0x259f</run_address>
         <size>0x3e1</size>
         <input_file_ref idref="fl-25"/>
      </object_component>
      <object_component id="oc-16d">
         <name>.debug_info</name>
         <load_address>0x2980</load_address>
         <run_address>0x2980</run_address>
         <size>0x196</size>
         <input_file_ref idref="fl-26"/>
      </object_component>
      <object_component id="oc-b7">
         <name>.debug_info</name>
         <load_address>0x2b16</load_address>
         <run_address>0x2b16</run_address>
         <size>0x109</size>
         <input_file_ref idref="fl-27"/>
      </object_component>
      <object_component id="oc-127">
         <name>.debug_info</name>
         <load_address>0x2c1f</load_address>
         <run_address>0x2c1f</run_address>
         <size>0x10a</size>
         <input_file_ref idref="fl-27"/>
      </object_component>
      <object_component id="oc-cc">
         <name>.debug_info</name>
         <load_address>0x2d29</load_address>
         <run_address>0x2d29</run_address>
         <size>0x265c</size>
         <input_file_ref idref="fl-2c"/>
      </object_component>
      <object_component id="oc-d2">
         <name>.debug_info</name>
         <load_address>0x5385</load_address>
         <run_address>0x5385</run_address>
         <size>0xf6</size>
         <input_file_ref idref="fl-30"/>
      </object_component>
      <object_component id="oc-135">
         <name>.debug_info</name>
         <load_address>0x547b</load_address>
         <run_address>0x547b</run_address>
         <size>0xfd</size>
         <input_file_ref idref="fl-34"/>
      </object_component>
      <object_component id="oc-13b">
         <name>.debug_info</name>
         <load_address>0x5578</load_address>
         <run_address>0x5578</run_address>
         <size>0xf8</size>
         <input_file_ref idref="fl-34"/>
      </object_component>
      <object_component id="oc-138">
         <name>.debug_info</name>
         <load_address>0x5670</load_address>
         <run_address>0x5670</run_address>
         <size>0xf1</size>
         <input_file_ref idref="fl-34"/>
      </object_component>
      <object_component id="oc-24b">
         <name>.debug_info</name>
         <load_address>0x5761</load_address>
         <run_address>0x5761</run_address>
         <size>0xf1</size>
         <input_file_ref idref="fl-34"/>
      </object_component>
      <object_component id="oc-245">
         <name>.debug_info</name>
         <load_address>0x5852</load_address>
         <run_address>0x5852</run_address>
         <size>0xf1</size>
         <input_file_ref idref="fl-34"/>
      </object_component>
      <object_component id="oc-177">
         <name>.debug_info</name>
         <load_address>0x5943</load_address>
         <run_address>0x5943</run_address>
         <size>0xf6</size>
         <input_file_ref idref="fl-34"/>
      </object_component>
      <object_component id="oc-248">
         <name>.debug_info</name>
         <load_address>0x5a39</load_address>
         <run_address>0x5a39</run_address>
         <size>0x101</size>
         <input_file_ref idref="fl-34"/>
      </object_component>
      <object_component id="oc-16a">
         <name>.debug_info</name>
         <load_address>0x5b3a</load_address>
         <run_address>0x5b3a</run_address>
         <size>0xf4</size>
         <input_file_ref idref="fl-34"/>
      </object_component>
      <object_component id="oc-174">
         <name>.debug_info</name>
         <load_address>0x5c2e</load_address>
         <run_address>0x5c2e</run_address>
         <size>0xfa</size>
         <input_file_ref idref="fl-34"/>
      </object_component>
      <object_component id="oc-13e">
         <name>.debug_info</name>
         <load_address>0x5d28</load_address>
         <run_address>0x5d28</run_address>
         <size>0xd2</size>
         <input_file_ref idref="fl-35"/>
      </object_component>
      <object_component id="oc-1df">
         <name>.debug_info</name>
         <load_address>0x5dfa</load_address>
         <run_address>0x5dfa</run_address>
         <size>0x26a</size>
         <input_file_ref idref="fl-35"/>
      </object_component>
      <object_component id="oc-132">
         <name>.debug_info</name>
         <load_address>0x6064</load_address>
         <run_address>0x6064</run_address>
         <size>0x124</size>
         <input_file_ref idref="fl-37"/>
      </object_component>
      <object_component id="oc-1f9">
         <name>.debug_info</name>
         <load_address>0x6188</load_address>
         <run_address>0x6188</run_address>
         <size>0xd6</size>
         <input_file_ref idref="fl-37"/>
      </object_component>
      <object_component id="oc-141">
         <name>.debug_info</name>
         <load_address>0x625e</load_address>
         <run_address>0x625e</run_address>
         <size>0xe6</size>
         <input_file_ref idref="fl-37"/>
      </object_component>
      <object_component id="oc-15e">
         <name>.debug_info</name>
         <load_address>0x6344</load_address>
         <run_address>0x6344</run_address>
         <size>0xe8</size>
         <input_file_ref idref="fl-37"/>
      </object_component>
      <object_component id="oc-161">
         <name>.debug_info</name>
         <load_address>0x642c</load_address>
         <run_address>0x642c</run_address>
         <size>0xf2</size>
         <input_file_ref idref="fl-37"/>
      </object_component>
      <object_component id="oc-151">
         <name>.debug_info</name>
         <load_address>0x651e</load_address>
         <run_address>0x651e</run_address>
         <size>0xe6</size>
         <input_file_ref idref="fl-37"/>
      </object_component>
      <object_component id="oc-d6">
         <name>.debug_info</name>
         <load_address>0x6604</load_address>
         <run_address>0x6604</run_address>
         <size>0x668</size>
         <input_file_ref idref="fl-37"/>
      </object_component>
      <object_component id="oc-db">
         <name>.debug_info</name>
         <load_address>0x6c6c</load_address>
         <run_address>0x6c6c</run_address>
         <size>0x130</size>
         <input_file_ref idref="fl-37"/>
      </object_component>
      <object_component id="oc-294">
         <name>.debug_info</name>
         <load_address>0x6d9c</load_address>
         <run_address>0x6d9c</run_address>
         <size>0x178</size>
         <input_file_ref idref="fl-3a"/>
      </object_component>
      <object_component id="oc-e1">
         <name>.debug_info</name>
         <load_address>0x6f14</load_address>
         <run_address>0x6f14</run_address>
         <size>0x165</size>
         <input_file_ref idref="fl-3b"/>
      </object_component>
      <object_component id="oc-e9">
         <name>.debug_info</name>
         <load_address>0x7079</load_address>
         <run_address>0x7079</run_address>
         <size>0x23b</size>
         <input_file_ref idref="fl-3b"/>
      </object_component>
      <object_component id="oc-290">
         <name>.debug_info</name>
         <load_address>0x72b4</load_address>
         <run_address>0x72b4</run_address>
         <size>0x164</size>
         <input_file_ref idref="fl-3c"/>
      </object_component>
      <object_component id="oc-233">
         <name>.debug_info</name>
         <load_address>0x7418</load_address>
         <run_address>0x7418</run_address>
         <size>0x132</size>
         <input_file_ref idref="fl-3d"/>
      </object_component>
      <object_component id="oc-21f">
         <name>.debug_info</name>
         <load_address>0x754a</load_address>
         <run_address>0x754a</run_address>
         <size>0xdb</size>
         <input_file_ref idref="fl-3d"/>
      </object_component>
      <object_component id="oc-225">
         <name>.debug_info</name>
         <load_address>0x7625</load_address>
         <run_address>0x7625</run_address>
         <size>0xd7</size>
         <input_file_ref idref="fl-3d"/>
      </object_component>
      <object_component id="oc-22f">
         <name>.debug_info</name>
         <load_address>0x76fc</load_address>
         <run_address>0x76fc</run_address>
         <size>0xe4</size>
         <input_file_ref idref="fl-3d"/>
      </object_component>
      <object_component id="oc-222">
         <name>.debug_info</name>
         <load_address>0x77e0</load_address>
         <run_address>0x77e0</run_address>
         <size>0xd9</size>
         <input_file_ref idref="fl-3d"/>
      </object_component>
      <object_component id="oc-14b">
         <name>.debug_info</name>
         <load_address>0x78b9</load_address>
         <run_address>0x78b9</run_address>
         <size>0x1855</size>
         <input_file_ref idref="fl-3d"/>
      </object_component>
      <object_component id="oc-219">
         <name>.debug_info</name>
         <load_address>0x910e</load_address>
         <run_address>0x910e</run_address>
         <size>0x66d</size>
         <input_file_ref idref="fl-3e"/>
      </object_component>
      <object_component id="oc-196">
         <name>.debug_info</name>
         <load_address>0x977b</load_address>
         <run_address>0x977b</run_address>
         <size>0xeb</size>
         <input_file_ref idref="fl-3f"/>
      </object_component>
      <object_component id="oc-18c">
         <name>.debug_info</name>
         <load_address>0x9866</load_address>
         <run_address>0x9866</run_address>
         <size>0xe5</size>
         <input_file_ref idref="fl-3f"/>
      </object_component>
      <object_component id="oc-f1">
         <name>.debug_info</name>
         <load_address>0x994b</load_address>
         <run_address>0x994b</run_address>
         <size>0x8b0</size>
         <input_file_ref idref="fl-3f"/>
      </object_component>
      <object_component id="oc-f6">
         <name>.debug_info</name>
         <load_address>0xa1fb</load_address>
         <run_address>0xa1fb</run_address>
         <size>0x185</size>
         <input_file_ref idref="fl-3f"/>
      </object_component>
      <object_component id="oc-20a">
         <name>.debug_info</name>
         <load_address>0xa380</load_address>
         <run_address>0xa380</run_address>
         <size>0xe6</size>
         <input_file_ref idref="fl-40"/>
      </object_component>
      <object_component id="oc-146">
         <name>.debug_info</name>
         <load_address>0xa466</load_address>
         <run_address>0xa466</run_address>
         <size>0x71a</size>
         <input_file_ref idref="fl-40"/>
      </object_component>
      <object_component id="oc-155">
         <name>.debug_info</name>
         <load_address>0xab80</load_address>
         <run_address>0xab80</run_address>
         <size>0x1e0</size>
         <input_file_ref idref="fl-52"/>
      </object_component>
      <object_component id="oc-15a">
         <name>.debug_info</name>
         <load_address>0xad60</load_address>
         <run_address>0xad60</run_address>
         <size>0x109</size>
         <input_file_ref idref="fl-53"/>
      </object_component>
      <object_component id="oc-165">
         <name>.debug_info</name>
         <load_address>0xae69</load_address>
         <run_address>0xae69</run_address>
         <size>0x18a</size>
         <input_file_ref idref="fl-55"/>
      </object_component>
      <object_component id="oc-a1">
         <name>.debug_info</name>
         <load_address>0xaff3</load_address>
         <run_address>0xaff3</run_address>
         <size>0x158</size>
         <input_file_ref idref="fl-96"/>
      </object_component>
      <object_component id="oc-110">
         <name>.debug_info</name>
         <load_address>0xb14b</load_address>
         <run_address>0xb14b</run_address>
         <size>0x14d</size>
         <input_file_ref idref="fl-99"/>
      </object_component>
      <object_component id="oc-1af">
         <name>.debug_info</name>
         <load_address>0xb298</load_address>
         <run_address>0xb298</run_address>
         <size>0x1bf</size>
         <input_file_ref idref="fl-9a"/>
      </object_component>
      <object_component id="oc-104">
         <name>.debug_info</name>
         <load_address>0xb457</load_address>
         <run_address>0xb457</run_address>
         <size>0x1b6</size>
         <input_file_ref idref="fl-9b"/>
      </object_component>
      <object_component id="oc-9a">
         <name>.debug_info</name>
         <load_address>0xb60d</load_address>
         <run_address>0xb60d</run_address>
         <size>0x1b7</size>
         <input_file_ref idref="fl-9c"/>
      </object_component>
      <object_component id="oc-93">
         <name>.debug_info</name>
         <load_address>0xb7c4</load_address>
         <run_address>0xb7c4</run_address>
         <size>0x20c</size>
         <input_file_ref idref="fl-9d"/>
      </object_component>
      <object_component id="oc-1e7">
         <name>.debug_info</name>
         <load_address>0xb9d0</load_address>
         <run_address>0xb9d0</run_address>
         <size>0x19e</size>
         <input_file_ref idref="fl-9e"/>
      </object_component>
      <object_component id="oc-120">
         <name>.debug_info</name>
         <load_address>0xbb6e</load_address>
         <run_address>0xbb6e</run_address>
         <size>0x1a9</size>
         <input_file_ref idref="fl-9e"/>
      </object_component>
      <object_component id="oc-1ea">
         <name>.debug_info</name>
         <load_address>0xbd17</load_address>
         <run_address>0xbd17</run_address>
         <size>0x107</size>
         <input_file_ref idref="fl-9f"/>
      </object_component>
      <object_component id="oc-303">
         <name>.debug_info</name>
         <load_address>0xbe1e</load_address>
         <run_address>0xbe1e</run_address>
         <size>0x10b</size>
         <input_file_ref idref="fl-9f"/>
      </object_component>
      <object_component id="oc-2a1">
         <name>.debug_info</name>
         <load_address>0xbf29</load_address>
         <run_address>0xbf29</run_address>
         <size>0x203</size>
         <input_file_ref idref="fl-9f"/>
      </object_component>
      <object_component id="oc-118">
         <name>.debug_info</name>
         <load_address>0xc12c</load_address>
         <run_address>0xc12c</run_address>
         <size>0x15d</size>
         <input_file_ref idref="fl-a0"/>
      </object_component>
      <object_component id="oc-ff">
         <name>.debug_info</name>
         <load_address>0xc289</load_address>
         <run_address>0xc289</run_address>
         <size>0x19b</size>
         <input_file_ref idref="fl-a3"/>
      </object_component>
      <object_component id="oc-272">
         <name>.debug_info</name>
         <load_address>0xc424</load_address>
         <run_address>0xc424</run_address>
         <size>0x147</size>
         <input_file_ref idref="fl-a4"/>
      </object_component>
      <object_component id="oc-214">
         <name>.debug_info</name>
         <load_address>0xc56b</load_address>
         <run_address>0xc56b</run_address>
[...]
      </symbol>
      <symbol id="sm-372">
         <name>EPwm1Regs</name>
         <value>0x4000</value>
         <object_component_ref idref="oc-169"/>
      </symbol>
      <symbol id="sm-373">
         <name>AnalogSubsysRegs</name>
         <value>0x5d700</value>
         <object_component_ref idref="oc-247"/>
      </symbol>
      <symbol id="sm-374">
         <name>AdcaRegs</name>
         <value>0x7400</value>
         <object_component_ref idref="oc-137"/>
      </symbol>
      <symbol id="sm-38a">
         <name>main</name>
         <value>0x83dd1</value>
         <object_component_ref idref="oc-1de"/>
      </symbol>
      <symbol id="sm-38b">
         <name>fft_flag</name>
         <value>0xbb15</value>
         <object_component_ref idref="oc-13d"/>
      </symbol>
      <symbol id="sm-38c">
         <name>Board_Start</name>
         <value>0x83daa</value>
         <object_component_ref idref="oc-1de"/>
      </symbol>
      <symbol id="sm-3db">
         <name>FFT_Init</name>
         <value>0x82d54</value>
         <object_component_ref idref="oc-d5"/>
      </symbol>
      <symbol id="sm-3dc">
         <name>ADC_EPWM_Init</name>
         <value>0x82e0a</value>
         <object_component_ref idref="oc-d5"/>
      </symbol>
      <symbol id="sm-3dd">
         <name>adcA1ISR</name>
         <value>0x83c32</value>
         <object_component_ref idref="oc-d4"/>
      </symbol>
      <symbol id="sm-3de">
         <name>fft_outputbuf</name>
         <value>0xf000</value>
         <object_component_ref idref="oc-15d"/>
      </symbol>
      <symbol id="sm-3df">
         <name>ADC_Init</name>
         <value>0x82dd0</value>
         <object_component_ref idref="oc-d5"/>
      </symbol>
      <symbol id="sm-3e0">
         <name>Get_Show_THD</name>
         <value>0x82bfa</value>
         <object_component_ref idref="oc-d5"/>
      </symbol>
      <symbol id="sm-3e1">
         <name>FFT_Calculate</name>
         <value>0x82cd6</value>
         <object_component_ref idref="oc-d5"/>
      </symbol>
      <symbol id="sm-3e2">
         <name>index</name>
         <value>0xbb0e</value>
         <object_component_ref idref="oc-131"/>
      </symbol>
      <symbol id="sm-3e3">
         <name>ADC_GetValue</name>
         <value>0xb0e8</value>
         <object_component_ref idref="oc-140"/>
      </symbol>
      <symbol id="sm-3e4">
         <name>bufferFull</name>
         <value>0xbb0f</value>
         <object_component_ref idref="oc-131"/>
      </symbol>
      <symbol id="sm-3e5">
         <name>hnd_cfft</name>
         <value>0xbb10</value>
         <object_component_ref idref="oc-131"/>
      </symbol>
      <symbol id="sm-3e6">
         <name>wave_determine</name>
         <value>0x82bbc</value>
         <object_component_ref idref="oc-d5"/>
      </symbol>
      <symbol id="sm-3e7">
         <name>ADCSOC_Init</name>
         <value>0x82de6</value>
         <object_component_ref idref="oc-d5"/>
      </symbol>
      <symbol id="sm-3e8">
         <name>fft_inputbuf</name>
         <value>0xd000</value>
         <object_component_ref idref="oc-150"/>
      </symbol>
      <symbol id="sm-3e9">
         <name>ADC_Start</name>
         <value>0x82db0</value>
         <object_component_ref idref="oc-d5"/>
      </symbol>
      <symbol id="sm-3ea">
         <name>EPWM_Fre_Init</name>
         <value>0x82d6b</value>
         <object_component_ref idref="oc-d5"/>
      </symbol>
      <symbol id="sm-3eb">
         <name>Get_amp</name>
         <value>0x82bda</value>
         <object_component_ref idref="oc-d5"/>
      </symbol>
      <symbol id="sm-3ec">
         <name>fft_twiddleFactors</name>
         <value>0xa8e8</value>
         <object_component_ref idref="oc-160"/>
      </symbol>
      <symbol id="sm-3ed">
         <name>cfft</name>
         <value>0xa8dc</value>
         <object_component_ref idref="oc-1f8"/>
      </symbol>
      <symbol id="sm-3fc">
         <name>DAC_Set_Value</name>
         <value>0x82fde</value>
         <object_component_ref idref="oc-293"/>
      </symbol>
      <symbol id="sm-3fd">
         <name>DAC_init</name>
         <value>0x82fc0</value>
         <object_component_ref idref="oc-293"/>
      </symbol>
      <symbol id="sm-411">
         <name>EXTIX_Init</name>
         <value>0x83d54</value>
         <object_component_ref idref="oc-e5"/>
      </symbol>
      <symbol id="sm-412">
         <name>xint2_isr</name>
         <value>0x83e50</value>
         <object_component_ref idref="oc-e0"/>
      </symbol>
      <symbol id="sm-413">
         <name>xint1_isr</name>
         <value>0x83e65</value>
         <object_component_ref idref="oc-e0"/>
      </symbol>
      <symbol id="sm-420">
         <name>LED_Init</name>
         <value>0x83f57</value>
         <object_component_ref idref="oc-28d"/>
      </symbol>
      <symbol id="sm-487">
         <name>OLED_Fill_Area</name>
         <value>0x8281d</value>
         <object_component_ref idref="oc-14a"/>
      </symbol>
      <symbol id="sm-488">
         <name>OLED_SetBrightness</name>
         <value>0x82722</value>
         <object_component_ref idref="oc-14a"/>
      </symbol>
      <symbol id="sm-489">
         <name>OLED_CLS</name>
         <value>0x827b3</value>
         <object_component_ref idref="oc-14a"/>
      </symbol>
      <symbol id="sm-48a">
         <name>OLED_StopScroll</name>
         <value>0x82531</value>
         <object_component_ref idref="oc-14a"/>
      </symbol>
      <symbol id="sm-48b">
         <name>OLED_SetPos</name>
         <value>0x824d2</value>
         <object_component_ref idref="oc-14a"/>
      </symbol>
      <symbol id="sm-48c">
         <name>OLED_ShowInt</name>
         <value>0x8269e</value>
         <object_component_ref idref="oc-14a"/>
      </symbol>
      <symbol id="sm-48d">
         <name>OLED_ShowStr</name>
         <value>0x82538</value>
         <object_component_ref idref="oc-14a"/>
      </symbol>
      <symbol id="sm-48e">
         <name>WriteCmd</name>
         <value>0x824cd</value>
         <object_component_ref idref="oc-14a"/>
      </symbol>
      <symbol id="sm-48f">
         <name>OLED_ON</name>
         <value>0x82782</value>
         <object_component_ref idref="oc-14a"/>
      </symbol>
      <symbol id="sm-490">
         <name>RevState</name>
         <value>0xbb12</value>
         <object_component_ref idref="oc-232"/>
      </symbol>
      <symbol id="sm-491">
         <name>OLED_ShowCN</name>
         <value>0x824ea</value>
         <object_component_ref idref="oc-14a"/>
      </symbol>
      <symbol id="sm-492">
         <name>brightness</name>
         <value>0xbb13</value>
         <object_component_ref idref="oc-232"/>
      </symbol>
      <symbol id="sm-493">
         <name>OLED_ShowRevStr</name>
         <value>0x8259f</value>
         <object_component_ref idref="oc-14a"/>
      </symbol>
      <symbol id="sm-494">
         <name>F16x16</name>
         <value>0xb8e8</value>
         <object_component_ref idref="oc-21e"/>
      </symbol>
      <symbol id="sm-495">
         <name>OLED_Init</name>
         <value>0x827b7</value>
         <object_component_ref idref="oc-14a"/>
      </symbol>
      <symbol id="sm-496">
         <name>F8X16</name>
         <value>0x84000</value>
         <object_component_ref idref="oc-221"/>
      </symbol>
      <symbol id="sm-497">
         <name>OLED_Scroll</name>
         <value>0x82732</value>
         <object_component_ref idref="oc-14a"/>
      </symbol>
      <symbol id="sm-498">
         <name>OLED_ShowChar</name>
         <value>0x82655</value>
         <object_component_ref idref="oc-14a"/>
      </symbol>
      <symbol id="sm-499">
         <name>OLED_OFF</name>
         <value>0x8278c</value>
         <object_component_ref idref="oc-14a"/>
      </symbol>
      <symbol id="sm-49a">
         <name>OLED_DrawPoint</name>
         <value>0x82850</value>
         <object_component_ref idref="oc-14a"/>
      </symbol>
      <symbol id="sm-49b">
         <name>isScrolling</name>
         <value>0xbb14</value>
         <object_component_ref idref="oc-232"/>
      </symbol>
      <symbol id="sm-49c">
         <name>BackGround</name>
         <value>0x828bc</value>
         <object_component_ref idref="oc-14a"/>
      </symbol>
      <symbol id="sm-49d">
         <name>WriteDat</name>
         <value>0x824e5</value>
         <object_component_ref idref="oc-14a"/>
      </symbol>
      <symbol id="sm-49e">
         <name>I2C_WriteByte</name>
         <value>0x824b3</value>
         <object_component_ref idref="oc-14a"/>
      </symbol>
      <symbol id="sm-49f">
         <name>OLED_ShowFloat</name>
         <value>0x82703</value>
         <object_component_ref idref="oc-14a"/>
      </symbol>
      <symbol id="sm-4a0">
         <name>wave_show</name>
         <value>0x82512</value>
         <object_component_ref idref="oc-14a"/>
      </symbol>
      <symbol id="sm-4a1">
         <name>OLED_DrawBMP</name>
         <value>0x8288f</value>
         <object_component_ref idref="oc-14a"/>
      </symbol>
      <symbol id="sm-4a2">
         <name>OLED_Reverse</name>
         <value>0x82772</value>
         <object_component_ref idref="oc-14a"/>
      </symbol>
      <symbol id="sm-4a3">
         <name>OLED_Fill</name>
         <value>0x82796</value>
         <object_component_ref idref="oc-14a"/>
      </symbol>
      <symbol id="sm-4a4">
         <name>Point_Data</name>
         <value>0xb4e8</value>
         <object_component_ref idref="oc-22e"/>
      </symbol>
      <symbol id="sm-4a5">
         <name>F6x8</name>
         <value>0x845f0</value>
         <object_component_ref idref="oc-224"/>
      </symbol>
      <symbol id="sm-4a6">
         <name>OLED_ShowRevChar</name>
         <value>0x82609</value>
         <object_component_ref idref="oc-14a"/>
      </symbol>
      <symbol id="sm-4bb">
         <name>IIC_Stop</name>
         <value>0x839af</value>
         <object_component_ref idref="oc-218"/>
      </symbol>
      <symbol id="sm-4bc">
         <name>SDA_IN</name>
         <value>0x8399f</value>
         <object_component_ref idref="oc-218"/>
      </symbol>
      <symbol id="sm-4bd">
         <name>SDA_OUT</name>
         <value>0x83993</value>
         <object_component_ref idref="oc-218"/>
      </symbol>
      <symbol id="sm-4be">
         <name>IIC_Ack</name>
         <value>0x83a49</value>
         <object_component_ref idref="oc-218"/>
      </symbol>
      <symbol id="sm-4bf">
         <name>IIC_Send_Byte</name>
         <value>0x83a02</value>
         <object_component_ref idref="oc-218"/>
      </symbol>
      <symbol id="sm-4c0">
         <name>IIC_Init</name>
         <value>0x83a98</value>
         <object_component_ref idref="oc-218"/>
      </symbol>
      <symbol id="sm-4c1">
         <name>IIC_Read_Byte</name>
         <value>0x83a62</value>
         <object_component_ref idref="oc-218"/>
      </symbol>
      <symbol id="sm-4c2">
         <name>IIC_Start</name>
         <value>0x839e9</value>
         <object_component_ref idref="oc-218"/>
      </symbol>
      <symbol id="sm-4c3">
         <name>IIC_NAck</name>
         <value>0x83a30</value>
         <object_component_ref idref="oc-218"/>
      </symbol>
      <symbol id="sm-4c4">
         <name>IIC_Wait_Ack</name>
         <value>0x839c8</value>
         <object_component_ref idref="oc-218"/>
      </symbol>
      <symbol id="sm-500">
         <name>USART_CanReadLine</name>
         <value>0x82f21</value>
         <object_component_ref idref="oc-ef"/>
      </symbol>
      <symbol id="sm-501">
         <name>USART_ReadLine</name>
         <value>0x82f42</value>
         <object_component_ref idref="oc-ef"/>
      </symbol>
      <symbol id="sm-502">
         <name>PinMux_init</name>
         <value>0x82f77</value>
         <object_component_ref idref="oc-ef"/>
      </symbol>
      <symbol id="sm-503">
         <name>SCI_init</name>
         <value>0x82e26</value>
         <object_component_ref idref="oc-ef"/>
      </symbol>
      <symbol id="sm-504">
         <name>__USART_Shift</name>
         <value>0x82eb9</value>
         <object_component_ref idref="oc-ef"/>
      </symbol>
      <symbol id="sm-505">
         <name>USART_CanReadUntil</name>
         <value>0x82fa5</value>
         <object_component_ref idref="oc-ef"/>
      </symbol>
      <symbol id="sm-506">
         <name>USART_bufferPos</name>
         <value>0xbb16</value>
         <object_component_ref idref="oc-195"/>
      </symbol>
      <symbol id="sm-507">
         <name>USART_Write</name>
         <value>0x82f11</value>
         <object_component_ref idref="oc-ef"/>
      </symbol>
      <symbol id="sm-508">
         <name>USART_WriteStr</name>
         <value>0x82ef4</value>
         <object_component_ref idref="oc-ef"/>
      </symbol>
      <symbol id="sm-509">
         <name>USART_WriteUntil</name>
         <value>0x82ede</value>
         <object_component_ref idref="oc-ef"/>
      </symbol>
      <symbol id="sm-50a">
         <name>USART_WriteLine</name>
         <value>0x82ef8</value>
         <object_component_ref idref="oc-ef"/>
      </symbol>
      <symbol id="sm-50b">
         <name>mySCI0_init</name>
         <value>0x82e26</value>
         <object_component_ref idref="oc-ef"/>
      </symbol>
      <symbol id="sm-50c">
         <name>USART_CanReadStr</name>
         <value>0x82fbc</value>
         <object_component_ref idref="oc-ef"/>
      </symbol>
      <symbol id="sm-50d">
         <name>USART_buffer</name>
         <value>0xa800</value>
         <object_component_ref idref="oc-18b"/>
      </symbol>
      <symbol id="sm-50e">
         <name>USART_Init</name>
         <value>0x82f9e</value>
         <object_component_ref idref="oc-ef"/>
      </symbol>
      <symbol id="sm-50f">
         <name>USART_WriteChar</name>
         <value>0x82ed5</value>
         <object_component_ref idref="oc-ef"/>
      </symbol>
      <symbol id="sm-510">
         <name>SCIB_RXFIFOISR</name>
         <value>0x83bae</value>
         <object_component_ref idref="oc-ec"/>
      </symbol>
      <symbol id="sm-550">
         <name>micro_print</name>
         <value>0x83337</value>
         <object_component_ref idref="oc-144"/>
      </symbol>
      <symbol id="sm-551">
         <name>Float_to_u32</name>
         <value>0x833fe</value>
         <object_component_ref idref="oc-144"/>
      </symbol>
      <symbol id="sm-552">
         <name>float_to_char</name>
         <value>0x8339f</value>
         <object_component_ref idref="oc-144"/>
      </symbol>
      <symbol id="sm-553">
         <name>MY_digits</name>
         <value>0x8481e</value>
         <object_component_ref idref="oc-209"/>
      </symbol>
      <symbol id="sm-580">
         <name>CFFT_f32</name>
         <value>0x83856</value>
         <object_component_ref idref="oc-153"/>
      </symbol>
      <symbol id="sm-58a">
         <name>CFFT_f32_mag</name>
         <value>0x83c9c</value>
         <object_component_ref idref="oc-158"/>
      </symbol>
      <symbol id="sm-59c">
         <name>CFFT_f32_sincostable</name>
         <value>0x83ea6</value>
         <object_component_ref idref="oc-163"/>
      </symbol>
      <symbol id="sm-5df">
         <name>_c_int00</name>
         <value>0x83f73</value>
         <object_component_ref idref="oc-9f"/>
      </symbol>
      <symbol id="sm-5e0">
         <name>__stack</name>
         <value>0x400</value>
         <object_component_ref idref="oc-f8"/>
      </symbol>
      <symbol id="sm-5ed">
         <name>_system_pre_init</name>
         <value>0x82ffb</value>
         <object_component_ref idref="oc-10f"/>
      </symbol>
      <symbol id="sm-5fc">
         <name>__TI_auto_init_nobinit_nopinit</name>
         <value>0x83e25</value>
         <object_component_ref idref="oc-1ae"/>
      </symbol>
      <symbol id="sm-60b">
         <name>__TI_zero_init_nomemset</name>
         <value>0x83fa0</value>
         <object_component_ref idref="oc-103"/>
      </symbol>
      <symbol id="sm-618">
         <name>__TI_decompress_none</name>
         <value>0x83fc2</value>
         <object_component_ref idref="oc-98"/>
      </symbol>
      <symbol id="sm-62c">
         <name>__TI_decompress_lzss</name>
         <value>0x83df7</value>
         <object_component_ref idref="oc-92"/>
      </symbol>
      <symbol id="sm-642">
         <name>C$$EXIT</name>
         <value>0x83ecf</value>
         <object_component_ref idref="oc-11c"/>
      </symbol>
      <symbol id="sm-643">
         <name>abort</name>
         <value>0x83ecf</value>
         <object_component_ref idref="oc-11c"/>
      </symbol>
      <symbol id="sm-644">
         <name>exit</name>
         <value>0x83ed1</value>
         <object_component_ref idref="oc-11c"/>
      </symbol>
      <symbol id="sm-645">
         <name>__TI_dtors_ptr</name>
         <value>0xbb0c</value>
         <object_component_ref idref="oc-1e6"/>
      </symbol>
      <symbol id="sm-646">
         <name>__TI_cleanup_ptr</name>
         <value>0xbb0a</value>
         <object_component_ref idref="oc-1e6"/>
      </symbol>
      <symbol id="sm-647">
         <name>__TI_enable_exit_profile_output</name>
         <value>0xbb08</value>
         <object_component_ref idref="oc-1e6"/>
      </symbol>
      <symbol id="sm-65e">
         <name>_nop</name>
         <value>0x83fc1</value>
         <object_component_ref idref="oc-29f"/>
      </symbol>
      <symbol id="sm-65f">
         <name>_lock</name>
         <value>0xbb18</value>
         <object_component_ref idref="oc-1e9"/>
      </symbol>
      <symbol id="sm-660">
         <name>_unlock</name>
         <value>0xbb1a</value>
         <object_component_ref idref="oc-302"/>
      </symbol>
      <symbol id="sm-661">
         <name>_register_lock</name>
         <value>0x83fbd</value>
         <object_component_ref idref="oc-29f"/>
      </symbol>
      <symbol id="sm-662">
         <name>_register_unlock</name>
         <value>0x83fb9</value>
         <object_component_ref idref="oc-29f"/>
      </symbol>
      <symbol id="sm-671">
         <name>_args_main</name>
         <value>0x83fad</value>
         <object_component_ref idref="oc-116"/>
      </symbol>
      <symbol id="sm-685">
         <name>memcpy</name>
         <value>0x83f3a</value>
         <object_component_ref idref="oc-fb"/>
      </symbol>
      <symbol id="sm-692">
         <name>_system_post_cinit</name>
         <value>0x82bbb</value>
         <object_component_ref idref="oc-271"/>
      </symbol>
      <symbol id="sm-69f">
         <name>__c28xabi_modi</name>
         <value>0x83f09</value>
         <object_component_ref idref="oc-211"/>
      </symbol>
      <symbol id="sm-6a0">
         <name>__c28xabi_divi</name>
         <value>0x83ef8</value>
         <object_component_ref idref="oc-211"/>
      </symbol>
      <symbol id="sm-6a8">
         <name>__c28xabi_divul</name>
         <value>0x83e98</value>
         <object_component_ref idref="oc-20c"/>
      </symbol>
      <symbol id="sm-6a9">
         <name>__c28xabi_modul</name>
         <value>0x83e9f</value>
         <object_component_ref idref="oc-20c"/>
      </symbol>
      <symbol id="sm-6aa">
         <name>__c28xabi_modl</name>
         <value>0x83e8a</value>
         <object_component_ref idref="oc-20c"/>
      </symbol>
      <symbol id="sm-6ab">
         <name>__c28xabi_divl</name>
         <value>0x83e7b</value>
         <object_component_ref idref="oc-20c"/>
      </symbol>
      <symbol id="sm-6bc">
         <name>strlen</name>
         <value>0x83fd2</value>
         <object_component_ref idref="oc-227"/>
      </symbol>
      <symbol id="sm-6cf">
         <name>strstr</name>
         <value>0x83f8a</value>
         <object_component_ref idref="oc-18f"/>
      </symbol>
      <symbol id="sm-6d1">
         <name>__c_args__</name>
         <value>0x0</value>
      </symbol>
   </symbol_table>
   <title>Link successful</title>
</link_info>
