******************************************************************************
             TMS320C2000 Linker PC v22.6.1                     
******************************************************************************
>> Linked Thu May  9 21:49:08 2024

OUTPUT FILE NAME:   <F280049C_Temp.out>
ENTRY POINT SYMBOL: "_c_int00"  address: 0000a3eb


MEMORY CONFIGURATION

         name            origin    length      used     unused   attr    fill
----------------------  --------  ---------  --------  --------  ----  --------
PAGE 0:
  BEGIN                 00000000   00000002  00000002  00000000  RWIX
  RAMM0                 000000f6   0000030a  00000016  000002f4  RWIX
  RAMLS0                00008000   00000800  00000800  00000000  RWIX
  RAMLS1                00008800   00000800  000007fd  00000003  RWIX
  RAMLS2                00009000   00000800  00000800  00000000  RWIX
  RAMLS3                00009800   00000800  00000800  00000000  RWIX
  RAMLS4                0000a000   00000800  00000439  000003c7  RWIX
  RAMLS                 00013ff8   00001800  00000000  00001800  RWIX
  FLASH_BANK0_SEC0      00080000   00001000  00000000  00001000  RWIX
  FLASH_BANK0_SEC1      00081000   00001000  00000000  00001000  RWIX
  FLASH_BANK0_SEC2      00082000   00001000  00000000  00001000  RWIX
  FLASH_BANK0_SEC3      00083000   00001000  00000000  00001000  RWIX
  FLASH_BANK0_SEC4      00084000   00001000  00000000  00001000  RWIX
  FLASH_BANK0_SEC5      00085000   00001000  00000000  00001000  RWIX
  FLASH_BANK0_SEC6      00086000   00001000  00000000  00001000  RWIX
  FLASH_BANK0_SEC7      00087000   00001000  00000000  00001000  RWIX
  FLASH_BANK0_SEC8      00088000   00001000  00000000  00001000  RWIX
  FLASH_BANK0_SEC9      00089000   00001000  00000000  00001000  RWIX
  FLASH_BANK0_SEC10     0008a000   00001000  00000000  00001000  RWIX
  FLASH_BANK0_SEC11     0008b000   00001000  00000000  00001000  RWIX
  FLASH_BANK0_SEC12     0008c000   00001000  00000000  00001000  RWIX
  FLASH_BANK0_SEC13     0008d000   00001000  00000000  00001000  RWIX
  FLASH_BANK0_SEC14     0008e000   00001000  00000000  00001000  RWIX
  FLASH_BANK0_SEC15     0008f000   00001000  00000000  00001000  RWIX
  FLASH_BANK1_SEC0      00090000   00001000  00000000  00001000  RWIX
  FLASH_BANK1_SEC1      00091000   00001000  00000000  00001000  RWIX
  FLASH_BANK1_SEC2      00092000   00001000  00000000  00001000  RWIX
  FLASH_BANK1_SEC3      00093000   00001000  00000000  00001000  RWIX
  FLASH_BANK1_SEC4      00094000   00001000  00000000  00001000  RWIX
  FLASH_BANK1_SEC5      00095000   00001000  00000000  00001000  RWIX
  FLASH_BANK1_SEC6      00096000   00001000  00000000  00001000  RWIX
  FLASH_BANK1_SEC7      00097000   00001000  00000000  00001000  RWIX
  FLASH_BANK1_SEC8      00098000   00001000  00000000  00001000  RWIX
  FLASH_BANK1_SEC9      00099000   00001000  00000000  00001000  RWIX
  FLASH_BANK1_SEC10     0009a000   00001000  00000000  00001000  RWIX
  FLASH_BANK1_SEC11     0009b000   00001000  00000000  00001000  RWIX
  FLASH_BANK1_SEC12     0009c000   00001000  00000000  00001000  RWIX
  FLASH_BANK1_SEC13     0009d000   00001000  00000000  00001000  RWIX
  FLASH_BANK1_SEC14     0009e000   00001000  00000000  00001000  RWIX
  FLASH_BANK1_SEC15     0009f000   00001000  00000000  00001000  RWIX
  RESET                 003fffc0   00000002  00000000  00000002  RWIX

PAGE 1:
  BOOT_RSVD             00000002   000000f1  00000000  000000f1  RWIX
  RAMM1                 00000400   000003f8  00000200  000001f8  RWIX
  ADCARESULT            00000b00   00000018  00000000  00000018  RWIX
  ADCBRESULT            00000b20   00000018  00000000  00000018  RWIX
  ADCCRESULT            00000b40   00000018  00000000  00000018  RWIX
  CPUTIMER0             00000c00   00000008  00000000  00000008  RWIX
  CPUTIMER1             00000c08   00000008  00000000  00000008  RWIX
  CPUTIMER2             00000c10   00000008  00000000  00000008  RWIX
  PIECTRL               00000ce0   0000001a  00000000  0000001a  RWIX
  PIEVECTTABLE          00000d00   00000200  00000000  00000200  RWIX
  DMA                   00001000   00000200  00000000  00000200  RWIX
  CLA1                  00001400   00000080  00000000  00000080  RWIX
  CLB1LOGICCFG          00003000   00000052  00000000  00000052  RWIX
  CLB1LOGICCTRL         00003100   00000040  00000000  00000040  RWIX
  CLB1DATAEXCH          00003200   00000200  00000000  00000200  RWIX
  CLB2LOGICCFG          00003400   00000052  00000000  00000052  RWIX
  CLB2LOGICCTRL         00003500   00000040  00000000  00000040  RWIX
  CLB2DATAEXCH          00003600   00000200  00000000  00000200  RWIX
  CLB3LOGICCFG          00003800   00000052  00000000  00000052  RWIX
  CLB3LOGICCTRL         00003900   00000040  00000000  00000040  RWIX
  CLB3DATAEXCH          00003a00   00000200  00000000  00000200  RWIX
  CLB4LOGICCFG          00003c00   00000052  00000000  00000052  RWIX
  CLB4LOGICCTRL         00003d00   00000040  00000000  00000040  RWIX
  CLB4DATAEXCH          00003e00   00000200  00000000  00000200  RWIX
  EPWM1                 00004000   00000100  00000000  00000100  RWIX
  EPWM2                 00004100   00000100  00000000  00000100  RWIX
  EPWM3                 00004200   00000100  00000000  00000100  RWIX
  EPWM4                 00004300   00000100  00000000  00000100  RWIX
  EPWM5                 00004400   00000100  00000000  00000100  RWIX
  EPWM6                 00004500   00000100  00000000  00000100  RWIX
  EPWM7                 00004600   00000100  00000000  00000100  RWIX
  EPWM8                 00004700   00000100  00000000  00000100  RWIX
  EQEP1                 00005100   00000040  00000000  00000040  RWIX
  EQEP2                 00005140   00000040  00000000  00000040  RWIX
  ECAP1                 00005200   0000001e  00000000  0000001e  RWIX
  ECAP2                 00005240   0000001e  00000000  0000001e  RWIX
  ECAP3                 00005280   0000001e  00000000  0000001e  RWIX
  ECAP4                 000052c0   0000001e  00000000  0000001e  RWIX
  ECAP5                 00005300   0000001e  00000000  0000001e  RWIX
  ECAP6                 00005340   0000001e  00000000  0000001e  RWIX
  HRCAP6                00005360   00000020  00000000  00000020  RWIX
  ECAP7                 00005380   0000001e  00000000  0000001e  RWIX
  HRCAP7                000053a0   00000020  00000000  00000020  RWIX
  PGA1                  00005b00   00000010  00000000  00000010  RWIX
  PGA2                  00005b10   00000010  00000000  00000010  RWIX
  PGA3                  00005b20   00000010  00000000  00000010  RWIX
  PGA4                  00005b30   00000010  00000000  00000010  RWIX
  PGA5                  00005b40   00000010  00000000  00000010  RWIX
  PGA6                  00005b50   00000010  00000000  00000010  RWIX
  PGA7                  00005b60   00000010  00000000  00000010  RWIX
  DACA                  00005c00   00000008  00000000  00000008  RWIX
  DACB                  00005c10   00000008  00000000  00000008  RWIX
  CMPSS1                00005c80   00000020  00000000  00000020  RWIX
  CMPSS2                00005ca0   00000020  00000000  00000020  RWIX
  CMPSS3                00005cc0   00000020  00000000  00000020  RWIX
  CMPSS4                00005ce0   00000020  00000000  00000020  RWIX
  CMPSS5                00005d00   00000020  00000000  00000020  RWIX
  CMPSS6                00005d20   00000020  00000000  00000020  RWIX
  CMPSS7                00005d40   00000020  00000000  00000020  RWIX
  SDFM1                 00005e00   00000070  00000000  00000070  RWIX
  SPIA                  00006100   00000010  00000000  00000010  RWIX
  SPIB                  00006110   00000010  00000000  00000010  RWIX
  CLAPROMCRC0           000061c0   00000020  00000000  00000020  RWIX
  PMBUSA                00006400   00000020  00000000  00000020  RWIX
  FSITXA                00006600   00000050  00000000  00000050  RWIX
  FSIRXA                00006680   00000050  00000000  00000050  RWIX
  LINA                  00006a00   000000ec  00000000  000000ec  RWIX
  WD                    00007000   0000002c  00000000  0000002c  RWIX
  NMIINTRUPT            00007060   00000008  00000000  00000008  RWIX
  XINT                  00007070   0000000c  00000000  0000000c  RWIX
  SCIA                  00007200   00000010  00000000  00000010  RWIX
  SCIB                  00007210   00000010  00000000  00000010  RWIX
  I2CA                  00007300   00000022  00000000  00000022  RWIX
  ADCA                  00007400   00000080  00000000  00000080  RWIX
  ADCB                  00007480   00000080  00000000  00000080  RWIX
  ADCC                  00007500   00000080  00000000  00000080  RWIX
  INPUTXBAR             00007900   00000020  00000000  00000020  RWIX
  XBAR                  00007920   00000020  00000000  00000020  RWIX
  SYNCSOC               00007940   00000006  00000000  00000006  RWIX
  DMACLASRCSEL          00007980   0000001a  00000000  0000001a  RWIX
  EPWMXBAR              00007a00   00000040  00000000  00000040  RWIX
  CLBXBAR               00007a40   00000040  00000000  00000040  RWIX
  OUTPUTXBAR            00007a80   00000040  00000000  00000040  RWIX
  GPIOCTRL              00007c00   00000200  00000000  00000200  RWIX
  GPIODATA              00007f00   00000040  00000000  00000040  RWIX
  RAMLS5                0000a800   00000800  000003a7  00000459  RWIX
  RAMLS6                0000b000   00000800  00000000  00000800  RWIX
  RAMLS7                0000b800   00000800  00000000  00000800  RWIX
  RAMGS0                0000c000   00002000  00000000  00002000  RWIX
  RAMGS1                0000e000   00002000  00000000  00002000  RWIX
  RAMGS2                00010000   00002000  00000000  00002000  RWIX
  RAMGS3                00012000   00001ff8  00000000  00001ff8  RWIX
  CANA                  00048000   00000200  00000000  00000200  RWIX
  CANB                  0004a000   00000200  00000000  00000200  RWIX
  DEVCFG                0005d000   00000180  00000000  00000180  RWIX
  CLKCFG                0005d200   00000036  00000000  00000036  RWIX
  CPUSYS                0005d300   00000082  00000000  00000082  RWIX
  SYSPERIPHAC           0005d500   00000200  00000000  00000200  RWIX
  ANALOGSUBSYS          0005d700   00000090  00000000  00000090  RWIX
  DCC0                  0005e700   0000002c  00000000  0000002c  RWIX
  ERADGLOBAL            0005e800   00000014  00000000  00000014  RWIX
  ERADHWBP1             0005e900   00000008  00000000  00000008  RWIX
  ERADHWBP2             0005e908   00000008  00000000  00000008  RWIX
  ERADHWBP3             0005e910   00000008  00000000  00000008  RWIX
  ERADHWBP4             0005e918   00000008  00000000  00000008  RWIX
  ERADHWBP5             0005e920   00000008  00000000  00000008  RWIX
  ERADHWBP6             0005e928   00000008  00000000  00000008  RWIX
  ERADHWBP7             0005e930   00000008  00000000  00000008  RWIX
  ERADHWBP8             0005e938   00000008  00000000  00000008  RWIX
  ERADCOUNTER1          0005e980   00000010  00000000  00000010  RWIX
  ERADCOUNTER2          0005e990   00000010  00000000  00000010  RWIX
  ERADCOUNTER3          0005e9a0   00000010  00000000  00000010  RWIX
  ERADCOUNTER4          0005e9b0   00000010  00000000  00000010  RWIX
  DCSMBANK0Z1           0005f000   00000024  00000000  00000024  RWIX
  DCSMBANK0Z2           0005f040   00000024  00000000  00000024  RWIX
  DCSMCOMMON            0005f070   00000010  00000000  00000010  RWIX
  DCSMBANK1Z1           0005f100   00000024  00000000  00000024  RWIX
  DCSMBANK1Z2           0005f140   00000024  00000000  00000024  RWIX
  MEMCFG                0005f400   00000080  00000000  00000080  RWIX
  ACCESSPROTECTION      0005f4c0   00000040  00000000  00000040  RWIX
  MEMORYERROR           0005f500   00000040  00000000  00000040  RWIX
  FLASH0CTRL            0005f800   00000182  00000000  00000182  RWIX
  FLASH0ECC             0005fb00   00000028  00000000  00000028  RWIX


SECTION ALLOCATION MAP

 output                                  attributes/
section   page    origin      length       input sections
--------  ----  ----------  ----------   ----------------
codestart 
*          0    00000000    00000002     
                  00000000    00000002     f28004x_codestartbranch.obj (codestart)

.TI.ramfunc 
*          0    000000f6    00000004     
                  000000f6    00000004     sysctl.obj (.TI.ramfunc)

.cinit     0    000000fa    00000012     
                  000000fa    00000009     (.cinit..data.load) [load image, compression = lzss]
                  00000103    00000001     --HOLE-- [fill = 0]
                  00000104    00000004     (__TI_handler_table)
                  00000108    00000004     (__TI_cinit_table)

.reset     0    003fffc0    00000000     DSECT

.stack     1    00000400    00000200     UNINITIALIZED
                  00000400    00000200     --HOLE--

.init_array 
*          0    000000f6    00000000     UNINITIALIZED

.const     1    0000a800    0000039c     
                  0000a800    000001c0     f28004x_pievect.obj (.const)
                  0000a9c0    00000084     rts2800_fpu32_eabi.lib : k_rem_pio2.c.obj (.const:ipio2)
                  0000aa44    0000003c                            : k_cos.c.obj (.const)
                  0000aa80    00000064                            : e_rem_pio2.c.obj (.const)
                  0000aae4    0000001c                            : s_scalbn.c.obj (.const)
                  0000ab00    00000038                            : k_sin.c.obj (.const)
                  0000ab38    00000004                            : k_rem_pio2.c.obj (.const:init_jk)
                  0000ab3c    00000004     main.obj (.const)
                  0000ab40    0000002c     rts2800_fpu32_eabi.lib : k_rem_pio2.c.obj (.const)
                  0000ab6c    00000020                            : k_rem_pio2.c.obj (.const:PIo2)
                  0000ab8c    0000000c                            : s_floor.c.obj (.const)
                  0000ab98    00000004                            : s_cos.c.obj (.const)

.data      1    0000ab9c    0000000b     UNINITIALIZED
                  0000ab9c    00000006     rts2800_fpu32_eabi.lib : exit.c.obj (.data)
                  0000aba2    00000002                            : _lock.c.obj (.data:_lock)
                  0000aba4    00000002                            : _lock.c.obj (.data:_unlock)
                  0000aba6    00000001                            : errno.c.obj (.data)

b0_dcsm_otp_z1_linkpointer 
*          0    00000000    00000000     

b0_dcsm_otp_z1_gpreg 
*          0    00000000    00000000     

b0_dcsm_otp_z1_pswdlock 
*          0    00000000    00000000     

b0_dcsm_otp_z1_crclock 
*          0    00000000    00000000     

b0_dcsm_otp_z1_bootctrl 
*          0    00000000    00000000     

b0_dcsm_zsel_z1 
*          0    00000000    00000000     

b1_dcsm_otp_z1_linkpointer 
*          0    00000000    00000000     

b1_dcsm_zsel_z1 
*          0    00000000    00000000     

b0_dcsm_otp_z2_linkpointer 
*          0    00000000    00000000     

b0_dcsm_otp_z2_gpreg 
*          0    00000000    00000000     

b0_dcsm_otp_z2_pswdlock 
*          0    00000000    00000000     

b0_dcsm_otp_z2_crclock 
*          0    00000000    00000000     

b0_dcsm_otp_z2_bootctrl 
*          0    00000000    00000000     

b0_dcsm_zsel_z2 
*          0    00000000    00000000     

b1_dcsm_otp_z2_linkpointer 
*          0    00000000    00000000     

b1_dcsm_zsel_z2 
*          0    00000000    00000000     

.text.1    0    00008000    00000800     
                  00008000    0000067c     rts2800_fpu32_eabi.lib : k_rem_pio2.c.obj (.text)
                  0000867c    00000173     interrupt.obj (.text)
                  000087ef    0000000e     rts2800_fpu32_eabi.lib : fd_sub28.asm.obj (.text)
                  000087fd    00000002                            : pre_init.c.obj (.text)
                  000087ff    00000001                            : startup.c.obj (.text)

.text.2    0    00008800    000007fd     
                  00008800    000004b3     f28004x_defaultisr.obj (.text:retain)
                  00008cb3    000001eb     gpio.obj (.text)
                  00008e9e    00000125     rts2800_fpu32_eabi.lib : k_sin.c.obj (.text)
                  00008fc3    0000002e                            : copy_decompress_lzss.c.obj (.text:decompress:lzss)
                  00008ff1    0000000c                            : args_main.c.obj (.text)

.text.3    0    00009000    00000800     
                  00009000    00000431     rts2800_fpu32_eabi.lib : e_rem_pio2.c.obj (.text)
                  00009431    0000035a     dcc.obj (.text)
                  0000978b    0000004b     main.obj (.text)
                  000097d6    0000002a     interrupt.obj (.text:retain)

.text.4    0    00009800    00000800     
                  00009800    00000403     sysctl.obj (.text)
                  00009c03    000001df     device.obj (.text)
                  00009de2    00000113     rts2800_fpu32_eabi.lib : k_cos.c.obj (.text)
                  00009ef5    000000e8                            : s_floor.c.obj (.text)
                  00009fdd    00000023                            : fd_tofsfpu32.asm.obj (.text)

.text.5    0    0000a000    00000439     
                  0000a000    000000ce     rts2800_fpu32_eabi.lib : s_cos.c.obj (.text)
                  0000a0ce    000000a9                            : s_scalbn.c.obj (.text)
                  0000a177    0000009c                            : fd_add28.asm.obj (.text)
                  0000a213    00000083                            : fd_mpy28.asm.obj (.text)
                  0000a296    0000002b                            : autoinit.c.obj (.text:__TI_auto_init_nobinit_nopinit)
                  0000a2c1    0000002a                            : fd_cmp28.asm.obj (.text)
                  0000a2eb    00000029                            : exit.c.obj (.text)
                  0000a314    00000024                            : s_copysign.c.obj (.text)
                  0000a338    00000022                            : i_div28.asm.obj (.text)
                  0000a35a    00000021                            : fd_toi28.asm.obj (.text)
                  0000a37b    0000001f                            : fd_tol28.asm.obj (.text)
                  0000a39a    0000001d                            : memcpy.c.obj (.text)
                  0000a3b7    0000001c                            : l_tofd28.asm.obj (.text)
                  0000a3d3    00000018                            : ll_aox28.asm.obj (.text)
                  0000a3eb    00000017                            : boot28.asm.obj (.text)
                  0000a402    00000015     led.obj (.text)
                  0000a417    00000009     rts2800_fpu32_eabi.lib : _lock.c.obj (.text)
                  0000a420    00000009                            : fd_neg28.asm.obj (.text)
                  0000a429    00000008                            : copy_decompress_none.c.obj (.text:decompress:none)
                  0000a431    00000008     f28004x_codestartbranch.obj (.text)

MODULE SUMMARY

       Module                        code   ro data   rw data
       ------                        ----   -------   -------
    .\3.device\source\
       sysctl.obj                    1031   0         0      
       dcc.obj                       858    0         0      
       gpio.obj                      491    0         0      
       interrupt.obj                 413    0         0      
    +--+-----------------------------+------+---------+---------+
       Total:                        2793   0         0      
                                                             
    .\4.common\source\
       f28004x_defaultisr.obj        1203   0         0      
       device.obj                    479    0         0      
       f28004x_pievect.obj           0      448       0      
       f28004x_codestartbranch.obj   10     0         0      
    +--+-----------------------------+------+---------+---------+
       Total:                        1692   448       0      
                                                             
    .\6.user\
       main.obj                      75     4         0      
       led.obj                       21     0         0      
    +--+-----------------------------+------+---------+---------+
       Total:                        96     4         0      
                                                             
    ../2.math_lib/rts2800_fpu32_eabi.lib
       exit.c.obj                    41     0         6      
       copy_decompress_lzss.c.obj    46     0         0      
       autoinit.c.obj                43     0         0      
       memcpy.c.obj                  29     0         0      
       boot28.asm.obj                23     0         0      
       _lock.c.obj                   9      0         4      
       args_main.c.obj               12     0         0      
       copy_decompress_none.c.obj    8      0         0      
       pre_init.c.obj                2      0         0      
       startup.c.obj                 1      0         0      
    +--+-----------------------------+------+---------+---------+
       Total:                        214    0         10     
                                                             
    D:\ti\ccs1250\ccs\tools\compiler\ti-cgt-c2000_22.6.1.LTS\lib\rts2800_fpu32_eabi.lib
       k_rem_pio2.c.obj              1660   212       0      
       e_rem_pio2.c.obj              1073   100       0      
       k_sin.c.obj                   293    56        0      
       k_cos.c.obj                   275    60        0      
       s_floor.c.obj                 232    12        0      
       s_cos.c.obj                   206    4         0      
       s_scalbn.c.obj                169    28        0      
       fd_add28.asm.obj              156    0         0      
       fd_mpy28.asm.obj              131    0         0      
       fd_cmp28.asm.obj              42     0         0      
       s_copysign.c.obj              36     0         0      
       fd_tofsfpu32.asm.obj          35     0         0      
       i_div28.asm.obj               34     0         0      
       fd_toi28.asm.obj              33     0         0      
       fd_tol28.asm.obj              31     0         0      
       l_tofd28.asm.obj              28     0         0      
       ll_aox28.asm.obj              24     0         0      
       fd_sub28.asm.obj              14     0         0      
       fd_neg28.asm.obj              9      0         0      
       errno.c.obj                   0      0         1      
    +--+-----------------------------+------+---------+---------+
       Total:                        4481   472       1      
                                                             
       Stack:                        0      0         512    
       Linker Generated:             0      17        0      
    +--+-----------------------------+------+---------+---------+
       Grand Total:                  9276   941       523    


LINKER GENERATED COPY TABLES

__TI_cinit_table @ 00000108 records: 1, size/record: 4, table size: 4
	.data: load addr=000000fa, load size=00000009 bytes, run addr=0000ab9c, run size=0000000b bytes, compression=lzss


LINKER GENERATED HANDLER TABLE

__TI_handler_table @ 00000104 records: 2, size/record: 2, table size: 4
	index: 0, handler: __TI_decompress_lzss
	index: 1, handler: __TI_decompress_none


GLOBAL DATA SYMBOLS: SORTED BY DATA PAGE

address     data page           name
--------    ----------------    ----
00000400      10 (00000400)     __stack

0000a800     2a0 (0000a800)     PieVectTableInit

0000ab9c     2ae (0000ab80)     __TI_enable_exit_profile_output
0000ab9e     2ae (0000ab80)     __TI_cleanup_ptr
0000aba0     2ae (0000ab80)     __TI_dtors_ptr
0000aba2     2ae (0000ab80)     _lock
0000aba4     2ae (0000ab80)     _unlock
0000aba6     2ae (0000ab80)     errno


GLOBAL SYMBOLS: SORTED ALPHABETICALLY BY Name 

page  address   name                             
----  -------   ----                             
0     000088be  ADCA1_ISR                        
0     00008ae4  ADCA2_ISR                        
0     00008aee  ADCA3_ISR                        
0     00008af8  ADCA4_ISR                        
0     00008ada  ADCA_EVT_ISR                     
0     000088c8  ADCB1_ISR                        
0     00008b0c  ADCB2_ISR                        
0     00008b16  ADCB3_ISR                        
0     00008b20  ADCB4_ISR                        
0     00008b02  ADCB_EVT_ISR                     
0     000088d2  ADCC1_ISR                        
0     00008c38  ADCC2_ISR                        
0     00008c42  ADCC3_ISR                        
0     00008c4c  ADCC4_ISR                        
0     00008c2e  ADCC_EVT_ISR                     
0     0000a2eb  C$$EXIT                          
0     00008ab2  CANA0_ISR                        
0     00008abc  CANA1_ISR                        
0     00008ac6  CANB0_ISR                        
0     00008ad0  CANB1_ISR                        
0     00008c06  CLA1PROMCRC_ISR                  
0     00008b2a  CLA1_1_ISR                       
0     00008b34  CLA1_2_ISR                       
0     00008b3e  CLA1_3_ISR                       
0     00008b48  CLA1_4_ISR                       
0     00008b52  CLA1_5_ISR                       
0     00008b5c  CLA1_6_ISR                       
0     00008b66  CLA1_7_ISR                       
0     00008b70  CLA1_8_ISR                       
0     00008c7e  CLA_OVERFLOW_ISR                 
0     00008c88  CLA_UNDERFLOW_ISR                
0     00008814  DATALOG_ISR                      
0     000096cf  DCC_continuousMonitor            
0     00009532  DCC_getRevisionNumber            
0     0000961b  DCC_measureClockFrequency        
0     00009546  DCC_verifyClockFrequency         
0     00008a3a  DMA_CH1_ISR                      
0     00008a44  DMA_CH2_ISR                      
0     00008a4e  DMA_CH3_ISR                      
0     00008a58  DMA_CH4_ISR                      
0     00008a62  DMA_CH5_ISR                      
0     00008a6c  DMA_CH6_ISR                      
0     00009cb8  Device_enableAllPeripherals      
0     00009c8b  Device_init                      
0     00009d98  Device_initGPIO                  
0     00009da8  Device_verifyXTAL                
0     000089a4  ECAP1_ISR                        
0     000089ae  ECAP2_ISR                        
0     000089b8  ECAP3_ISR                        
0     000089c2  ECAP4_ISR                        
0     000089cc  ECAP5_ISR                        
0     000089ea  ECAP6_2_ISR                      
0     000089d6  ECAP6_ISR                        
0     000089f4  ECAP7_2_ISR                      
0     000089e0  ECAP7_ISR                        
0     00008c9c  EMPTY_ISR                        
0     00008828  EMU_ISR                          
0     00008954  EPWM1_ISR                        
0     00008904  EPWM1_TZ_ISR                     
0     0000895e  EPWM2_ISR                        
0     0000890e  EPWM2_TZ_ISR                     
0     00008968  EPWM3_ISR                        
0     00008918  EPWM3_TZ_ISR                     
0     00008972  EPWM4_ISR                        
0     00008922  EPWM4_TZ_ISR                     
0     0000897c  EPWM5_ISR                        
0     0000892c  EPWM5_TZ_ISR                     
0     00008986  EPWM6_ISR                        
0     00008936  EPWM6_TZ_ISR                     
0     00008990  EPWM7_ISR                        
0     00008940  EPWM7_TZ_ISR                     
0     0000899a  EPWM8_ISR                        
0     0000894a  EPWM8_TZ_ISR                     
0     000089fe  EQEP1_ISR                        
0     00008a08  EQEP2_ISR                        
0     00008c60  FLASH_CORRECTABLE_ERROR_ISR      
0     00008b98  FPU_OVERFLOW_ISR                 
0     00008ba2  FPU_UNDERFLOW_ISR                
0     00008bf2  FSIRXA1_ISR                      
0     00008bfc  FSIRXA2_ISR                      
0     00008bde  FSITXA1_ISR                      
0     00008be8  FSITXA2_ISR                      
0     00008ce7  GPIO_getDirectionMode            
0     00008d70  GPIO_getPadConfig                
0     00008dd0  GPIO_getQualificationMode        
0     00008e3f  GPIO_setAnalogMode               
0     00008e13  GPIO_setControllerCore           
0     00008cc0  GPIO_setDirectionMode            
0     00008cfd  GPIO_setInterruptPin             
0     00008d28  GPIO_setPadConfig                
0     00008e67  GPIO_setPinConfig                
0     00008da4  GPIO_setQualificationMode        
0     00008df1  GPIO_setQualificationPeriod      
0     00008a80  I2CA_FIFO_ISR                    
0     00008a76  I2CA_ISR                         
0     0000883c  ILLEGAL_ISR                      
0     000097d6  Interrupt_defaultHandler         
0     000087a1  Interrupt_disable                
0     0000876a  Interrupt_enable                 
0     000097ec  Interrupt_illegalOperationHandler
0     0000870f  Interrupt_initModule             
0     0000874c  Interrupt_initVectorTable        
0     000097f6  Interrupt_nmiHandler             
0     0000a402  LED_Init                         
0     00008c10  LINA_0_ISR                       
0     00008c1a  LINA_1_ISR                       
0     00008832  NMI_ISR                          
0     00008ca9  NOTUSED_ISR                      
0     00008c92  PIE_RESERVED_ISR                 
0     00008c24  PMBUSA_ISR                       
1     0000a800  PieVectTableInit                 
0     00008c6a  RAM_ACCESS_VIOLATION_ISR         
0     00008c56  RAM_CORRECTABLE_ERROR_ISR        
0     0000881e  RTOS_ISR                         
0     00008a8a  SCIA_RX_ISR                      
0     00008a94  SCIA_TX_ISR                      
0     00008a9e  SCIB_RX_ISR                      
0     00008aa8  SCIB_TX_ISR                      
0     00008bb6  SD1DR1_ISR                       
0     00008bc0  SD1DR2_ISR                       
0     00008bca  SD1DR3_ISR                       
0     00008bd4  SD1DR4_ISR                       
0     00008bac  SD1_ISR                          
0     00008a12  SPIA_RX_ISR                      
0     00008a1c  SPIA_TX_ISR                      
0     00008a26  SPIB_RX_ISR                      
0     00008a30  SPIB_TX_ISR                      
0     00008c74  SYS_PLL_SLIP_ISR                 
0     000000f6  SysCtl_delay                     
0     00009937  SysCtl_getClock                  
0     00009aeb  SysCtl_getDeviceParametric       
0     00009ad1  SysCtl_getLowSpeedClock          
0     00009b46  SysCtl_isPLLValid                
0     00009a9f  SysCtl_selectOscSource           
0     00009a49  SysCtl_selectXTAL                
0     00009a7f  SysCtl_selectXTALSingleEnded     
0     00009995  SysCtl_setClock                  
0     000088f0  TIMER0_ISR                       
0     00008800  TIMER1_ISR                       
0     0000880a  TIMER2_ISR                       
0     000088a0  USER10_ISR                       
0     000088aa  USER11_ISR                       
0     000088b4  USER12_ISR                       
0     00008846  USER1_ISR                        
0     00008850  USER2_ISR                        
0     0000885a  USER3_ISR                        
0     00008864  USER4_ISR                        
0     0000886e  USER5_ISR                        
0     00008878  USER6_ISR                        
0     00008882  USER7_ISR                        
0     0000888c  USER8_ISR                        
0     00008896  USER9_ISR                        
0     000088fa  WAKE_ISR                         
0     000088dc  XINT1_ISR                        
0     000088e6  XINT2_ISR                        
0     00008b7a  XINT3_ISR                        
0     00008b84  XINT4_ISR                        
0     00008b8e  XINT5_ISR                        
0     00000108  __TI_CINIT_Base                  
0     0000010c  __TI_CINIT_Limit                 
0     0000010c  __TI_CINIT_Warm                  
0     00000104  __TI_Handler_Table_Base          
0     00000108  __TI_Handler_Table_Limit         
1     00000600  __TI_STACK_END                   
abs   00000200  __TI_STACK_SIZE                  
0     0000a296  __TI_auto_init_nobinit_nopinit   
1     0000ab9e  __TI_cleanup_ptr                 
0     00008fc3  __TI_decompress_lzss             
0     0000a429  __TI_decompress_none             
1     0000aba0  __TI_dtors_ptr                   
1     0000ab9c  __TI_enable_exit_profile_output  
abs   ffffffff  __TI_pprof_out_hndl              
abs   ffffffff  __TI_prof_data_size              
abs   ffffffff  __TI_prof_data_start             
0     0000a177  __c28xabi_addd                   
0     0000a3d3  __c28xabi_andll                  
0     0000a2c1  __c28xabi_cmpd                   
0     0000a338  __c28xabi_divi                   
0     00009fdd  __c28xabi_dtof                   
0     0000a35a  __c28xabi_dtoi                   
0     0000a37b  __c28xabi_dtol                   
0     0000a3b7  __c28xabi_ltod                   
0     0000a349  __c28xabi_modi                   
0     0000a213  __c28xabi_mpyd                   
0     0000a420  __c28xabi_negd                   
0     0000a3db  __c28xabi_orll                   
0     000087ef  __c28xabi_subd                   
0     0000a3e3  __c28xabi_xorll                  
n/a   UNDEFED   __c_args__                       
0     00009ddb  __error__                        
0     00009de2  __kernel_cos                     
0     00008000  __kernel_rem_pio2                
0     00008e9e  __kernel_sin                     
0     00009000  __rem_pio2                       
1     00000400  __stack                          
0     00008ff1  _args_main                       
0     0000a3eb  _c_int00                         
1     0000aba2  _lock                            
0     0000a41f  _nop                             
0     0000a41b  _register_lock                   
0     0000a417  _register_unlock                 
0     000087ff  _system_post_cinit               
0     000087fd  _system_pre_init                 
1     0000aba4  _unlock                          
0     0000a2eb  abort                            
0     00000000  code_start                       
0     0000a314  copysign                         
0     0000a314  copysignl                        
0     0000a000  cos                              
0     0000a000  cosl                             
1     0000aba6  errno                            
0     0000a2ed  exit                             
0     00009ef5  floor                            
0     00009ef5  floorl                           
0     0000a0ce  ldexp                            
0     0000a0ce  ldexpl                           
0     0000979f  main                             
0     0000a39a  memcpy                           
0     0000a0ce  scalbn                           
0     0000a0ce  scalbnl                          


GLOBAL SYMBOLS: SORTED BY Symbol Address 

page  address   name                             
----  -------   ----                             
0     00000000  code_start                       
0     000000f6  SysCtl_delay                     
0     00000104  __TI_Handler_Table_Base          
0     00000108  __TI_CINIT_Base                  
0     00000108  __TI_Handler_Table_Limit         
0     0000010c  __TI_CINIT_Limit                 
0     0000010c  __TI_CINIT_Warm                  
0     00008000  __kernel_rem_pio2                
0     0000870f  Interrupt_initModule             
0     0000874c  Interrupt_initVectorTable        
0     0000876a  Interrupt_enable                 
0     000087a1  Interrupt_disable                
0     000087ef  __c28xabi_subd                   
0     000087fd  _system_pre_init                 
0     000087ff  _system_post_cinit               
0     00008800  TIMER1_ISR                       
0     0000880a  TIMER2_ISR                       
0     00008814  DATALOG_ISR                      
0     0000881e  RTOS_ISR                         
0     00008828  EMU_ISR                          
0     00008832  NMI_ISR                          
0     0000883c  ILLEGAL_ISR                      
0     00008846  USER1_ISR                        
0     00008850  USER2_ISR                        
0     0000885a  USER3_ISR                        
0     00008864  USER4_ISR                        
0     0000886e  USER5_ISR                        
0     00008878  USER6_ISR                        
0     00008882  USER7_ISR                        
0     0000888c  USER8_ISR                        
0     00008896  USER9_ISR                        
0     000088a0  USER10_ISR                       
0     000088aa  USER11_ISR                       
0     000088b4  USER12_ISR                       
0     000088be  ADCA1_ISR                        
0     000088c8  ADCB1_ISR                        
0     000088d2  ADCC1_ISR                        
0     000088dc  XINT1_ISR                        
0     000088e6  XINT2_ISR                        
0     000088f0  TIMER0_ISR                       
0     000088fa  WAKE_ISR                         
0     00008904  EPWM1_TZ_ISR                     
0     0000890e  EPWM2_TZ_ISR                     
0     00008918  EPWM3_TZ_ISR                     
0     00008922  EPWM4_TZ_ISR                     
0     0000892c  EPWM5_TZ_ISR                     
0     00008936  EPWM6_TZ_ISR                     
0     00008940  EPWM7_TZ_ISR                     
0     0000894a  EPWM8_TZ_ISR                     
0     00008954  EPWM1_ISR                        
0     0000895e  EPWM2_ISR                        
0     00008968  EPWM3_ISR                        
0     00008972  EPWM4_ISR                        
0     0000897c  EPWM5_ISR                        
0     00008986  EPWM6_ISR                        
0     00008990  EPWM7_ISR                        
0     0000899a  EPWM8_ISR                        
0     000089a4  ECAP1_ISR                        
0     000089ae  ECAP2_ISR                        
0     000089b8  ECAP3_ISR                        
0     000089c2  ECAP4_ISR                        
0     000089cc  ECAP5_ISR                        
0     000089d6  ECAP6_ISR                        
0     000089e0  ECAP7_ISR                        
0     000089ea  ECAP6_2_ISR                      
0     000089f4  ECAP7_2_ISR                      
0     000089fe  EQEP1_ISR                        
0     00008a08  EQEP2_ISR                        
0     00008a12  SPIA_RX_ISR                      
0     00008a1c  SPIA_TX_ISR                      
0     00008a26  SPIB_RX_ISR                      
0     00008a30  SPIB_TX_ISR                      
0     00008a3a  DMA_CH1_ISR                      
0     00008a44  DMA_CH2_ISR                      
0     00008a4e  DMA_CH3_ISR                      
0     00008a58  DMA_CH4_ISR                      
0     00008a62  DMA_CH5_ISR                      
0     00008a6c  DMA_CH6_ISR                      
0     00008a76  I2CA_ISR                         
0     00008a80  I2CA_FIFO_ISR                    
0     00008a8a  SCIA_RX_ISR                      
0     00008a94  SCIA_TX_ISR                      
0     00008a9e  SCIB_RX_ISR                      
0     00008aa8  SCIB_TX_ISR                      
0     00008ab2  CANA0_ISR                        
0     00008abc  CANA1_ISR                        
0     00008ac6  CANB0_ISR                        
0     00008ad0  CANB1_ISR                        
0     00008ada  ADCA_EVT_ISR                     
0     00008ae4  ADCA2_ISR                        
0     00008aee  ADCA3_ISR                        
0     00008af8  ADCA4_ISR                        
0     00008b02  ADCB_EVT_ISR                     
0     00008b0c  ADCB2_ISR                        
0     00008b16  ADCB3_ISR                        
0     00008b20  ADCB4_ISR                        
0     00008b2a  CLA1_1_ISR                       
0     00008b34  CLA1_2_ISR                       
0     00008b3e  CLA1_3_ISR                       
0     00008b48  CLA1_4_ISR                       
0     00008b52  CLA1_5_ISR                       
0     00008b5c  CLA1_6_ISR                       
0     00008b66  CLA1_7_ISR                       
0     00008b70  CLA1_8_ISR                       
0     00008b7a  XINT3_ISR                        
0     00008b84  XINT4_ISR                        
0     00008b8e  XINT5_ISR                        
0     00008b98  FPU_OVERFLOW_ISR                 
0     00008ba2  FPU_UNDERFLOW_ISR                
0     00008bac  SD1_ISR                          
0     00008bb6  SD1DR1_ISR                       
0     00008bc0  SD1DR2_ISR                       
0     00008bca  SD1DR3_ISR                       
0     00008bd4  SD1DR4_ISR                       
0     00008bde  FSITXA1_ISR                      
0     00008be8  FSITXA2_ISR                      
0     00008bf2  FSIRXA1_ISR                      
0     00008bfc  FSIRXA2_ISR                      
0     00008c06  CLA1PROMCRC_ISR                  
0     00008c10  LINA_0_ISR                       
0     00008c1a  LINA_1_ISR                       
0     00008c24  PMBUSA_ISR                       
0     00008c2e  ADCC_EVT_ISR                     
0     00008c38  ADCC2_ISR                        
0     00008c42  ADCC3_ISR                        
0     00008c4c  ADCC4_ISR                        
0     00008c56  RAM_CORRECTABLE_ERROR_ISR        
0     00008c60  FLASH_CORRECTABLE_ERROR_ISR      
0     00008c6a  RAM_ACCESS_VIOLATION_ISR         
0     00008c74  SYS_PLL_SLIP_ISR                 
0     00008c7e  CLA_OVERFLOW_ISR                 
0     00008c88  CLA_UNDERFLOW_ISR                
0     00008c92  PIE_RESERVED_ISR                 
0     00008c9c  EMPTY_ISR                        
0     00008ca9  NOTUSED_ISR                      
0     00008cc0  GPIO_setDirectionMode            
0     00008ce7  GPIO_getDirectionMode            
0     00008cfd  GPIO_setInterruptPin             
0     00008d28  GPIO_setPadConfig                
0     00008d70  GPIO_getPadConfig                
0     00008da4  GPIO_setQualificationMode        
0     00008dd0  GPIO_getQualificationMode        
0     00008df1  GPIO_setQualificationPeriod      
0     00008e13  GPIO_setControllerCore           
0     00008e3f  GPIO_setAnalogMode               
0     00008e67  GPIO_setPinConfig                
0     00008e9e  __kernel_sin                     
0     00008fc3  __TI_decompress_lzss             
0     00008ff1  _args_main                       
0     00009000  __rem_pio2                       
0     00009532  DCC_getRevisionNumber            
0     00009546  DCC_verifyClockFrequency         
0     0000961b  DCC_measureClockFrequency        
0     000096cf  DCC_continuousMonitor            
0     0000979f  main                             
0     000097d6  Interrupt_defaultHandler         
0     000097ec  Interrupt_illegalOperationHandler
0     000097f6  Interrupt_nmiHandler             
0     00009937  SysCtl_getClock                  
0     00009995  SysCtl_setClock                  
0     00009a49  SysCtl_selectXTAL                
0     00009a7f  SysCtl_selectXTALSingleEnded     
0     00009a9f  SysCtl_selectOscSource           
0     00009ad1  SysCtl_getLowSpeedClock          
0     00009aeb  SysCtl_getDeviceParametric       
0     00009b46  SysCtl_isPLLValid                
0     00009c8b  Device_init                      
0     00009cb8  Device_enableAllPeripherals      
0     00009d98  Device_initGPIO                  
0     00009da8  Device_verifyXTAL                
0     00009ddb  __error__                        
0     00009de2  __kernel_cos                     
0     00009ef5  floor                            
0     00009ef5  floorl                           
0     00009fdd  __c28xabi_dtof                   
0     0000a000  cos                              
0     0000a000  cosl                             
0     0000a0ce  ldexp                            
0     0000a0ce  ldexpl                           
0     0000a0ce  scalbn                           
0     0000a0ce  scalbnl                          
0     0000a177  __c28xabi_addd                   
0     0000a213  __c28xabi_mpyd                   
0     0000a296  __TI_auto_init_nobinit_nopinit   
0     0000a2c1  __c28xabi_cmpd                   
0     0000a2eb  C$$EXIT                          
0     0000a2eb  abort                            
0     0000a2ed  exit                             
0     0000a314  copysign                         
0     0000a314  copysignl                        
0     0000a338  __c28xabi_divi                   
0     0000a349  __c28xabi_modi                   
0     0000a35a  __c28xabi_dtoi                   
0     0000a37b  __c28xabi_dtol                   
0     0000a39a  memcpy                           
0     0000a3b7  __c28xabi_ltod                   
0     0000a3d3  __c28xabi_andll                  
0     0000a3db  __c28xabi_orll                   
0     0000a3e3  __c28xabi_xorll                  
0     0000a3eb  _c_int00                         
0     0000a402  LED_Init                         
0     0000a417  _register_unlock                 
0     0000a41b  _register_lock                   
0     0000a41f  _nop                             
0     0000a420  __c28xabi_negd                   
0     0000a429  __TI_decompress_none             
1     00000400  __stack                          
1     00000600  __TI_STACK_END                   
1     0000a800  PieVectTableInit                 
1     0000ab9c  __TI_enable_exit_profile_output  
1     0000ab9e  __TI_cleanup_ptr                 
1     0000aba0  __TI_dtors_ptr                   
1     0000aba2  _lock                            
1     0000aba4  _unlock                          
1     0000aba6  errno                            
abs   00000200  __TI_STACK_SIZE                  
abs   ffffffff  __TI_pprof_out_hndl              
abs   ffffffff  __TI_prof_data_size              
abs   ffffffff  __TI_prof_data_start             
n/a   UNDEFED   __c_args__                       

[220 symbols]
